Archive member included to satisfy reference by file (symbol)

c:/progra~2/gnuarm~1/102021~1.07/bin/../lib/gcc/arm-none-eabi/10.3.1/thumb/v6-m/nofp\libgcc.a(_dvmd_tls.o)
                              CMakeFiles/oled_i2c.dir/C_/Raspberry/Pico/pico-sdk/src/rp2_common/pico_divider/divider.S.obj (__aeabi_idiv0)
c:/progra~2/gnuarm~1/102021~1.07/bin/../lib/gcc/arm-none-eabi/10.3.1/../../../../arm-none-eabi/lib/thumb/v6-m/nofp\libg.a(lib_a-calloc.o)
                              CMakeFiles/oled_i2c.dir/C_/Raspberry/Pico/pico-sdk/src/rp2_common/pico_malloc/pico_malloc.c.obj (calloc)
c:/progra~2/gnuarm~1/102021~1.07/bin/../lib/gcc/arm-none-eabi/10.3.1/../../../../arm-none-eabi/lib/thumb/v6-m/nofp\libg.a(lib_a-callocr.o)
                              c:/progra~2/gnuarm~1/102021~1.07/bin/../lib/gcc/arm-none-eabi/10.3.1/../../../../arm-none-eabi/lib/thumb/v6-m/nofp\libg.a(lib_a-calloc.o) (_calloc_r)
c:/progra~2/gnuarm~1/102021~1.07/bin/../lib/gcc/arm-none-eabi/10.3.1/../../../../arm-none-eabi/lib/thumb/v6-m/nofp\libg.a(lib_a-ctype_.o)
                              CMakeFiles/oled_i2c.dir/C_/Raspberry/Pico/pico-sdk/lib/tinyusb/src/tusb.c.obj (_ctype_)
c:/progra~2/gnuarm~1/102021~1.07/bin/../lib/gcc/arm-none-eabi/10.3.1/../../../../arm-none-eabi/lib/thumb/v6-m/nofp\libg.a(lib_a-errno.o)
                              c:/progra~2/gnuarm~1/102021~1.07/bin/../lib/gcc/arm-none-eabi/10.3.1/../../../../arm-none-eabi/lib/thumb/v6-m/nofp\libg.a(lib_a-callocr.o) (__errno)
c:/progra~2/gnuarm~1/102021~1.07/bin/../lib/gcc/arm-none-eabi/10.3.1/../../../../arm-none-eabi/lib/thumb/v6-m/nofp\libg.a(lib_a-impure.o)
                              c:/progra~2/gnuarm~1/102021~1.07/bin/../lib/gcc/arm-none-eabi/10.3.1/../../../../arm-none-eabi/lib/thumb/v6-m/nofp\libg.a(lib_a-calloc.o) (_impure_ptr)
c:/progra~2/gnuarm~1/102021~1.07/bin/../lib/gcc/arm-none-eabi/10.3.1/../../../../arm-none-eabi/lib/thumb/v6-m/nofp\libg.a(lib_a-init.o)
                              c:/progra~2/gnuarm~1/102021~1.07/bin/../lib/gcc/arm-none-eabi/10.3.1/../../../../arm-none-eabi/lib/thumb/v6-m/nofp/crt0.o (__libc_init_array)
c:/progra~2/gnuarm~1/102021~1.07/bin/../lib/gcc/arm-none-eabi/10.3.1/../../../../arm-none-eabi/lib/thumb/v6-m/nofp\libg.a(lib_a-malloc.o)
                              CMakeFiles/oled_i2c.dir/C_/Raspberry/Pico/pico-sdk/src/rp2_common/pico_malloc/pico_malloc.c.obj (malloc)
c:/progra~2/gnuarm~1/102021~1.07/bin/../lib/gcc/arm-none-eabi/10.3.1/../../../../arm-none-eabi/lib/thumb/v6-m/nofp\libg.a(lib_a-mallocr.o)
                              c:/progra~2/gnuarm~1/102021~1.07/bin/../lib/gcc/arm-none-eabi/10.3.1/../../../../arm-none-eabi/lib/thumb/v6-m/nofp\libg.a(lib_a-callocr.o) (_malloc_r)
c:/progra~2/gnuarm~1/102021~1.07/bin/../lib/gcc/arm-none-eabi/10.3.1/../../../../arm-none-eabi/lib/thumb/v6-m/nofp\libg.a(lib_a-mlock.o)
                              c:/progra~2/gnuarm~1/102021~1.07/bin/../lib/gcc/arm-none-eabi/10.3.1/../../../../arm-none-eabi/lib/thumb/v6-m/nofp\libg.a(lib_a-mallocr.o) (__malloc_lock)
c:/progra~2/gnuarm~1/102021~1.07/bin/../lib/gcc/arm-none-eabi/10.3.1/../../../../arm-none-eabi/lib/thumb/v6-m/nofp\libg.a(lib_a-sbrkr.o)
                              c:/progra~2/gnuarm~1/102021~1.07/bin/../lib/gcc/arm-none-eabi/10.3.1/../../../../arm-none-eabi/lib/thumb/v6-m/nofp\libg.a(lib_a-mallocr.o) (_sbrk_r)
c:/progra~2/gnuarm~1/102021~1.07/bin/../lib/gcc/arm-none-eabi/10.3.1/../../../../arm-none-eabi/lib/thumb/v6-m/nofp\libg.a(lib_a-strlen-stub.o)
                              CMakeFiles/oled_i2c.dir/C_/Raspberry/Pico/pico-sdk/src/rp2_common/pico_stdio/stdio.c.obj (strlen)
c:/progra~2/gnuarm~1/102021~1.07/bin/../lib/gcc/arm-none-eabi/10.3.1/../../../../arm-none-eabi/lib/thumb/v6-m/nofp\libg.a(lib_a-freer.o)
                              c:/progra~2/gnuarm~1/102021~1.07/bin/../lib/gcc/arm-none-eabi/10.3.1/../../../../arm-none-eabi/lib/thumb/v6-m/nofp\libg.a(lib_a-malloc.o) (_free_r)
c:/progra~2/gnuarm~1/102021~1.07/bin/../lib/gcc/arm-none-eabi/10.3.1/../../../../arm-none-eabi/lib/thumb/v6-m/nofp\libg.a(lib_a-lock.o)
                              c:/progra~2/gnuarm~1/102021~1.07/bin/../lib/gcc/arm-none-eabi/10.3.1/../../../../arm-none-eabi/lib/thumb/v6-m/nofp\libg.a(lib_a-mlock.o) (__retarget_lock_acquire_recursive)
c:/progra~2/gnuarm~1/102021~1.07/bin/../lib/gcc/arm-none-eabi/10.3.1/../../../../arm-none-eabi/lib/thumb/v6-m/nofp\libg.a(lib_a-reent.o)
                              c:/progra~2/gnuarm~1/102021~1.07/bin/../lib/gcc/arm-none-eabi/10.3.1/../../../../arm-none-eabi/lib/thumb/v6-m/nofp\libg.a(lib_a-sbrkr.o) (errno)

Discarded input sections

 .text          0x00000000        0x0 c:/progra~2/gnuarm~1/102021~1.07/bin/../lib/gcc/arm-none-eabi/10.3.1/thumb/v6-m/nofp/crti.o
 .data          0x00000000        0x0 c:/progra~2/gnuarm~1/102021~1.07/bin/../lib/gcc/arm-none-eabi/10.3.1/thumb/v6-m/nofp/crti.o
[...]
Memory Configuration

Name             Origin             Length             Attributes
FLASH            0x10000000         0x00200000         xr
RAM              0x20000000         0x00040000         xrw
SCRATCH_X        0x20040000         0x00001000         xrw
SCRATCH_Y        0x20041000         0x00001000         xrw
*default*        0x00000000         0xffffffff

Linker script and memory map

LOAD c:/progra~2/gnuarm~1/102021~1.07/bin/../lib/gcc/arm-none-eabi/10.3.1/thumb/v6-m/nofp/crti.o
LOAD c:/progra~2/gnuarm~1/102021~1.07/bin/../lib/gcc/arm-none-eabi/10.3.1/thumb/v6-m/nofp/crtbegin.o
LOAD c:/progra~2/gnuarm~1/102021~1.07/bin/../lib/gcc/arm-none-eabi/10.3.1/../../../../arm-none-eabi/lib/thumb/v6-m/nofp/crt0.o

.flash_begin    0x10000000        0x0
                0x10000000                __flash_binary_start = .

.boot2          0x10000000      0x100
                0x10000000                __boot2_start__ = .
 *(.boot2)
 .boot2         0x10000000      0x100 C:\Users\Ivad\AppData\Local\Temp\cc6ho9gv.o
                0x10000100                __boot2_end__ = .
                0x00000001                ASSERT (((__boot2_end__ - __boot2_start__) == 0x100), ERROR: Pico second stage bootloader must be 256 bytes in size)

.text           0x10000100     0x7448
                0x10000100                __logical_binary_start = .
 *(.vectors)
 .vectors       0x10000100       0xd4 CMakeFiles/oled_i2c.dir/C_/Raspberry/Pico/pico-sdk/src/rp2_common/pico_standard_link/crt0.S.obj
                0x10000100                __VECTOR_TABLE
                0x10000100                __vectors
                0x100001c0                isr_invalid
                0x100001c0                __default_isrs_start
                0x100001c2                isr_nmi
                0x100001c4                isr_hardfault
                0x100001c6                isr_svcall
                0x100001c8                isr_pendsv
                0x100001ca                isr_systick
                0x100001cc                isr_irq23
                0x100001cc                isr_irq18
                0x100001cc                isr_irq11
                0x100001cc                isr_irq28
                0x100001cc                isr_irq19
                0x100001cc                isr_irq0
                0x100001cc                isr_irq6
                0x100001cc                isr_irq5
                0x100001cc                isr_irq12
                0x100001cc                isr_irq22
                0x100001cc                isr_irq31
                0x100001cc                isr_irq17
                0x100001cc                isr_irq27
                0x100001cc                isr_irq30
                0x100001cc                isr_irq2
                0x100001cc                isr_irq10
                0x100001cc                isr_irq8
                0x100001cc                isr_irq24
                0x100001cc                isr_irq1
                0x100001cc                isr_irq7
                0x100001cc                isr_irq21
                0x100001cc                isr_irq20
                0x100001cc                isr_irq15
                0x100001cc                isr_irq25
                0x100001cc                isr_irq13
                0x100001cc                __unhandled_user_irq
                0x100001cc                isr_irq4
                0x100001cc                isr_irq16
                0x100001cc                isr_irq29
                0x100001cc                isr_irq26
                0x100001cc                __default_isrs_end
                0x100001cc                isr_irq3
                0x100001cc                isr_irq14
                0x100001cc                isr_irq9
                0x100001d2                unhandled_user_irq_num_in_r0
 *(.binary_info_header)
 .binary_info_header
                0x100001d4       0x14 CMakeFiles/oled_i2c.dir/C_/Raspberry/Pico/pico-sdk/src/rp2_common/pico_standard_link/crt0.S.obj
                0x100001e8                __binary_info_header_end = .
 *(.reset)
 .reset         0x100001e8       0xa8 CMakeFiles/oled_i2c.dir/C_/Raspberry/Pico/pico-sdk/src/rp2_common/pico_standard_link/crt0.S.obj
                0x100001e8                _entry_point
                0x10000266                __get_current_exception
 .reset         0x10000290       0x30 CMakeFiles/oled_i2c.dir/C_/Raspberry/Pico/pico-sdk/src/rp2_common/pico_standard_link/binary_info.c.obj
 *(.init)
 .init          0x100002c0        0x4 c:/progra~2/gnuarm~1/102021~1.07/bin/../lib/gcc/arm-none-eabi/10.3.1/thumb/v6-m/nofp/crti.o
                0x100002c0                _init
 *(EXCLUDE_FILE(*libm.a: *libc.a:*lib_a-mem*.o *libgcc.a:) .text*)
 .text          0x100002c4       0x48 c:/progra~2/gnuarm~1/102021~1.07/bin/../lib/gcc/arm-none-eabi/10.3.1/thumb/v6-m/nofp/crtbegin.o
 .text.ssd1306_refresh
                0x1000030c       0x38 CMakeFiles/oled_i2c.dir/oled_i2c.c.obj
                0x1000030c                ssd1306_refresh
 .text.oled_send_command_list
                0x10000344       0x1c CMakeFiles/oled_i2c.dir/oled_i2c.c.obj
                0x10000344                oled_send_command_list
 .text.oled_init
                0x10000360       0x10 CMakeFiles/oled_i2c.dir/oled_i2c.c.obj
                0x10000360                oled_init
 .text.reserved_addr
                0x10000370       0x1a CMakeFiles/oled_i2c.dir/oled_i2c.c.obj
                0x10000370                reserved_addr
 *fill*         0x1000038a        0x2 
 .text.main     0x1000038c      0x130 CMakeFiles/oled_i2c.dir/oled_i2c.c.obj
                0x1000038c                main
 .text.gpio_set_function
                0x100004bc       0x30 CMakeFiles/oled_i2c.dir/C_/Raspberry/Pico/pico-sdk/src/rp2_common/hardware_gpio/gpio.c.obj
                0x100004bc                gpio_set_function
 .text.gpio_set_pulls
                0x100004ec       0x34 CMakeFiles/oled_i2c.dir/C_/Raspberry/Pico/pico-sdk/src/rp2_common/hardware_gpio/gpio.c.obj
                0x100004ec                gpio_set_pulls
 .text.hw_claim_lock
                0x10000520       0x18 CMakeFiles/oled_i2c.dir/C_/Raspberry/Pico/pico-sdk/src/rp2_common/hardware_claim/claim.c.obj
                0x10000520                hw_claim_lock
 .text.hw_claim_unlock
                0x10000538       0x14 CMakeFiles/oled_i2c.dir/C_/Raspberry/Pico/pico-sdk/src/rp2_common/hardware_claim/claim.c.obj
                0x10000538                hw_claim_unlock
 .text.hw_claim_or_assert
                0x1000054c       0x32 CMakeFiles/oled_i2c.dir/C_/Raspberry/Pico/pico-sdk/src/rp2_common/hardware_claim/claim.c.obj
                0x1000054c                hw_claim_or_assert
 .text.hw_claim_unused_from_range
                0x1000057e       0x50 CMakeFiles/oled_i2c.dir/C_/Raspberry/Pico/pico-sdk/src/rp2_common/hardware_claim/claim.c.obj
                0x1000057e                hw_claim_unused_from_range
 *fill*         0x100005ce        0x2 
 .text.running_on_fpga
                0x100005d0       0x14 CMakeFiles/oled_i2c.dir/C_/Raspberry/Pico/pico-sdk/src/rp2_common/pico_platform/platform.c.obj
                0x100005d0                running_on_fpga
 .text.spin_locks_reset
                0x100005e4       0x20 CMakeFiles/oled_i2c.dir/C_/Raspberry/Pico/pico-sdk/src/rp2_common/hardware_sync/sync.c.obj
                0x100005e4                spin_locks_reset
 .text.next_striped_spin_lock_num
                0x10000604       0x1c CMakeFiles/oled_i2c.dir/C_/Raspberry/Pico/pico-sdk/src/rp2_common/hardware_sync/sync.c.obj
                0x10000604                next_striped_spin_lock_num
 .text.spin_lock_claim_unused
                0x10000620       0x20 CMakeFiles/oled_i2c.dir/C_/Raspberry/Pico/pico-sdk/src/rp2_common/hardware_sync/sync.c.obj
                0x10000620                spin_lock_claim_unused
 .text.alarm_pool_post_alloc_init
                0x10000640       0x40 CMakeFiles/oled_i2c.dir/C_/Raspberry/Pico/pico-sdk/src/common/pico_time/time.c.obj
 .text.sleep_until_callback
                0x10000680       0x30 CMakeFiles/oled_i2c.dir/C_/Raspberry/Pico/pico-sdk/src/common/pico_time/time.c.obj
 .text.timer_pool_entry_comparator
                0x100006b0       0x7c CMakeFiles/oled_i2c.dir/C_/Raspberry/Pico/pico-sdk/src/common/pico_time/time.c.obj
                0x100006b0                timer_pool_entry_comparator
 .text.ph_add_child_node
                0x1000072c       0xa4 CMakeFiles/oled_i2c.dir/C_/Raspberry/Pico/pico-sdk/src/common/pico_time/time.c.obj
 .text.ph_merge_nodes
                0x100007d0       0x3e CMakeFiles/oled_i2c.dir/C_/Raspberry/Pico/pico-sdk/src/common/pico_time/time.c.obj
 *fill*         0x1000080e        0x2 
 .text.add_alarm_under_lock
                0x10000810      0x174 CMakeFiles/oled_i2c.dir/C_/Raspberry/Pico/pico-sdk/src/common/pico_time/time.c.obj
 .text.alarm_pool_alarm_callback
                0x10000984      0x328 CMakeFiles/oled_i2c.dir/C_/Raspberry/Pico/pico-sdk/src/common/pico_time/time.c.obj
 .text.alarm_pool_init_default
                0x10000cac       0x38 CMakeFiles/oled_i2c.dir/C_/Raspberry/Pico/pico-sdk/src/common/pico_time/time.c.obj
                0x10000cac                alarm_pool_init_default
 .text.alarm_pool_get_default
                0x10000ce4       0x2c CMakeFiles/oled_i2c.dir/C_/Raspberry/Pico/pico-sdk/src/common/pico_time/time.c.obj
                0x10000ce4                alarm_pool_get_default
 .text.alarm_pool_add_alarm_at
                0x10000d10      0x170 CMakeFiles/oled_i2c.dir/C_/Raspberry/Pico/pico-sdk/src/common/pico_time/time.c.obj
                0x10000d10                alarm_pool_add_alarm_at
 .text.alarm_pool_cancel_alarm
                0x10000e80       0xec CMakeFiles/oled_i2c.dir/C_/Raspberry/Pico/pico-sdk/src/common/pico_time/time.c.obj
                0x10000e80                alarm_pool_cancel_alarm
 .text.sleep_until
                0x10000f6c       0xfc CMakeFiles/oled_i2c.dir/C_/Raspberry/Pico/pico-sdk/src/common/pico_time/time.c.obj
                0x10000f6c                sleep_until
 .text.sleep_us
                0x10001068       0x58 CMakeFiles/oled_i2c.dir/C_/Raspberry/Pico/pico-sdk/src/common/pico_time/time.c.obj
                0x10001068                sleep_us
 .text.sleep_ms
                0x100010c0       0x14 CMakeFiles/oled_i2c.dir/C_/Raspberry/Pico/pico-sdk/src/common/pico_time/time.c.obj
                0x100010c0                sleep_ms
 .text.best_effort_wfe_or_timeout
                0x100010d4       0x80 CMakeFiles/oled_i2c.dir/C_/Raspberry/Pico/pico-sdk/src/common/pico_time/time.c.obj
                0x100010d4                best_effort_wfe_or_timeout
 .text.hardware_alarm_irq_handler
                0x10001154       0x8c CMakeFiles/oled_i2c.dir/C_/Raspberry/Pico/pico-sdk/src/rp2_common/hardware_timer/timer.c.obj
 .text.hardware_alarm_claim
                0x100011e0       0x18 CMakeFiles/oled_i2c.dir/C_/Raspberry/Pico/pico-sdk/src/rp2_common/hardware_timer/timer.c.obj
                0x100011e0                hardware_alarm_claim
 .text.time_us_64
                0x100011f8       0x18 CMakeFiles/oled_i2c.dir/C_/Raspberry/Pico/pico-sdk/src/rp2_common/hardware_timer/timer.c.obj
                0x100011f8                time_us_64
 .text.busy_wait_until
                0x10001210       0x28 CMakeFiles/oled_i2c.dir/C_/Raspberry/Pico/pico-sdk/src/rp2_common/hardware_timer/timer.c.obj
                0x10001210                busy_wait_until
 .text.hardware_alarm_set_callback
                0x10001238       0x90 CMakeFiles/oled_i2c.dir/C_/Raspberry/Pico/pico-sdk/src/rp2_common/hardware_timer/timer.c.obj
                0x10001238                hardware_alarm_set_callback
 .text.hardware_alarm_set_target
                0x100012c8       0xe8 CMakeFiles/oled_i2c.dir/C_/Raspberry/Pico/pico-sdk/src/rp2_common/hardware_timer/timer.c.obj
                0x100012c8                hardware_alarm_set_target
 .text.hardware_alarm_cancel
                0x100013b0       0x40 CMakeFiles/oled_i2c.dir/C_/Raspberry/Pico/pico-sdk/src/rp2_common/hardware_timer/timer.c.obj
                0x100013b0                hardware_alarm_cancel
 .text.lock_init
                0x100013f0       0x10 CMakeFiles/oled_i2c.dir/C_/Raspberry/Pico/pico-sdk/src/common/pico_sync/lock_core.c.obj
                0x100013f0                lock_init
 .text.mutex_init_internal
                0x10001400       0x1e CMakeFiles/oled_i2c.dir/C_/Raspberry/Pico/pico-sdk/src/common/pico_sync/mutex.c.obj
 .text.mutex_init
                0x1000141e        0xa CMakeFiles/oled_i2c.dir/C_/Raspberry/Pico/pico-sdk/src/common/pico_sync/mutex.c.obj
                0x1000141e                mutex_init
 .text.recursive_mutex_init
                0x10001428        0xa CMakeFiles/oled_i2c.dir/C_/Raspberry/Pico/pico-sdk/src/common/pico_sync/mutex.c.obj
                0x10001428                recursive_mutex_init
 *fill*         0x10001432        0x2 
 .text.critical_section_init_with_lock_num
                0x10001434       0x14 CMakeFiles/oled_i2c.dir/C_/Raspberry/Pico/pico-sdk/src/common/pico_sync/critical_section.c.obj
                0x10001434                critical_section_init_with_lock_num
 .text.critical_section_init
                0x10001448       0x14 CMakeFiles/oled_i2c.dir/C_/Raspberry/Pico/pico-sdk/src/common/pico_sync/critical_section.c.obj
                0x10001448                critical_section_init
 .text.ph_add_child_node
                0x1000145c       0xa4 CMakeFiles/oled_i2c.dir/C_/Raspberry/Pico/pico-sdk/src/common/pico_util/pheap.c.obj
 .text.ph_merge_nodes
                0x10001500       0x3e CMakeFiles/oled_i2c.dir/C_/Raspberry/Pico/pico-sdk/src/common/pico_util/pheap.c.obj
 *fill*         0x1000153e        0x2 
 .text.ph_clear
                0x10001540       0x70 CMakeFiles/oled_i2c.dir/C_/Raspberry/Pico/pico-sdk/src/common/pico_util/pheap.c.obj
                0x10001540                ph_clear
 .text.ph_post_alloc_init
                0x100015b0        0xe CMakeFiles/oled_i2c.dir/C_/Raspberry/Pico/pico-sdk/src/common/pico_util/pheap.c.obj
                0x100015b0                ph_post_alloc_init
 *fill*         0x100015be        0x2 
 .text.ph_merge_two_pass
                0x100015c0       0xa8 CMakeFiles/oled_i2c.dir/C_/Raspberry/Pico/pico-sdk/src/common/pico_util/pheap.c.obj
                0x100015c0                ph_merge_two_pass
 .text.ph_remove_any_head
                0x10001668      0x108 CMakeFiles/oled_i2c.dir/C_/Raspberry/Pico/pico-sdk/src/common/pico_util/pheap.c.obj
 .text.ph_remove_head
                0x10001770       0x14 CMakeFiles/oled_i2c.dir/C_/Raspberry/Pico/pico-sdk/src/common/pico_util/pheap.c.obj
                0x10001770                ph_remove_head
 .text.ph_remove_and_free_node
                0x10001784       0xf8 CMakeFiles/oled_i2c.dir/C_/Raspberry/Pico/pico-sdk/src/common/pico_util/pheap.c.obj
                0x10001784                ph_remove_and_free_node
 .text.runtime_init
                0x1000187c       0xd8 CMakeFiles/oled_i2c.dir/C_/Raspberry/Pico/pico-sdk/src/rp2_common/pico_runtime/runtime.c.obj
                0x1000187c                runtime_init
 .text._exit    0x10001954        0x4 CMakeFiles/oled_i2c.dir/C_/Raspberry/Pico/pico-sdk/src/rp2_common/pico_runtime/runtime.c.obj
                0x10001954                _exit
 .text.exit     0x10001958        0x6 CMakeFiles/oled_i2c.dir/C_/Raspberry/Pico/pico-sdk/src/rp2_common/pico_runtime/runtime.c.obj
                0x10001958                exit
 *fill*         0x1000195e        0x2 
 .text.__assert_func
                0x10001960       0x3c CMakeFiles/oled_i2c.dir/C_/Raspberry/Pico/pico-sdk/src/rp2_common/pico_runtime/runtime.c.obj
                0x10001960                __assert_func
 .text.panic    0x1000199c       0x30 CMakeFiles/oled_i2c.dir/C_/Raspberry/Pico/pico-sdk/src/rp2_common/pico_runtime/runtime.c.obj
                0x1000199c                panic
 .text.clock_configure
                0x100019cc      0x104 CMakeFiles/oled_i2c.dir/C_/Raspberry/Pico/pico-sdk/src/rp2_common/hardware_clocks/clocks.c.obj
                0x100019cc                clock_configure
 .text.clocks_init
                0x10001ad0      0x100 CMakeFiles/oled_i2c.dir/C_/Raspberry/Pico/pico-sdk/src/rp2_common/hardware_clocks/clocks.c.obj
                0x10001ad0                clocks_init
 .text.clock_get_hz
                0x10001bd0        0xc CMakeFiles/oled_i2c.dir/C_/Raspberry/Pico/pico-sdk/src/rp2_common/hardware_clocks/clocks.c.obj
                0x10001bd0                clock_get_hz
 .text.set_raw_irq_handler_and_unlock
                0x10001bdc       0x28 CMakeFiles/oled_i2c.dir/C_/Raspberry/Pico/pico-sdk/src/rp2_common/hardware_irq/irq.c.obj
 .text.make_branch
                0x10001c04       0x34 CMakeFiles/oled_i2c.dir/C_/Raspberry/Pico/pico-sdk/src/rp2_common/hardware_irq/irq.c.obj
 .text.insert_branch_and_link
                0x10001c38       0x40 CMakeFiles/oled_i2c.dir/C_/Raspberry/Pico/pico-sdk/src/rp2_common/hardware_irq/irq.c.obj
 .text.irq_is_enabled
                0x10001c78       0x18 CMakeFiles/oled_i2c.dir/C_/Raspberry/Pico/pico-sdk/src/rp2_common/hardware_irq/irq.c.obj
                0x10001c78                irq_is_enabled
 .text.irq_set_mask_enabled
                0x10001c90       0x20 CMakeFiles/oled_i2c.dir/C_/Raspberry/Pico/pico-sdk/src/rp2_common/hardware_irq/irq.c.obj
                0x10001c90                irq_set_mask_enabled
 .text.irq_set_enabled
                0x10001cb0        0xe CMakeFiles/oled_i2c.dir/C_/Raspberry/Pico/pico-sdk/src/rp2_common/hardware_irq/irq.c.obj
                0x10001cb0                irq_set_enabled
 *fill*         0x10001cbe        0x2 
 .text.irq_set_pending
                0x10001cc0       0x10 CMakeFiles/oled_i2c.dir/C_/Raspberry/Pico/pico-sdk/src/rp2_common/hardware_irq/irq.c.obj
                0x10001cc0                irq_set_pending
 .text.irq_get_vtable_handler
                0x10001cd0       0x10 CMakeFiles/oled_i2c.dir/C_/Raspberry/Pico/pico-sdk/src/rp2_common/hardware_irq/irq.c.obj
                0x10001cd0                irq_get_vtable_handler
 .text.irq_set_exclusive_handler
                0x10001ce0       0x54 CMakeFiles/oled_i2c.dir/C_/Raspberry/Pico/pico-sdk/src/rp2_common/hardware_irq/irq.c.obj
                0x10001ce0                irq_set_exclusive_handler
 .text.irq_remove_handler
                0x10001d34      0x1ac CMakeFiles/oled_i2c.dir/C_/Raspberry/Pico/pico-sdk/src/rp2_common/hardware_irq/irq.c.obj
                0x10001d34                irq_remove_handler
 .text.irq_set_priority
                0x10001ee0       0x28 CMakeFiles/oled_i2c.dir/C_/Raspberry/Pico/pico-sdk/src/rp2_common/hardware_irq/irq.c.obj
                0x10001ee0                irq_set_priority
 .text.irq_add_tail_to_free_list
                0x10001f08       0xf0 CMakeFiles/oled_i2c.dir/C_/Raspberry/Pico/pico-sdk/src/rp2_common/hardware_irq/irq.c.obj
                0x10001f08                irq_add_tail_to_free_list
 .text.irq_init_priorities
                0x10001ff8       0x16 CMakeFiles/oled_i2c.dir/C_/Raspberry/Pico/pico-sdk/src/rp2_common/hardware_irq/irq.c.obj
                0x10001ff8                irq_init_priorities
 *fill*         0x1000200e        0x2 
 .text.pll_init
                0x10002010      0x118 CMakeFiles/oled_i2c.dir/C_/Raspberry/Pico/pico-sdk/src/rp2_common/hardware_pll/pll.c.obj
                0x10002010                pll_init
 .text.watchdog_start_tick
                0x10002128       0x10 CMakeFiles/oled_i2c.dir/C_/Raspberry/Pico/pico-sdk/src/rp2_common/hardware_watchdog/watchdog.c.obj
                0x10002128                watchdog_start_tick
 .text.watchdog_update
                0x10002138       0x14 CMakeFiles/oled_i2c.dir/C_/Raspberry/Pico/pico-sdk/src/rp2_common/hardware_watchdog/watchdog.c.obj
                0x10002138                watchdog_update
 .text._watchdog_enable
                0x1000214c       0x70 CMakeFiles/oled_i2c.dir/C_/Raspberry/Pico/pico-sdk/src/rp2_common/hardware_watchdog/watchdog.c.obj
                0x1000214c                _watchdog_enable
 .text.watchdog_reboot
                0x100021bc       0x48 CMakeFiles/oled_i2c.dir/C_/Raspberry/Pico/pico-sdk/src/rp2_common/hardware_watchdog/watchdog.c.obj
                0x100021bc                watchdog_reboot
 .text.xosc_init
                0x10002204       0x28 CMakeFiles/oled_i2c.dir/C_/Raspberry/Pico/pico-sdk/src/rp2_common/hardware_xosc/xosc.c.obj
                0x10002204                xosc_init
 .text._out_null
                0x1000222c        0x2 CMakeFiles/oled_i2c.dir/C_/Raspberry/Pico/pico-sdk/src/rp2_common/pico_printf/printf.c.obj
 .text._out_fct
                0x1000222e        0xe CMakeFiles/oled_i2c.dir/C_/Raspberry/Pico/pico-sdk/src/rp2_common/pico_printf/printf.c.obj
 .text._atoi    0x1000223c       0x24 CMakeFiles/oled_i2c.dir/C_/Raspberry/Pico/pico-sdk/src/rp2_common/pico_printf/printf.c.obj
 .text._out_rev
                0x10002260       0xae CMakeFiles/oled_i2c.dir/C_/Raspberry/Pico/pico-sdk/src/rp2_common/pico_printf/printf.c.obj
 .text._ntoa_format
                0x1000230e      0x112 CMakeFiles/oled_i2c.dir/C_/Raspberry/Pico/pico-sdk/src/rp2_common/pico_printf/printf.c.obj
 .text._ntoa_long
                0x10002420       0xbc CMakeFiles/oled_i2c.dir/C_/Raspberry/Pico/pico-sdk/src/rp2_common/pico_printf/printf.c.obj
 .text._ntoa_long_long
                0x100024dc       0xe2 CMakeFiles/oled_i2c.dir/C_/Raspberry/Pico/pico-sdk/src/rp2_common/pico_printf/printf.c.obj
 *fill*         0x100025be        0x2 
 .text._etoa    0x100025c0      0x414 CMakeFiles/oled_i2c.dir/C_/Raspberry/Pico/pico-sdk/src/rp2_common/pico_printf/printf.c.obj
 .text._ftoa    0x100029d4      0x354 CMakeFiles/oled_i2c.dir/C_/Raspberry/Pico/pico-sdk/src/rp2_common/pico_printf/printf.c.obj
 .text._vsnprintf
                0x10002d28      0x624 CMakeFiles/oled_i2c.dir/C_/Raspberry/Pico/pico-sdk/src/rp2_common/pico_printf/printf.c.obj
 .text.vfctprintf
                0x1000334c       0x20 CMakeFiles/oled_i2c.dir/C_/Raspberry/Pico/pico-sdk/src/rp2_common/pico_printf/printf.c.obj
                0x1000334c                vfctprintf
 .text          0x1000336c       0x10 CMakeFiles/oled_i2c.dir/C_/Raspberry/Pico/pico-sdk/src/rp2_common/pico_bit_ops/bit_ops_aeabi.S.obj
 .text.rom_func_lookup
                0x1000337c       0x10 CMakeFiles/oled_i2c.dir/C_/Raspberry/Pico/pico-sdk/src/rp2_common/pico_bootrom/bootrom.c.obj
                0x1000337c                rom_func_lookup
 .text.rom_data_lookup
                0x1000338c       0x10 CMakeFiles/oled_i2c.dir/C_/Raspberry/Pico/pico-sdk/src/rp2_common/pico_bootrom/bootrom.c.obj
                0x1000338c                rom_data_lookup
 .text.rom_funcs_lookup
                0x1000339c       0x36 CMakeFiles/oled_i2c.dir/C_/Raspberry/Pico/pico-sdk/src/rp2_common/pico_bootrom/bootrom.c.obj
                0x1000339c                rom_funcs_lookup
 *fill*         0x100033d2        0x2 
 .text.__wrap___aeabi_idiv
                0x100033d4       0x50 CMakeFiles/oled_i2c.dir/C_/Raspberry/Pico/pico-sdk/src/rp2_common/pico_divider/divider.S.obj
                0x100033d4                __wrap___aeabi_idivmod
                0x100033d4                divmod_s32s32
                0x100033d4                div_s32s32
                0x100033d4                __wrap___aeabi_idiv
                0x100033dc                divmod_s32s32_unsafe
                0x10003408                divmod_s32s32_savestate
 .text.__wrap___aeabi_uidiv
                0x10003424       0x4c CMakeFiles/oled_i2c.dir/C_/Raspberry/Pico/pico-sdk/src/rp2_common/pico_divider/divider.S.obj
                0x10003424                __wrap___aeabi_uidiv
                0x10003424                __wrap___aeabi_uidivmod
                0x10003424                div_u32u32
                0x10003424                divmod_u32u32
                0x1000342c                divmod_u32u32_unsafe
                0x10003454                divmod_u32u32_savestate
 .text.__wrap___aeabi_ldiv
                0x10003470      0x430 CMakeFiles/oled_i2c.dir/C_/Raspberry/Pico/pico-sdk/src/rp2_common/pico_divider/divider.S.obj
                0x10003470                div_s64s64
                0x10003470                divmod_s64s64
                0x10003470                __wrap___aeabi_ldivmod
                0x100034a8                divmod_u64u64
                0x100034a8                div_u64u64
                0x100034a8                __wrap___aeabi_uldivmod
                0x100034b8                divmod_u64u64_savestate
                0x100034e0                divmod_s64s64_unsafe
                0x10003568                divmod_u64u64_unsafe
 .text.__wrap___aeabi_darithmetic
                0x100038a0       0x80 CMakeFiles/oled_i2c.dir/C_/Raspberry/Pico/pico-sdk/src/rp2_common/pico_double/double_aeabi.S.obj
                0x100038a0                __wrap___aeabi_drsub
                0x100038a6                __wrap___aeabi_dsub
                0x100038b8                __wrap___aeabi_dadd
                0x100038ca                __wrap___aeabi_ddiv
                0x10003906                __wrap___aeabi_dmul
 .text.__wrap___aeabi_cdcmple
                0x10003920       0x6c CMakeFiles/oled_i2c.dir/C_/Raspberry/Pico/pico-sdk/src/rp2_common/pico_double/double_aeabi.S.obj
                0x10003920                __wrap___aeabi_cdrcmple
                0x10003930                __wrap___aeabi_cdcmpeq
                0x10003930                __wrap___aeabi_cdcmple
 .text.__wrap___aeabi_dcmplt
                0x1000398c        0xc CMakeFiles/oled_i2c.dir/C_/Raspberry/Pico/pico-sdk/src/rp2_common/pico_double/double_aeabi.S.obj
                0x1000398c                __wrap___aeabi_dcmplt
 .text.__wrap___aeabi_dcmple
                0x10003998       0x10 CMakeFiles/oled_i2c.dir/C_/Raspberry/Pico/pico-sdk/src/rp2_common/pico_double/double_aeabi.S.obj
                0x10003998                __wrap___aeabi_dcmple
 .text.__wrap___aeabi_dcmpge
                0x100039a8       0x10 CMakeFiles/oled_i2c.dir/C_/Raspberry/Pico/pico-sdk/src/rp2_common/pico_double/double_aeabi.S.obj
                0x100039a8                __wrap___aeabi_dcmpge
 .text.__wrap___aeabi_dcmpgt
                0x100039b8        0xa CMakeFiles/oled_i2c.dir/C_/Raspberry/Pico/pico-sdk/src/rp2_common/pico_double/double_aeabi.S.obj
                0x100039b8                __wrap___aeabi_dcmpgt
 .text.__wrap___aeabi_dcmpun
                0x100039c2       0x1c CMakeFiles/oled_i2c.dir/C_/Raspberry/Pico/pico-sdk/src/rp2_common/pico_double/double_aeabi.S.obj
                0x100039c2                __wrap___aeabi_dcmpun
 *fill*         0x100039de        0x2 
 .text.__wrap___aeabi_i2d
                0x100039e0       0x38 CMakeFiles/oled_i2c.dir/C_/Raspberry/Pico/pico-sdk/src/rp2_common/pico_double/double_aeabi.S.obj
                0x100039e0                __wrap___aeabi_ui2d
                0x100039e8                __wrap___aeabi_i2d
 .text.__wrap___aeabi_d2iz
                0x10003a18       0x48 CMakeFiles/oled_i2c.dir/C_/Raspberry/Pico/pico-sdk/src/rp2_common/pico_double/double_aeabi.S.obj
                0x10003a18                double2int_z
                0x10003a18                __wrap___aeabi_d2iz
 .text.__wrap___aeabi_d2uiz
                0x10003a60       0x18 CMakeFiles/oled_i2c.dir/C_/Raspberry/Pico/pico-sdk/src/rp2_common/pico_double/double_aeabi.S.obj
                0x10003a60                __wrap___aeabi_d2uiz
                0x10003a60                double2uint
 .text.__aeabi_double_init
                0x10003a78       0xb8 CMakeFiles/oled_i2c.dir/C_/Raspberry/Pico/pico-sdk/src/rp2_common/pico_double/double_init_rom.c.obj
                0x10003a78                __aeabi_double_init
 .text.double_table_shim_on_use_helper
                0x10003b30       0x34 CMakeFiles/oled_i2c.dir/C_/Raspberry/Pico/pico-sdk/src/rp2_common/pico_double/double_v1_rom_shim.S.obj
                0x10003b30                double_table_shim_on_use_helper
 .text.__wrap___aeabi_dsub
                0x10003b64       0x10 CMakeFiles/oled_i2c.dir/C_/Raspberry/Pico/pico-sdk/src/rp2_common/pico_double/double_v1_rom_shim.S.obj
                0x10003b64                drsub_shim
                0x10003b6a                dsub_shim
 .text.dadd_shim
                0x10003b74      0x15c CMakeFiles/oled_i2c.dir/C_/Raspberry/Pico/pico-sdk/src/rp2_common/pico_double/double_v1_rom_shim.S.obj
                0x10003b74                dadd_shim
 .text.dmul_shim
                0x10003cd0      0x15c CMakeFiles/oled_i2c.dir/C_/Raspberry/Pico/pico-sdk/src/rp2_common/pico_double/double_v1_rom_shim.S.obj
                0x10003cd0                dmul_shim
 .text.ddiv_shim
                0x10003e2c      0x1b0 CMakeFiles/oled_i2c.dir/C_/Raspberry/Pico/pico-sdk/src/rp2_common/pico_double/double_v1_rom_shim.S.obj
                0x10003e2c                ddiv_shim
 .text.dcordic_rot_step
                0x10003fdc       0x7c CMakeFiles/oled_i2c.dir/C_/Raspberry/Pico/pico-sdk/src/rp2_common/pico_double/double_v1_rom_shim.S.obj
                0x10003fdc                dcordic_rot_step
 .text.double2uint_shim
                0x10004058        0xe CMakeFiles/oled_i2c.dir/C_/Raspberry/Pico/pico-sdk/src/rp2_common/pico_double/double_v1_rom_shim.S.obj
                0x10004058                double2uint_shim
                0x1000405a                double2ufix_shim
 *fill*         0x10004066        0x2 
 .text.double2uint64_shim
                0x10004068       0x6c CMakeFiles/oled_i2c.dir/C_/Raspberry/Pico/pico-sdk/src/rp2_common/pico_double/double_v1_rom_shim.S.obj
                0x10004068                double2uint64_shim
                0x1000406a                double2ufix64_shim
                0x10004084                d2fix_a
 .text.dunpacks
                0x100040d4       0x3c CMakeFiles/oled_i2c.dir/C_/Raspberry/Pico/pico-sdk/src/rp2_common/pico_double/double_v1_rom_shim.S.obj
                0x100040d4                dunpacks
 .text.__aeabi_lmul
                0x10004110       0x32 CMakeFiles/oled_i2c.dir/C_/Raspberry/Pico/pico-sdk/src/rp2_common/pico_int64_ops/pico_int64_ops_aeabi.S.obj
                0x10004110                __wrap___aeabi_lmul
 *fill*         0x10004142        0x2 
 .text.__aeabi_float_init
                0x10004144       0xfc CMakeFiles/oled_i2c.dir/C_/Raspberry/Pico/pico-sdk/src/rp2_common/pico_float/float_init_rom.c.obj
                0x10004144                __aeabi_float_init
 .text.float_table_shim_on_use_helper
                0x10004240       0x34 CMakeFiles/oled_i2c.dir/C_/Raspberry/Pico/pico-sdk/src/rp2_common/pico_float/float_v1_rom_shim.S.obj
                0x10004240                float_table_shim_on_use_helper
 .text          0x10004274       0x10 CMakeFiles/oled_i2c.dir/C_/Raspberry/Pico/pico-sdk/src/rp2_common/pico_mem_ops/mem_ops_aeabi.S.obj
                0x10004274                __aeabi_mem_init
 .text.memset   0x10004284        0xc CMakeFiles/oled_i2c.dir/C_/Raspberry/Pico/pico-sdk/src/rp2_common/pico_mem_ops/mem_ops_aeabi.S.obj
                0x10004284                __wrap_memset
 .text.memcpy   0x10004290        0xc CMakeFiles/oled_i2c.dir/C_/Raspberry/Pico/pico-sdk/src/rp2_common/pico_mem_ops/mem_ops_aeabi.S.obj
                0x10004290                __wrap_memcpy
                0x10004290                __wrap___aeabi_memcpy
 .text.stdio_out_chars_crlf
                0x1000429c       0x80 CMakeFiles/oled_i2c.dir/C_/Raspberry/Pico/pico-sdk/src/rp2_common/pico_stdio/stdio.c.obj
 .text.stdio_stack_buffer_flush
                0x1000431c       0x44 CMakeFiles/oled_i2c.dir/C_/Raspberry/Pico/pico-sdk/src/rp2_common/pico_stdio/stdio.c.obj
 .text.stdio_buffered_printer
                0x10004360       0x20 CMakeFiles/oled_i2c.dir/C_/Raspberry/Pico/pico-sdk/src/rp2_common/pico_stdio/stdio.c.obj
 .text.stdout_serialize_begin
                0x10004380       0x30 CMakeFiles/oled_i2c.dir/C_/Raspberry/Pico/pico-sdk/src/rp2_common/pico_stdio/stdio.c.obj
                0x10004380                stdout_serialize_begin
 .text.stdout_serialize_end
                0x100043b0       0x10 CMakeFiles/oled_i2c.dir/C_/Raspberry/Pico/pico-sdk/src/rp2_common/pico_stdio/stdio.c.obj
                0x100043b0                stdout_serialize_end
 .text.stdio_put_string
                0x100043c0       0x84 CMakeFiles/oled_i2c.dir/C_/Raspberry/Pico/pico-sdk/src/rp2_common/pico_stdio/stdio.c.obj
 .text.stdio_set_driver_enabled
                0x10004444       0x38 CMakeFiles/oled_i2c.dir/C_/Raspberry/Pico/pico-sdk/src/rp2_common/pico_stdio/stdio.c.obj
                0x10004444                stdio_set_driver_enabled
 .text.stdio_flush
                0x1000447c       0x20 CMakeFiles/oled_i2c.dir/C_/Raspberry/Pico/pico-sdk/src/rp2_common/pico_stdio/stdio.c.obj
                0x1000447c                stdio_flush
 .text.__wrap_puts
                0x1000449c       0x1c CMakeFiles/oled_i2c.dir/C_/Raspberry/Pico/pico-sdk/src/rp2_common/pico_stdio/stdio.c.obj
                0x1000449c                __wrap_puts
 .text.__wrap_vprintf
                0x100044b8       0x44 CMakeFiles/oled_i2c.dir/C_/Raspberry/Pico/pico-sdk/src/rp2_common/pico_stdio/stdio.c.obj
                0x100044b8                __wrap_vprintf
 .text.__wrap_printf
                0x100044fc       0x18 CMakeFiles/oled_i2c.dir/C_/Raspberry/Pico/pico-sdk/src/rp2_common/pico_stdio/stdio.c.obj
                0x100044fc                __wrap_printf
 .text.stdio_init_all
                0x10004514        0x8 CMakeFiles/oled_i2c.dir/C_/Raspberry/Pico/pico-sdk/src/rp2_common/pico_stdio/stdio.c.obj
                0x10004514                stdio_init_all
 .text.resetd_init
                0x1000451c        0x2 CMakeFiles/oled_i2c.dir/C_/Raspberry/Pico/pico-sdk/src/rp2_common/pico_stdio_usb/reset_interface.c.obj
 *fill*         0x1000451e        0x2 
 .text.resetd_reset
                0x10004520        0xc CMakeFiles/oled_i2c.dir/C_/Raspberry/Pico/pico-sdk/src/rp2_common/pico_stdio_usb/reset_interface.c.obj
 .text.resetd_open
                0x1000452c       0x34 CMakeFiles/oled_i2c.dir/C_/Raspberry/Pico/pico-sdk/src/rp2_common/pico_stdio_usb/reset_interface.c.obj
 .text.resetd_xfer_cb
                0x10004560        0x4 CMakeFiles/oled_i2c.dir/C_/Raspberry/Pico/pico-sdk/src/rp2_common/pico_stdio_usb/reset_interface.c.obj
 .text.reset_usb_boot
                0x10004564       0x18 CMakeFiles/oled_i2c.dir/C_/Raspberry/Pico/pico-sdk/src/rp2_common/pico_stdio_usb/reset_interface.c.obj
 .text.resetd_control_xfer_cb
                0x1000457c       0x5c CMakeFiles/oled_i2c.dir/C_/Raspberry/Pico/pico-sdk/src/rp2_common/pico_stdio_usb/reset_interface.c.obj
 .text.usbd_app_driver_get_cb
                0x100045d8        0xc CMakeFiles/oled_i2c.dir/C_/Raspberry/Pico/pico-sdk/src/rp2_common/pico_stdio_usb/reset_interface.c.obj
                0x100045d8                usbd_app_driver_get_cb
 .text.tud_cdc_line_coding_cb
                0x100045e4       0x28 CMakeFiles/oled_i2c.dir/C_/Raspberry/Pico/pico-sdk/src/rp2_common/pico_stdio_usb/reset_interface.c.obj
                0x100045e4                tud_cdc_line_coding_cb
 .text.stdio_usb_in_chars
                0x1000460c       0x70 CMakeFiles/oled_i2c.dir/C_/Raspberry/Pico/pico-sdk/src/rp2_common/pico_stdio_usb/stdio_usb.c.obj
                0x1000460c                stdio_usb_in_chars
 .text.low_priority_worker_irq
                0x1000467c       0x20 CMakeFiles/oled_i2c.dir/C_/Raspberry/Pico/pico-sdk/src/rp2_common/pico_stdio_usb/stdio_usb.c.obj
 .text.stdio_usb_out_chars
                0x1000469c       0xd4 CMakeFiles/oled_i2c.dir/C_/Raspberry/Pico/pico-sdk/src/rp2_common/pico_stdio_usb/stdio_usb.c.obj
 .text.timer_task
                0x10004770       0x10 CMakeFiles/oled_i2c.dir/C_/Raspberry/Pico/pico-sdk/src/rp2_common/pico_stdio_usb/stdio_usb.c.obj
 .text.stdio_usb_init
                0x10004780       0xb8 CMakeFiles/oled_i2c.dir/C_/Raspberry/Pico/pico-sdk/src/rp2_common/pico_stdio_usb/stdio_usb.c.obj
                0x10004780                stdio_usb_init
 .text.tud_descriptor_device_cb
                0x10004838        0x8 CMakeFiles/oled_i2c.dir/C_/Raspberry/Pico/pico-sdk/src/rp2_common/pico_stdio_usb/stdio_usb_descriptors.c.obj
                0x10004838                tud_descriptor_device_cb
 .text.tud_descriptor_configuration_cb
                0x10004840        0x8 CMakeFiles/oled_i2c.dir/C_/Raspberry/Pico/pico-sdk/src/rp2_common/pico_stdio_usb/stdio_usb_descriptors.c.obj
                0x10004840                tud_descriptor_configuration_cb
 .text.tud_descriptor_string_cb
                0x10004848       0x68 CMakeFiles/oled_i2c.dir/C_/Raspberry/Pico/pico-sdk/src/rp2_common/pico_stdio_usb/stdio_usb_descriptors.c.obj
                0x10004848                tud_descriptor_string_cb
 .text.hw_endpoint_get_by_addr
                0x100048b0       0x18 CMakeFiles/oled_i2c.dir/C_/Raspberry/Pico/pico-sdk/lib/tinyusb/src/portable/raspberrypi/rp2040/dcd_rp2040.c.obj
 .text.reset_ep0
                0x100048c8       0x2c CMakeFiles/oled_i2c.dir/C_/Raspberry/Pico/pico-sdk/lib/tinyusb/src/portable/raspberrypi/rp2040/dcd_rp2040.c.obj
 .text._hw_endpoint_alloc
                0x100048f4       0x80 CMakeFiles/oled_i2c.dir/C_/Raspberry/Pico/pico-sdk/lib/tinyusb/src/portable/raspberrypi/rp2040/dcd_rp2040.c.obj
 .text._hw_endpoint_init
                0x10004974       0xbc CMakeFiles/oled_i2c.dir/C_/Raspberry/Pico/pico-sdk/lib/tinyusb/src/portable/raspberrypi/rp2040/dcd_rp2040.c.obj
 .text.hw_endpoint_init
                0x10004a30       0x18 CMakeFiles/oled_i2c.dir/C_/Raspberry/Pico/pico-sdk/lib/tinyusb/src/portable/raspberrypi/rp2040/dcd_rp2040.c.obj
 .text.hw_handle_buff_status
                0x10004a48       0xb4 CMakeFiles/oled_i2c.dir/C_/Raspberry/Pico/pico-sdk/lib/tinyusb/src/portable/raspberrypi/rp2040/dcd_rp2040.c.obj
 .text.dcd_rp2040_irq
                0x10004afc       0xa8 CMakeFiles/oled_i2c.dir/C_/Raspberry/Pico/pico-sdk/lib/tinyusb/src/portable/raspberrypi/rp2040/dcd_rp2040.c.obj
 .text.hw_endpoint_xfer
                0x10004ba4       0x18 CMakeFiles/oled_i2c.dir/C_/Raspberry/Pico/pico-sdk/lib/tinyusb/src/portable/raspberrypi/rp2040/dcd_rp2040.c.obj
 .text.ep0_0len_status
                0x10004bbc       0x14 CMakeFiles/oled_i2c.dir/C_/Raspberry/Pico/pico-sdk/lib/tinyusb/src/portable/raspberrypi/rp2040/dcd_rp2040.c.obj
 .text._hw_endpoint_stall
                0x10004bd0       0x54 CMakeFiles/oled_i2c.dir/C_/Raspberry/Pico/pico-sdk/lib/tinyusb/src/portable/raspberrypi/rp2040/dcd_rp2040.c.obj
 .text.hw_endpoint_stall
                0x10004c24        0xc CMakeFiles/oled_i2c.dir/C_/Raspberry/Pico/pico-sdk/lib/tinyusb/src/portable/raspberrypi/rp2040/dcd_rp2040.c.obj
 .text._hw_endpoint_clear_stall
                0x10004c30       0x34 CMakeFiles/oled_i2c.dir/C_/Raspberry/Pico/pico-sdk/lib/tinyusb/src/portable/raspberrypi/rp2040/dcd_rp2040.c.obj
 .text.hw_endpoint_clear_stall
                0x10004c64        0xc CMakeFiles/oled_i2c.dir/C_/Raspberry/Pico/pico-sdk/lib/tinyusb/src/portable/raspberrypi/rp2040/dcd_rp2040.c.obj
 .text.dcd_int_enable
                0x10004c70       0x2c CMakeFiles/oled_i2c.dir/C_/Raspberry/Pico/pico-sdk/lib/tinyusb/src/portable/raspberrypi/rp2040/dcd_rp2040.c.obj
                0x10004c70                dcd_int_enable
 .text.dcd_set_address
                0x10004c9c       0x28 CMakeFiles/oled_i2c.dir/C_/Raspberry/Pico/pico-sdk/lib/tinyusb/src/portable/raspberrypi/rp2040/dcd_rp2040.c.obj
                0x10004c9c                dcd_set_address
 .text.dcd_connect
                0x10004cc4       0x30 CMakeFiles/oled_i2c.dir/C_/Raspberry/Pico/pico-sdk/lib/tinyusb/src/portable/raspberrypi/rp2040/dcd_rp2040.c.obj
                0x10004cc4                dcd_connect
 .text.dcd_init
                0x10004cf4       0x84 CMakeFiles/oled_i2c.dir/C_/Raspberry/Pico/pico-sdk/lib/tinyusb/src/portable/raspberrypi/rp2040/dcd_rp2040.c.obj
                0x10004cf4                dcd_init
 .text.dcd_edpt0_status_complete
                0x10004d78       0x40 CMakeFiles/oled_i2c.dir/C_/Raspberry/Pico/pico-sdk/lib/tinyusb/src/portable/raspberrypi/rp2040/dcd_rp2040.c.obj
                0x10004d78                dcd_edpt0_status_complete
 .text.dcd_edpt_open
                0x10004db8       0x40 CMakeFiles/oled_i2c.dir/C_/Raspberry/Pico/pico-sdk/lib/tinyusb/src/portable/raspberrypi/rp2040/dcd_rp2040.c.obj
                0x10004db8                dcd_edpt_open
 .text.dcd_edpt_xfer
                0x10004df8       0x34 CMakeFiles/oled_i2c.dir/C_/Raspberry/Pico/pico-sdk/lib/tinyusb/src/portable/raspberrypi/rp2040/dcd_rp2040.c.obj
                0x10004df8                dcd_edpt_xfer
 .text.dcd_edpt_stall
                0x10004e2c       0x28 CMakeFiles/oled_i2c.dir/C_/Raspberry/Pico/pico-sdk/lib/tinyusb/src/portable/raspberrypi/rp2040/dcd_rp2040.c.obj
                0x10004e2c                dcd_edpt_stall
 .text.dcd_edpt_clear_stall
                0x10004e54       0x2c CMakeFiles/oled_i2c.dir/C_/Raspberry/Pico/pico-sdk/lib/tinyusb/src/portable/raspberrypi/rp2040/dcd_rp2040.c.obj
                0x10004e54                dcd_edpt_clear_stall
 .text.rp2040_usb_init
                0x10004e80       0x50 CMakeFiles/oled_i2c.dir/C_/Raspberry/Pico/pico-sdk/lib/tinyusb/src/portable/raspberrypi/rp2040/rp2040_usb.c.obj
                0x10004e80                rp2040_usb_init
 .text.hw_endpoint_reset_transfer
                0x10004ed0       0x10 CMakeFiles/oled_i2c.dir/C_/Raspberry/Pico/pico-sdk/lib/tinyusb/src/portable/raspberrypi/rp2040/rp2040_usb.c.obj
                0x10004ed0                hw_endpoint_reset_transfer
 .text._hw_endpoint_buffer_control_update32
                0x10004ee0       0x58 CMakeFiles/oled_i2c.dir/C_/Raspberry/Pico/pico-sdk/lib/tinyusb/src/portable/raspberrypi/rp2040/rp2040_usb.c.obj
                0x10004ee0                _hw_endpoint_buffer_control_update32
 .text._hw_endpoint_start_next_buffer
                0x10004f38       0x50 CMakeFiles/oled_i2c.dir/C_/Raspberry/Pico/pico-sdk/lib/tinyusb/src/portable/raspberrypi/rp2040/rp2040_usb.c.obj
                0x10004f38                _hw_endpoint_start_next_buffer
 .text._hw_endpoint_xfer_start
                0x10004f88       0x3e CMakeFiles/oled_i2c.dir/C_/Raspberry/Pico/pico-sdk/lib/tinyusb/src/portable/raspberrypi/rp2040/rp2040_usb.c.obj
                0x10004f88                _hw_endpoint_xfer_start
 *fill*         0x10004fc6        0x2 
 .text._hw_endpoint_xfer_sync
                0x10004fc8       0x74 CMakeFiles/oled_i2c.dir/C_/Raspberry/Pico/pico-sdk/lib/tinyusb/src/portable/raspberrypi/rp2040/rp2040_usb.c.obj
                0x10004fc8                _hw_endpoint_xfer_sync
 .text._hw_endpoint_xfer_continue
                0x1000503c       0x60 CMakeFiles/oled_i2c.dir/C_/Raspberry/Pico/pico-sdk/lib/tinyusb/src/portable/raspberrypi/rp2040/rp2040_usb.c.obj
                0x1000503c                _hw_endpoint_xfer_continue
 .text._hw_endpoint_xfer
                0x1000509c       0x34 CMakeFiles/oled_i2c.dir/C_/Raspberry/Pico/pico-sdk/lib/tinyusb/src/portable/raspberrypi/rp2040/rp2040_usb.c.obj
                0x1000509c                _hw_endpoint_xfer
 .text.mark_interface_endpoint
                0x100050d0       0x2a CMakeFiles/oled_i2c.dir/C_/Raspberry/Pico/pico-sdk/lib/tinyusb/src/device/usbd.c.obj
 *fill*         0x100050fa        0x2 
 .text.usbd_reset
                0x100050fc       0x88 CMakeFiles/oled_i2c.dir/C_/Raspberry/Pico/pico-sdk/lib/tinyusb/src/device/usbd.c.obj
 .text.invoke_class_control
                0x10005184       0x1a CMakeFiles/oled_i2c.dir/C_/Raspberry/Pico/pico-sdk/lib/tinyusb/src/device/usbd.c.obj
 *fill*         0x1000519e        0x2 
 .text.process_set_config
                0x100051a0      0x1d4 CMakeFiles/oled_i2c.dir/C_/Raspberry/Pico/pico-sdk/lib/tinyusb/src/device/usbd.c.obj
 .text.process_get_descriptor
                0x10005374       0xf8 CMakeFiles/oled_i2c.dir/C_/Raspberry/Pico/pico-sdk/lib/tinyusb/src/device/usbd.c.obj
 .text.tud_mounted
                0x1000546c       0x10 CMakeFiles/oled_i2c.dir/C_/Raspberry/Pico/pico-sdk/lib/tinyusb/src/device/usbd.c.obj
                0x1000546c                tud_mounted
 .text.tud_suspended
                0x1000547c       0x10 CMakeFiles/oled_i2c.dir/C_/Raspberry/Pico/pico-sdk/lib/tinyusb/src/device/usbd.c.obj
                0x1000547c                tud_suspended
 .text.tud_inited
                0x1000548c        0xc CMakeFiles/oled_i2c.dir/C_/Raspberry/Pico/pico-sdk/lib/tinyusb/src/device/usbd.c.obj
                0x1000548c                tud_inited
 .text.tud_init
                0x10005498       0xcc CMakeFiles/oled_i2c.dir/C_/Raspberry/Pico/pico-sdk/lib/tinyusb/src/device/usbd.c.obj
                0x10005498                tud_init
 .text.dcd_event_handler
                0x10005564      0x174 CMakeFiles/oled_i2c.dir/C_/Raspberry/Pico/pico-sdk/lib/tinyusb/src/device/usbd.c.obj
                0x10005564                dcd_event_handler
 .text.dcd_event_bus_signal
                0x100056d8       0x26 CMakeFiles/oled_i2c.dir/C_/Raspberry/Pico/pico-sdk/lib/tinyusb/src/device/usbd.c.obj
                0x100056d8                dcd_event_bus_signal
 .text.dcd_event_bus_reset
                0x100056fe       0x2a CMakeFiles/oled_i2c.dir/C_/Raspberry/Pico/pico-sdk/lib/tinyusb/src/device/usbd.c.obj
                0x100056fe                dcd_event_bus_reset
 .text.dcd_event_setup_received
                0x10005728       0x34 CMakeFiles/oled_i2c.dir/C_/Raspberry/Pico/pico-sdk/lib/tinyusb/src/device/usbd.c.obj
                0x10005728                dcd_event_setup_received
 .text.dcd_event_xfer_complete
                0x1000575c       0x44 CMakeFiles/oled_i2c.dir/C_/Raspberry/Pico/pico-sdk/lib/tinyusb/src/device/usbd.c.obj
                0x1000575c                dcd_event_xfer_complete
 .text.usbd_edpt_open
                0x100057a0       0xe0 CMakeFiles/oled_i2c.dir/C_/Raspberry/Pico/pico-sdk/lib/tinyusb/src/device/usbd.c.obj
                0x100057a0                usbd_edpt_open
 .text.usbd_open_edpt_pair
                0x10005880       0x8c CMakeFiles/oled_i2c.dir/C_/Raspberry/Pico/pico-sdk/lib/tinyusb/src/device/usbd.c.obj
                0x10005880                usbd_open_edpt_pair
 .text.usbd_edpt_claim
                0x1000590c       0x8c CMakeFiles/oled_i2c.dir/C_/Raspberry/Pico/pico-sdk/lib/tinyusb/src/device/usbd.c.obj
                0x1000590c                usbd_edpt_claim
 .text.usbd_edpt_release
                0x10005998       0x68 CMakeFiles/oled_i2c.dir/C_/Raspberry/Pico/pico-sdk/lib/tinyusb/src/device/usbd.c.obj
                0x10005998                usbd_edpt_release
 .text.usbd_edpt_xfer
                0x10005a00       0x80 CMakeFiles/oled_i2c.dir/C_/Raspberry/Pico/pico-sdk/lib/tinyusb/src/device/usbd.c.obj
                0x10005a00                usbd_edpt_xfer
 .text.usbd_edpt_stall
                0x10005a80       0x2c CMakeFiles/oled_i2c.dir/C_/Raspberry/Pico/pico-sdk/lib/tinyusb/src/device/usbd.c.obj
                0x10005a80                usbd_edpt_stall
 .text.usbd_edpt_clear_stall
                0x10005aac       0x2c CMakeFiles/oled_i2c.dir/C_/Raspberry/Pico/pico-sdk/lib/tinyusb/src/device/usbd.c.obj
                0x10005aac                usbd_edpt_clear_stall
 .text.usbd_edpt_stalled
                0x10005ad8       0x1c CMakeFiles/oled_i2c.dir/C_/Raspberry/Pico/pico-sdk/lib/tinyusb/src/device/usbd.c.obj
                0x10005ad8                usbd_edpt_stalled
 .text.process_control_request
                0x10005af4      0x380 CMakeFiles/oled_i2c.dir/C_/Raspberry/Pico/pico-sdk/lib/tinyusb/src/device/usbd.c.obj
 .text.tud_task
                0x10005e74      0x204 CMakeFiles/oled_i2c.dir/C_/Raspberry/Pico/pico-sdk/lib/tinyusb/src/device/usbd.c.obj
                0x10005e74                tud_task
 .text._data_stage_xact
                0x10006078       0x58 CMakeFiles/oled_i2c.dir/C_/Raspberry/Pico/pico-sdk/lib/tinyusb/src/device/usbd_control.c.obj
 .text.tud_control_status
                0x100060d0       0x38 CMakeFiles/oled_i2c.dir/C_/Raspberry/Pico/pico-sdk/lib/tinyusb/src/device/usbd_control.c.obj
                0x100060d0                tud_control_status
 .text.tud_control_xfer
                0x10006108       0xa8 CMakeFiles/oled_i2c.dir/C_/Raspberry/Pico/pico-sdk/lib/tinyusb/src/device/usbd_control.c.obj
                0x10006108                tud_control_xfer
 .text.usbd_control_reset
                0x100061b0       0x14 CMakeFiles/oled_i2c.dir/C_/Raspberry/Pico/pico-sdk/lib/tinyusb/src/device/usbd_control.c.obj
                0x100061b0                usbd_control_reset
 .text.usbd_control_set_complete_callback
                0x100061c4        0xc CMakeFiles/oled_i2c.dir/C_/Raspberry/Pico/pico-sdk/lib/tinyusb/src/device/usbd_control.c.obj
                0x100061c4                usbd_control_set_complete_callback
 .text.usbd_control_set_request
                0x100061d0       0x1c CMakeFiles/oled_i2c.dir/C_/Raspberry/Pico/pico-sdk/lib/tinyusb/src/device/usbd_control.c.obj
                0x100061d0                usbd_control_set_request
 .text.usbd_control_xfer_cb
                0x100061ec       0xfc CMakeFiles/oled_i2c.dir/C_/Raspberry/Pico/pico-sdk/lib/tinyusb/src/device/usbd_control.c.obj
                0x100061ec                usbd_control_xfer_cb
 .text._prep_out_transaction
                0x100062e8       0x46 CMakeFiles/oled_i2c.dir/C_/Raspberry/Pico/pico-sdk/lib/tinyusb/src/class/cdc/cdc_device.c.obj
 *fill*         0x1000632e        0x2 
 .text.tud_cdc_n_connected
                0x10006330       0x44 CMakeFiles/oled_i2c.dir/C_/Raspberry/Pico/pico-sdk/lib/tinyusb/src/class/cdc/cdc_device.c.obj
                0x10006330                tud_cdc_n_connected
 .text.tud_cdc_n_available
                0x10006374       0x18 CMakeFiles/oled_i2c.dir/C_/Raspberry/Pico/pico-sdk/lib/tinyusb/src/class/cdc/cdc_device.c.obj
                0x10006374                tud_cdc_n_available
 .text.tud_cdc_n_read
                0x1000638c       0x28 CMakeFiles/oled_i2c.dir/C_/Raspberry/Pico/pico-sdk/lib/tinyusb/src/class/cdc/cdc_device.c.obj
                0x1000638c                tud_cdc_n_read
 .text.tud_cdc_n_write_flush
                0x100063b4       0xcc CMakeFiles/oled_i2c.dir/C_/Raspberry/Pico/pico-sdk/lib/tinyusb/src/class/cdc/cdc_device.c.obj
                0x100063b4                tud_cdc_n_write_flush
 .text.tud_cdc_n_write
                0x10006480       0x38 CMakeFiles/oled_i2c.dir/C_/Raspberry/Pico/pico-sdk/lib/tinyusb/src/class/cdc/cdc_device.c.obj
                0x10006480                tud_cdc_n_write
 .text.tud_cdc_n_write_available
                0x100064b8       0x1c CMakeFiles/oled_i2c.dir/C_/Raspberry/Pico/pico-sdk/lib/tinyusb/src/class/cdc/cdc_device.c.obj
                0x100064b8                tud_cdc_n_write_available
 .text.cdcd_init
                0x100064d4       0xbc CMakeFiles/oled_i2c.dir/C_/Raspberry/Pico/pico-sdk/lib/tinyusb/src/class/cdc/cdc_device.c.obj
                0x100064d4                cdcd_init
 .text.cdcd_reset
                0x10006590       0x44 CMakeFiles/oled_i2c.dir/C_/Raspberry/Pico/pico-sdk/lib/tinyusb/src/class/cdc/cdc_device.c.obj
                0x10006590                cdcd_reset
 .text.cdcd_open
                0x100065d4      0x10c CMakeFiles/oled_i2c.dir/C_/Raspberry/Pico/pico-sdk/lib/tinyusb/src/class/cdc/cdc_device.c.obj
                0x100065d4                cdcd_open
 .text.cdcd_control_xfer_cb
                0x100066e0      0x134 CMakeFiles/oled_i2c.dir/C_/Raspberry/Pico/pico-sdk/lib/tinyusb/src/class/cdc/cdc_device.c.obj
                0x100066e0                cdcd_control_xfer_cb
 .text.cdcd_xfer_cb
                0x10006814      0x144 CMakeFiles/oled_i2c.dir/C_/Raspberry/Pico/pico-sdk/lib/tinyusb/src/class/cdc/cdc_device.c.obj
                0x10006814                cdcd_xfer_cb
 .text.tusb_init
                0x10006958       0x24 CMakeFiles/oled_i2c.dir/C_/Raspberry/Pico/pico-sdk/lib/tinyusb/src/tusb.c.obj
                0x10006958                tusb_init
 .text.tusb_inited
                0x1000697c        0xe CMakeFiles/oled_i2c.dir/C_/Raspberry/Pico/pico-sdk/lib/tinyusb/src/tusb.c.obj
                0x1000697c                tusb_inited
 .text.advance_pointer
                0x1000698a       0x1e CMakeFiles/oled_i2c.dir/C_/Raspberry/Pico/pico-sdk/lib/tinyusb/src/common/tusb_fifo.c.obj
 .text.backward_pointer
                0x100069a8       0x1a CMakeFiles/oled_i2c.dir/C_/Raspberry/Pico/pico-sdk/lib/tinyusb/src/common/tusb_fifo.c.obj
 .text.get_relative_pointer
                0x100069c2       0x10 CMakeFiles/oled_i2c.dir/C_/Raspberry/Pico/pico-sdk/lib/tinyusb/src/common/tusb_fifo.c.obj
 .text._tu_fifo_peek
                0x100069d2       0x50 CMakeFiles/oled_i2c.dir/C_/Raspberry/Pico/pico-sdk/lib/tinyusb/src/common/tusb_fifo.c.obj
 .text._ff_pull_const_addr
                0x10006a22       0x4c CMakeFiles/oled_i2c.dir/C_/Raspberry/Pico/pico-sdk/lib/tinyusb/src/common/tusb_fifo.c.obj
 .text._ff_pull_n
                0x10006a6e      0x10c CMakeFiles/oled_i2c.dir/C_/Raspberry/Pico/pico-sdk/lib/tinyusb/src/common/tusb_fifo.c.obj
 .text._tu_fifo_peek_n
                0x10006b7a       0x5e CMakeFiles/oled_i2c.dir/C_/Raspberry/Pico/pico-sdk/lib/tinyusb/src/common/tusb_fifo.c.obj
 .text._tu_fifo_read_n
                0x10006bd8       0x4e CMakeFiles/oled_i2c.dir/C_/Raspberry/Pico/pico-sdk/lib/tinyusb/src/common/tusb_fifo.c.obj
 .text._ff_push_const_addr
                0x10006c26       0x40 CMakeFiles/oled_i2c.dir/C_/Raspberry/Pico/pico-sdk/lib/tinyusb/src/common/tusb_fifo.c.obj
 .text._ff_push_n
                0x10006c66      0x108 CMakeFiles/oled_i2c.dir/C_/Raspberry/Pico/pico-sdk/lib/tinyusb/src/common/tusb_fifo.c.obj
 .text._tu_fifo_write_n
                0x10006d6e       0x9e CMakeFiles/oled_i2c.dir/C_/Raspberry/Pico/pico-sdk/lib/tinyusb/src/common/tusb_fifo.c.obj
 .text.tu_fifo_config
                0x10006e0c       0x72 CMakeFiles/oled_i2c.dir/C_/Raspberry/Pico/pico-sdk/lib/tinyusb/src/common/tusb_fifo.c.obj
                0x10006e0c                tu_fifo_config
 .text.tu_fifo_count
                0x10006e7e       0x26 CMakeFiles/oled_i2c.dir/C_/Raspberry/Pico/pico-sdk/lib/tinyusb/src/common/tusb_fifo.c.obj
                0x10006e7e                tu_fifo_count
 .text.tu_fifo_empty
                0x10006ea4       0x10 CMakeFiles/oled_i2c.dir/C_/Raspberry/Pico/pico-sdk/lib/tinyusb/src/common/tusb_fifo.c.obj
                0x10006ea4                tu_fifo_empty
 .text.tu_fifo_remaining
                0x10006eb4       0x20 CMakeFiles/oled_i2c.dir/C_/Raspberry/Pico/pico-sdk/lib/tinyusb/src/common/tusb_fifo.c.obj
                0x10006eb4                tu_fifo_remaining
 .text.tu_fifo_read
                0x10006ed4       0x42 CMakeFiles/oled_i2c.dir/C_/Raspberry/Pico/pico-sdk/lib/tinyusb/src/common/tusb_fifo.c.obj
                0x10006ed4                tu_fifo_read
 .text.tu_fifo_read_n
                0x10006f16        0xa CMakeFiles/oled_i2c.dir/C_/Raspberry/Pico/pico-sdk/lib/tinyusb/src/common/tusb_fifo.c.obj
                0x10006f16                tu_fifo_read_n
 .text.tu_fifo_write
                0x10006f20       0x6c CMakeFiles/oled_i2c.dir/C_/Raspberry/Pico/pico-sdk/lib/tinyusb/src/common/tusb_fifo.c.obj
                0x10006f20                tu_fifo_write
 .text.tu_fifo_write_n
                0x10006f8c        0xa CMakeFiles/oled_i2c.dir/C_/Raspberry/Pico/pico-sdk/lib/tinyusb/src/common/tusb_fifo.c.obj
                0x10006f8c                tu_fifo_write_n
 .text.tu_fifo_clear
                0x10006f96       0x4c CMakeFiles/oled_i2c.dir/C_/Raspberry/Pico/pico-sdk/lib/tinyusb/src/common/tusb_fifo.c.obj
                0x10006f96                tu_fifo_clear
 .text.tu_fifo_set_overwritable
                0x10006fe2       0x3c CMakeFiles/oled_i2c.dir/C_/Raspberry/Pico/pico-sdk/lib/tinyusb/src/common/tusb_fifo.c.obj
                0x10006fe2                tu_fifo_set_overwritable
 *fill*         0x1000701e        0x2 
 .text._retrieve_unique_id_on_boot
                0x10007020       0x10 CMakeFiles/oled_i2c.dir/C_/Raspberry/Pico/pico-sdk/src/rp2_common/pico_unique_id/unique_id.c.obj
 .text.pico_get_unique_board_id_string
                0x10007030       0x60 CMakeFiles/oled_i2c.dir/C_/Raspberry/Pico/pico-sdk/src/rp2_common/pico_unique_id/unique_id.c.obj
                0x10007030                pico_get_unique_board_id_string
 .text.flash_get_unique_id
                0x10007090       0x46 CMakeFiles/oled_i2c.dir/C_/Raspberry/Pico/pico-sdk/src/rp2_common/hardware_flash/flash.c.obj
                0x10007090                flash_get_unique_id
 .text.i2c_write_blocking_internal
                0x100070d6      0x140 CMakeFiles/oled_i2c.dir/C_/Raspberry/Pico/pico-sdk/src/rp2_common/hardware_i2c/i2c.c.obj
 .text.i2c_read_blocking_internal
                0x10007216       0xe6 CMakeFiles/oled_i2c.dir/C_/Raspberry/Pico/pico-sdk/src/rp2_common/hardware_i2c/i2c.c.obj
 .text.i2c_set_baudrate
                0x100072fc       0xf0 CMakeFiles/oled_i2c.dir/C_/Raspberry/Pico/pico-sdk/src/rp2_common/hardware_i2c/i2c.c.obj
                0x100072fc                i2c_set_baudrate
 .text.i2c_init
                0x100073ec       0x58 CMakeFiles/oled_i2c.dir/C_/Raspberry/Pico/pico-sdk/src/rp2_common/hardware_i2c/i2c.c.obj
                0x100073ec                i2c_init
 .text.i2c_write_blocking
                0x10007444       0x18 CMakeFiles/oled_i2c.dir/C_/Raspberry/Pico/pico-sdk/src/rp2_common/hardware_i2c/i2c.c.obj
                0x10007444                i2c_write_blocking
 .text.i2c_read_blocking
                0x1000745c       0x18 CMakeFiles/oled_i2c.dir/C_/Raspberry/Pico/pico-sdk/src/rp2_common/hardware_i2c/i2c.c.obj
                0x1000745c                i2c_read_blocking
 .text.strlen   0x10007474       0x5c c:/progra~2/gnuarm~1/102021~1.07/bin/../lib/gcc/arm-none-eabi/10.3.1/../../../../arm-none-eabi/lib/thumb/v6-m/nofp\libg.a(lib_a-strlen-stub.o)
                0x10007474                strlen
 *(.fini)
 .fini          0x100074d0        0x4 c:/progra~2/gnuarm~1/102021~1.07/bin/../lib/gcc/arm-none-eabi/10.3.1/thumb/v6-m/nofp/crti.o
                0x100074d0                _fini
 *fill*         0x100074d4        0x4 
 .fini.__stub   0x100074d8       0x70 linker stubs
 *crtbegin.o(.ctors)
 *crtbegin?.o(.ctors)
 *(EXCLUDE_FILE(*crtend.o *crtend?.o) .ctors)
 *(SORT_BY_NAME(.ctors.*))
 *(.ctors)
 *crtbegin.o(.dtors)
 *crtbegin?.o(.dtors)
 *(EXCLUDE_FILE(*crtend.o *crtend?.o) .dtors)
 *(SORT_BY_NAME(.dtors.*))
 *(.dtors)
 *(.eh_frame*)
 .eh_frame      0x10007548        0x0 c:/progra~2/gnuarm~1/102021~1.07/bin/../lib/gcc/arm-none-eabi/10.3.1/thumb/v6-m/nofp/crtbegin.o
                0x10007548                . = ALIGN (0x4)

.glue_7         0x10007548        0x0
 .glue_7        0x10007548        0x0 linker stubs

.glue_7t        0x10007548        0x0
 .glue_7t       0x10007548        0x0 linker stubs

.vfp11_veneer   0x10007548        0x0
 .vfp11_veneer  0x10007548        0x0 linker stubs

.v4_bx          0x10007548        0x0
 .v4_bx         0x10007548        0x0 linker stubs

.iplt           0x10007548        0x0
 .iplt          0x10007548        0x0 c:/progra~2/gnuarm~1/102021~1.07/bin/../lib/gcc/arm-none-eabi/10.3.1/thumb/v6-m/nofp/crtbegin.o

.rodata         0x10007548     0x171c
 *(EXCLUDE_FILE(*libm.a: *libc.a:*lib_a-mem*.o *libgcc.a:) .rodata*)
 .rodata.main.str1.4
                0x10007548       0x5e CMakeFiles/oled_i2c.dir/oled_i2c.c.obj
                                 0x62 (size before relaxing)
 *fill*         0x100075a6        0x2 
 .rodata.__bi_215.0
                0x100075a8        0x8 CMakeFiles/oled_i2c.dir/oled_i2c.c.obj
 .rodata.ssd1306_cmdlist_init
                0x100075b0       0x1b CMakeFiles/oled_i2c.dir/oled_i2c.c.obj
 *fill*         0x100075cb        0x1 
 .rodata.spin_lock_claim_unused.str1.4
                0x100075cc       0x1b CMakeFiles/oled_i2c.dir/C_/Raspberry/Pico/pico-sdk/src/rp2_common/hardware_sync/sync.c.obj
 *fill*         0x100075e7        0x1 
 .rodata.repeating_timer_callback.str1.4
                0x100075e8       0x4b CMakeFiles/oled_i2c.dir/C_/Raspberry/Pico/pico-sdk/src/common/pico_time/time.c.obj
 *fill*         0x10007633        0x1 
 .rodata.alarm_pool_dump_key.str1.4
                0x10007634       0x33 CMakeFiles/oled_i2c.dir/C_/Raspberry/Pico/pico-sdk/src/common/pico_time/time.c.obj
 *fill*         0x10007667        0x1 
 .rodata.ph_add_child_node.str1.4
                0x10007668       0x96 CMakeFiles/oled_i2c.dir/C_/Raspberry/Pico/pico-sdk/src/common/pico_time/time.c.obj
 *fill*         0x100076fe        0x2 
 .rodata.add_alarm_under_lock.str1.4
                0x10007700       0x28 CMakeFiles/oled_i2c.dir/C_/Raspberry/Pico/pico-sdk/src/common/pico_time/time.c.obj
                                 0x2b (size before relaxing)
 .rodata.alarm_pool_alarm_callback.str1.4
                0x10007728       0xe6 CMakeFiles/oled_i2c.dir/C_/Raspberry/Pico/pico-sdk/src/common/pico_time/time.c.obj
 *fill*         0x1000780e        0x2 
 .rodata.alarm_pool_get_default.str1.4
                0x10007810       0x21 CMakeFiles/oled_i2c.dir/C_/Raspberry/Pico/pico-sdk/src/common/pico_time/time.c.obj
 *fill*         0x10007831        0x3 
 .rodata.alarm_pool_cancel_alarm.str1.4
                0x10007834       0x27 CMakeFiles/oled_i2c.dir/C_/Raspberry/Pico/pico-sdk/src/common/pico_time/time.c.obj
 *fill*         0x1000785b        0x1 
 .rodata.sleep_until.str1.4
                0x1000785c       0x4d CMakeFiles/oled_i2c.dir/C_/Raspberry/Pico/pico-sdk/src/common/pico_time/time.c.obj
 *fill*         0x100078a9        0x3 
 .rodata.__func__.1
                0x100078ac       0x18 CMakeFiles/oled_i2c.dir/C_/Raspberry/Pico/pico-sdk/src/common/pico_time/time.c.obj
 .rodata.__func__.10
                0x100078c4       0x15 CMakeFiles/oled_i2c.dir/C_/Raspberry/Pico/pico-sdk/src/common/pico_time/time.c.obj
 *fill*         0x100078d9        0x3 
 .rodata.__func__.11
                0x100078dc       0x1a CMakeFiles/oled_i2c.dir/C_/Raspberry/Pico/pico-sdk/src/common/pico_time/time.c.obj
 *fill*         0x100078f6        0x2 
 .rodata.__func__.12
                0x100078f8        0xa CMakeFiles/oled_i2c.dir/C_/Raspberry/Pico/pico-sdk/src/common/pico_time/time.c.obj
 *fill*         0x10007902        0x2 
 .rodata.__func__.3
                0x10007904       0x17 CMakeFiles/oled_i2c.dir/C_/Raspberry/Pico/pico-sdk/src/common/pico_time/time.c.obj
 *fill*         0x1000791b        0x1 
 .rodata.__func__.4
                0x1000791c       0x12 CMakeFiles/oled_i2c.dir/C_/Raspberry/Pico/pico-sdk/src/common/pico_time/time.c.obj
 *fill*         0x1000792e        0x2 
 .rodata.__func__.5
                0x10007930        0xd CMakeFiles/oled_i2c.dir/C_/Raspberry/Pico/pico-sdk/src/common/pico_time/time.c.obj
 *fill*         0x1000793d        0x3 
 .rodata.__func__.6
                0x10007940       0x12 CMakeFiles/oled_i2c.dir/C_/Raspberry/Pico/pico-sdk/src/common/pico_time/time.c.obj
 *fill*         0x10007952        0x2 
 .rodata.__func__.7
                0x10007954        0xf CMakeFiles/oled_i2c.dir/C_/Raspberry/Pico/pico-sdk/src/common/pico_time/time.c.obj
 *fill*         0x10007963        0x1 
 .rodata.__func__.8
                0x10007964        0xc CMakeFiles/oled_i2c.dir/C_/Raspberry/Pico/pico-sdk/src/common/pico_time/time.c.obj
 .rodata.__func__.9
                0x10007970       0x15 CMakeFiles/oled_i2c.dir/C_/Raspberry/Pico/pico-sdk/src/common/pico_time/time.c.obj
 *fill*         0x10007985        0x3 
 .rodata.hardware_alarm_claim.str1.4
                0x10007988       0x22 CMakeFiles/oled_i2c.dir/C_/Raspberry/Pico/pico-sdk/src/rp2_common/hardware_timer/timer.c.obj
 *fill*         0x100079aa        0x2 
 .rodata.hardware_alarm_set_target.str1.4
                0x100079ac       0x65 CMakeFiles/oled_i2c.dir/C_/Raspberry/Pico/pico-sdk/src/rp2_common/hardware_timer/timer.c.obj
 *fill*         0x10007a11        0x3 
 .rodata.__func__.0
                0x10007a14       0x1a CMakeFiles/oled_i2c.dir/C_/Raspberry/Pico/pico-sdk/src/rp2_common/hardware_timer/timer.c.obj
 *fill*         0x10007a2e        0x2 
 .rodata.str1.4
                0x10007a30       0xb1 CMakeFiles/oled_i2c.dir/C_/Raspberry/Pico/pico-sdk/src/common/pico_sync/mutex.c.obj
                                0x115 (size before relaxing)
 *fill*         0x10007ae1        0x3 
 .rodata.__func__.0
                0x10007ae4        0xb CMakeFiles/oled_i2c.dir/C_/Raspberry/Pico/pico-sdk/src/common/pico_sync/mutex.c.obj
 *fill*         0x10007aef        0x1 
 .rodata.__func__.1
                0x10007af0       0x18 CMakeFiles/oled_i2c.dir/C_/Raspberry/Pico/pico-sdk/src/common/pico_sync/mutex.c.obj
 .rodata.__func__.2
                0x10007b08       0x15 CMakeFiles/oled_i2c.dir/C_/Raspberry/Pico/pico-sdk/src/common/pico_sync/mutex.c.obj
 *fill*         0x10007b1d        0x3 
 .rodata.__func__.3
                0x10007b20       0x15 CMakeFiles/oled_i2c.dir/C_/Raspberry/Pico/pico-sdk/src/common/pico_sync/mutex.c.obj
 .rodata.ph_add_child_node.str1.4
                0x10007b35       0x96 CMakeFiles/oled_i2c.dir/C_/Raspberry/Pico/pico-sdk/src/common/pico_util/pheap.c.obj
 *fill*         0x10007b35        0x3 
 .rodata.ph_remove_any_head.str1.4
                0x10007b38       0x8c CMakeFiles/oled_i2c.dir/C_/Raspberry/Pico/pico-sdk/src/common/pico_util/pheap.c.obj
 .rodata.ph_remove_and_free_node.str1.4
                0x10007bc4       0x26 CMakeFiles/oled_i2c.dir/C_/Raspberry/Pico/pico-sdk/src/common/pico_util/pheap.c.obj
 *fill*         0x10007bea        0x2 
 .rodata.__func__.0
                0x10007bec       0x18 CMakeFiles/oled_i2c.dir/C_/Raspberry/Pico/pico-sdk/src/common/pico_util/pheap.c.obj
 .rodata.__func__.1
                0x10007c04       0x13 CMakeFiles/oled_i2c.dir/C_/Raspberry/Pico/pico-sdk/src/common/pico_util/pheap.c.obj
 *fill*         0x10007c17        0x1 
 .rodata.__func__.2
                0x10007c18       0x12 CMakeFiles/oled_i2c.dir/C_/Raspberry/Pico/pico-sdk/src/common/pico_util/pheap.c.obj
 *fill*         0x10007c2a        0x2 
 .rodata.__func__.3
                0x10007c2c        0xc CMakeFiles/oled_i2c.dir/C_/Raspberry/Pico/pico-sdk/src/common/pico_util/pheap.c.obj
 .rodata.__assert_func.str1.4
                0x10007c38       0x3f CMakeFiles/oled_i2c.dir/C_/Raspberry/Pico/pico-sdk/src/rp2_common/pico_runtime/runtime.c.obj
                                 0x43 (size before relaxing)
 *fill*         0x10007c77        0x1 
 .rodata.panic.str1.4
                0x10007c78       0x10 CMakeFiles/oled_i2c.dir/C_/Raspberry/Pico/pico-sdk/src/rp2_common/pico_runtime/runtime.c.obj
                                 0x12 (size before relaxing)
 .rodata.clock_configure.str1.4
                0x10007c88       0x57 CMakeFiles/oled_i2c.dir/C_/Raspberry/Pico/pico-sdk/src/rp2_common/hardware_clocks/clocks.c.obj
 *fill*         0x10007cdf        0x1 
 .rodata.__func__.1
                0x10007ce0       0x10 CMakeFiles/oled_i2c.dir/C_/Raspberry/Pico/pico-sdk/src/rp2_common/hardware_clocks/clocks.c.obj
 .rodata.make_branch.str1.4
                0x10007cf0       0x4d CMakeFiles/oled_i2c.dir/C_/Raspberry/Pico/pico-sdk/src/rp2_common/hardware_irq/irq.c.obj
 *fill*         0x10007d3d        0x3 
 .rodata.irq_set_exclusive_handler.str1.4
                0x10007d40       0x36 CMakeFiles/oled_i2c.dir/C_/Raspberry/Pico/pico-sdk/src/rp2_common/hardware_irq/irq.c.obj
 *fill*         0x10007d76        0x2 
 .rodata.irq_add_shared_handler.str1.4
                0x10007d78       0xd9 CMakeFiles/oled_i2c.dir/C_/Raspberry/Pico/pico-sdk/src/rp2_common/hardware_irq/irq.c.obj
 *fill*         0x10007e51        0x3 
 .rodata.irq_remove_handler.str1.4
                0x10007e54       0x2a CMakeFiles/oled_i2c.dir/C_/Raspberry/Pico/pico-sdk/src/rp2_common/hardware_irq/irq.c.obj
 *fill*         0x10007e7e        0x2 
 .rodata.irq_add_tail_to_free_list.str1.4
                0x10007e80       0x32 CMakeFiles/oled_i2c.dir/C_/Raspberry/Pico/pico-sdk/src/rp2_common/hardware_irq/irq.c.obj
                                 0x3a (size before relaxing)
 *fill*         0x10007eb2        0x2 
 .rodata.__func__.0
                0x10007eb4       0x1a CMakeFiles/oled_i2c.dir/C_/Raspberry/Pico/pico-sdk/src/rp2_common/hardware_irq/irq.c.obj
 *fill*         0x10007ece        0x2 
 .rodata.__func__.1
                0x10007ed0       0x17 CMakeFiles/oled_i2c.dir/C_/Raspberry/Pico/pico-sdk/src/rp2_common/hardware_irq/irq.c.obj
 *fill*         0x10007ee7        0x1 
 .rodata.__func__.2
                0x10007ee8       0x13 CMakeFiles/oled_i2c.dir/C_/Raspberry/Pico/pico-sdk/src/rp2_common/hardware_irq/irq.c.obj
 *fill*         0x10007efb        0x1 
 .rodata.__func__.3
                0x10007efc        0xc CMakeFiles/oled_i2c.dir/C_/Raspberry/Pico/pico-sdk/src/rp2_common/hardware_irq/irq.c.obj
 .rodata.__func__.4
                0x10007f08        0xf CMakeFiles/oled_i2c.dir/C_/Raspberry/Pico/pico-sdk/src/rp2_common/hardware_irq/irq.c.obj
 *fill*         0x10007f17        0x1 
 .rodata.__func__.6
                0x10007f18       0x1a CMakeFiles/oled_i2c.dir/C_/Raspberry/Pico/pico-sdk/src/rp2_common/hardware_irq/irq.c.obj
 *fill*         0x10007f32        0x2 
 .rodata.pll_init.str1.4
                0x10007f34       0xdb CMakeFiles/oled_i2c.dir/C_/Raspberry/Pico/pico-sdk/src/rp2_common/hardware_pll/pll.c.obj
 *fill*         0x1000800f        0x1 
 .rodata.__func__.0
                0x10008010        0x9 CMakeFiles/oled_i2c.dir/C_/Raspberry/Pico/pico-sdk/src/rp2_common/hardware_pll/pll.c.obj
 *fill*         0x10008019        0x3 
 .rodata._ftoa.str1.4
                0x1000801c       0x15 CMakeFiles/oled_i2c.dir/C_/Raspberry/Pico/pico-sdk/src/rp2_common/pico_printf/printf.c.obj
 *fill*         0x10008031        0x3 
 .rodata._vsnprintf
                0x10008034      0x1e0 CMakeFiles/oled_i2c.dir/C_/Raspberry/Pico/pico-sdk/src/rp2_common/pico_printf/printf.c.obj
 *fill*         0x10008214        0x4 
 .rodata.pow10.0
                0x10008218       0x50 CMakeFiles/oled_i2c.dir/C_/Raspberry/Pico/pico-sdk/src/rp2_common/pico_printf/printf.c.obj
 .rodata.__aeabi_double_init.str1.4
                0x10008268       0xa8 CMakeFiles/oled_i2c.dir/C_/Raspberry/Pico/pico-sdk/src/rp2_common/pico_double/double_init_rom.c.obj
 .rodata.__func__.0
                0x10008310       0x14 CMakeFiles/oled_i2c.dir/C_/Raspberry/Pico/pico-sdk/src/rp2_common/pico_double/double_init_rom.c.obj
 .rodata.__aeabi_float_init.str1.4
                0x10008324       0x7a CMakeFiles/oled_i2c.dir/C_/Raspberry/Pico/pico-sdk/src/rp2_common/pico_float/float_init_rom.c.obj
                                 0x7e (size before relaxing)
 *fill*         0x1000839e        0x2 
 .rodata.__func__.0
                0x100083a0       0x13 CMakeFiles/oled_i2c.dir/C_/Raspberry/Pico/pico-sdk/src/rp2_common/pico_float/float_init_rom.c.obj
 *fill*         0x100083b3        0x1 
 .rodata.str1.4
                0x100083b4       0x40 CMakeFiles/oled_i2c.dir/C_/Raspberry/Pico/pico-sdk/src/rp2_common/pico_standard_link/binary_info.c.obj
 .rodata.__bi_44
                0x100083f4        0xc CMakeFiles/oled_i2c.dir/C_/Raspberry/Pico/pico-sdk/src/rp2_common/pico_standard_link/binary_info.c.obj
 .rodata.__bi_75
                0x10008400        0xc CMakeFiles/oled_i2c.dir/C_/Raspberry/Pico/pico-sdk/src/rp2_common/pico_standard_link/binary_info.c.obj
 .rodata.__bi_81
                0x1000840c        0xc CMakeFiles/oled_i2c.dir/C_/Raspberry/Pico/pico-sdk/src/rp2_common/pico_standard_link/binary_info.c.obj
 .rodata.crlf_str.3
                0x10008418        0x2 CMakeFiles/oled_i2c.dir/C_/Raspberry/Pico/pico-sdk/src/rp2_common/pico_stdio/stdio.c.obj
 *fill*         0x1000841a        0x2 
 .rodata._resetd_driver
                0x1000841c       0x18 CMakeFiles/oled_i2c.dir/C_/Raspberry/Pico/pico-sdk/src/rp2_common/pico_stdio_usb/reset_interface.c.obj
 .rodata.stdio_usb_init.str1.4
                0x10008434       0x61 CMakeFiles/oled_i2c.dir/C_/Raspberry/Pico/pico-sdk/src/rp2_common/pico_stdio_usb/stdio_usb.c.obj
 .rodata.str1.4
                0x10008434       0x13 CMakeFiles/oled_i2c.dir/C_/Raspberry/Pico/pico-sdk/src/rp2_common/pico_stdio_usb/stdio_usb.c.obj
 *fill*         0x10008447        0x1 
 .rodata.__bi_93.1
                0x10008448        0xc CMakeFiles/oled_i2c.dir/C_/Raspberry/Pico/pico-sdk/src/rp2_common/pico_stdio_usb/stdio_usb.c.obj
 .rodata.__func__.0
                0x10008454       0x15 CMakeFiles/oled_i2c.dir/C_/Raspberry/Pico/pico-sdk/src/rp2_common/pico_stdio_usb/stdio_usb.c.obj
 *fill*         0x10008469        0x3 
 .rodata.str1.4
                0x1000846c       0x2a CMakeFiles/oled_i2c.dir/C_/Raspberry/Pico/pico-sdk/src/rp2_common/pico_stdio_usb/stdio_usb_descriptors.c.obj
 *fill*         0x10008496        0x2 
 .rodata.usbd_desc_cfg
                0x10008498       0x54 CMakeFiles/oled_i2c.dir/C_/Raspberry/Pico/pico-sdk/src/rp2_common/pico_stdio_usb/stdio_usb_descriptors.c.obj
 .rodata.usbd_desc_device
                0x100084ec       0x12 CMakeFiles/oled_i2c.dir/C_/Raspberry/Pico/pico-sdk/src/rp2_common/pico_stdio_usb/stdio_usb_descriptors.c.obj
 *fill*         0x100084fe        0x2 
 .rodata.usbd_desc_str
                0x10008500       0x18 CMakeFiles/oled_i2c.dir/C_/Raspberry/Pico/pico-sdk/src/rp2_common/pico_stdio_usb/stdio_usb_descriptors.c.obj
 .rodata._hw_endpoint_alloc.str1.4
                0x10008518       0xb5 CMakeFiles/oled_i2c.dir/C_/Raspberry/Pico/pico-sdk/lib/tinyusb/src/portable/raspberrypi/rp2040/dcd_rp2040.c.obj
 *fill*         0x100085cd        0x3 
 .rodata._hw_endpoint_init.str1.4
                0x100085d0       0x28 CMakeFiles/oled_i2c.dir/C_/Raspberry/Pico/pico-sdk/lib/tinyusb/src/portable/raspberrypi/rp2040/dcd_rp2040.c.obj
 .rodata.hw_handle_buff_status.str1.4
                0x100085f8        0xb CMakeFiles/oled_i2c.dir/C_/Raspberry/Pico/pico-sdk/lib/tinyusb/src/portable/raspberrypi/rp2040/dcd_rp2040.c.obj
 *fill*         0x10008603        0x1 
 .rodata.dcd_rp2040_irq.str1.4
                0x10008604       0x14 CMakeFiles/oled_i2c.dir/C_/Raspberry/Pico/pico-sdk/lib/tinyusb/src/portable/raspberrypi/rp2040/dcd_rp2040.c.obj
 .rodata._hw_endpoint_stall.str1.4
                0x10008618        0xd CMakeFiles/oled_i2c.dir/C_/Raspberry/Pico/pico-sdk/lib/tinyusb/src/portable/raspberrypi/rp2040/dcd_rp2040.c.obj
 *fill*         0x10008625        0x3 
 .rodata.dcd_int_enable.str1.4
                0x10008628        0xc CMakeFiles/oled_i2c.dir/C_/Raspberry/Pico/pico-sdk/lib/tinyusb/src/portable/raspberrypi/rp2040/dcd_rp2040.c.obj
 .rodata.__func__.0
                0x10008634       0x15 CMakeFiles/oled_i2c.dir/C_/Raspberry/Pico/pico-sdk/lib/tinyusb/src/portable/raspberrypi/rp2040/dcd_rp2040.c.obj
 *fill*         0x10008649        0x3 
 .rodata.__func__.1
                0x1000864c       0x13 CMakeFiles/oled_i2c.dir/C_/Raspberry/Pico/pico-sdk/lib/tinyusb/src/portable/raspberrypi/rp2040/dcd_rp2040.c.obj
 *fill*         0x1000865f        0x1 
 .rodata.__func__.11
                0x10008660        0xf CMakeFiles/oled_i2c.dir/C_/Raspberry/Pico/pico-sdk/lib/tinyusb/src/portable/raspberrypi/rp2040/dcd_rp2040.c.obj
 *fill*         0x1000866f        0x1 
 .rodata.__func__.12
                0x10008670       0x13 CMakeFiles/oled_i2c.dir/C_/Raspberry/Pico/pico-sdk/lib/tinyusb/src/portable/raspberrypi/rp2040/dcd_rp2040.c.obj
 *fill*         0x10008683        0x1 
 .rodata.__func__.13
                0x10008684       0x16 CMakeFiles/oled_i2c.dir/C_/Raspberry/Pico/pico-sdk/lib/tinyusb/src/portable/raspberrypi/rp2040/dcd_rp2040.c.obj
 *fill*         0x1000869a        0x2 
 .rodata.__func__.14
                0x1000869c        0x9 CMakeFiles/oled_i2c.dir/C_/Raspberry/Pico/pico-sdk/lib/tinyusb/src/portable/raspberrypi/rp2040/dcd_rp2040.c.obj
 *fill*         0x100086a5        0x3 
 .rodata.__func__.2
                0x100086a8        0xf CMakeFiles/oled_i2c.dir/C_/Raspberry/Pico/pico-sdk/lib/tinyusb/src/portable/raspberrypi/rp2040/dcd_rp2040.c.obj
 *fill*         0x100086b7        0x1 
 .rodata.__func__.3
                0x100086b8        0xe CMakeFiles/oled_i2c.dir/C_/Raspberry/Pico/pico-sdk/lib/tinyusb/src/portable/raspberrypi/rp2040/dcd_rp2040.c.obj
 *fill*         0x100086c6        0x2 
 .rodata.__func__.4
                0x100086c8        0xe CMakeFiles/oled_i2c.dir/C_/Raspberry/Pico/pico-sdk/lib/tinyusb/src/portable/raspberrypi/rp2040/dcd_rp2040.c.obj
 *fill*         0x100086d6        0x2 
 .rodata.__func__.5
                0x100086d8       0x1a CMakeFiles/oled_i2c.dir/C_/Raspberry/Pico/pico-sdk/lib/tinyusb/src/portable/raspberrypi/rp2040/dcd_rp2040.c.obj
 *fill*         0x100086f2        0x2 
 .rodata.__func__.6
                0x100086f4        0xc CMakeFiles/oled_i2c.dir/C_/Raspberry/Pico/pico-sdk/lib/tinyusb/src/portable/raspberrypi/rp2040/dcd_rp2040.c.obj
 .rodata.__func__.9
                0x10008700       0x10 CMakeFiles/oled_i2c.dir/C_/Raspberry/Pico/pico-sdk/lib/tinyusb/src/portable/raspberrypi/rp2040/dcd_rp2040.c.obj
 .rodata._hw_endpoint_buffer_control_update32.str1.4
                0x10008710       0x1f CMakeFiles/oled_i2c.dir/C_/Raspberry/Pico/pico-sdk/lib/tinyusb/src/portable/raspberrypi/rp2040/rp2040_usb.c.obj
 *fill*         0x1000872f        0x1 
 .rodata._hw_endpoint_xfer_sync.str1.4
                0x10008730       0x91 CMakeFiles/oled_i2c.dir/C_/Raspberry/Pico/pico-sdk/lib/tinyusb/src/portable/raspberrypi/rp2040/rp2040_usb.c.obj
 *fill*         0x100087c1        0x3 
 .rodata._hw_endpoint_xfer_continue.str1.4
                0x100087c4       0x50 CMakeFiles/oled_i2c.dir/C_/Raspberry/Pico/pico-sdk/lib/tinyusb/src/portable/raspberrypi/rp2040/rp2040_usb.c.obj
 .rodata._hw_endpoint_xfer.str1.4
                0x10008814        0xf CMakeFiles/oled_i2c.dir/C_/Raspberry/Pico/pico-sdk/lib/tinyusb/src/portable/raspberrypi/rp2040/rp2040_usb.c.obj
 *fill*         0x10008823        0x1 
 .rodata.str1.4
                0x10008824        0x7 CMakeFiles/oled_i2c.dir/C_/Raspberry/Pico/pico-sdk/lib/tinyusb/src/portable/raspberrypi/rp2040/rp2040_usb.c.obj
 *fill*         0x1000882b        0x1 
 .rodata.__func__.0
                0x1000882c       0x12 CMakeFiles/oled_i2c.dir/C_/Raspberry/Pico/pico-sdk/lib/tinyusb/src/portable/raspberrypi/rp2040/rp2040_usb.c.obj
 *fill*         0x1000883e        0x2 
 .rodata.__func__.1
                0x10008840       0x17 CMakeFiles/oled_i2c.dir/C_/Raspberry/Pico/pico-sdk/lib/tinyusb/src/portable/raspberrypi/rp2040/rp2040_usb.c.obj
 *fill*         0x10008857        0x1 
 .rodata.process_set_config.str1.4
                0x10008858       0x17 CMakeFiles/oled_i2c.dir/C_/Raspberry/Pico/pico-sdk/lib/tinyusb/src/device/usbd.c.obj
 *fill*         0x1000886f        0x1 
 .rodata.process_get_descriptor
                0x10008870       0x40 CMakeFiles/oled_i2c.dir/C_/Raspberry/Pico/pico-sdk/lib/tinyusb/src/device/usbd.c.obj
 .rodata.process_control_request
                0x100088b0       0x28 CMakeFiles/oled_i2c.dir/C_/Raspberry/Pico/pico-sdk/lib/tinyusb/src/device/usbd.c.obj
 .rodata.tud_task
                0x100088d8       0x24 CMakeFiles/oled_i2c.dir/C_/Raspberry/Pico/pico-sdk/lib/tinyusb/src/device/usbd.c.obj
 .rodata.__func__.2
                0x100088fc        0xf CMakeFiles/oled_i2c.dir/C_/Raspberry/Pico/pico-sdk/lib/tinyusb/src/device/usbd.c.obj
 *fill*         0x1000890b        0x1 
 .rodata.__func__.3
                0x1000890c        0xf CMakeFiles/oled_i2c.dir/C_/Raspberry/Pico/pico-sdk/lib/tinyusb/src/device/usbd.c.obj
 *fill*         0x1000891b        0x1 
 .rodata.__func__.4
                0x1000891c       0x14 CMakeFiles/oled_i2c.dir/C_/Raspberry/Pico/pico-sdk/lib/tinyusb/src/device/usbd.c.obj
 .rodata.__func__.5
                0x10008930       0x10 CMakeFiles/oled_i2c.dir/C_/Raspberry/Pico/pico-sdk/lib/tinyusb/src/device/usbd.c.obj
 .rodata.__func__.6
                0x10008940       0x17 CMakeFiles/oled_i2c.dir/C_/Raspberry/Pico/pico-sdk/lib/tinyusb/src/device/usbd.c.obj
 *fill*         0x10008957        0x1 
 .rodata.__func__.7
                0x10008958       0x13 CMakeFiles/oled_i2c.dir/C_/Raspberry/Pico/pico-sdk/lib/tinyusb/src/device/usbd.c.obj
 *fill*         0x1000896b        0x1 
 .rodata.__func__.8
                0x1000896c       0x18 CMakeFiles/oled_i2c.dir/C_/Raspberry/Pico/pico-sdk/lib/tinyusb/src/device/usbd.c.obj
 .rodata.__func__.9
                0x10008984        0x9 CMakeFiles/oled_i2c.dir/C_/Raspberry/Pico/pico-sdk/lib/tinyusb/src/device/usbd.c.obj
 *fill*         0x1000898d        0x3 
 .rodata._usbd_driver
                0x10008990       0x18 CMakeFiles/oled_i2c.dir/C_/Raspberry/Pico/pico-sdk/lib/tinyusb/src/device/usbd.c.obj
 .rodata.tud_control_xfer.str1.4
                0x100089a8       0x17 CMakeFiles/oled_i2c.dir/C_/Raspberry/Pico/pico-sdk/lib/tinyusb/src/device/usbd_control.c.obj
 .rodata.__func__.0
                0x100089a8       0x15 CMakeFiles/oled_i2c.dir/C_/Raspberry/Pico/pico-sdk/lib/tinyusb/src/device/usbd_control.c.obj
 *fill*         0x100089bd        0x3 
 .rodata.__func__.1
                0x100089c0       0x11 CMakeFiles/oled_i2c.dir/C_/Raspberry/Pico/pico-sdk/lib/tinyusb/src/device/usbd_control.c.obj
 .rodata.tud_cdc_n_write_flush.str1.4
                0x100089d1       0x17 CMakeFiles/oled_i2c.dir/C_/Raspberry/Pico/pico-sdk/lib/tinyusb/src/class/cdc/cdc_device.c.obj
 *fill*         0x100089d1        0x3 
 .rodata.__func__.0
                0x100089d4        0xd CMakeFiles/oled_i2c.dir/C_/Raspberry/Pico/pico-sdk/lib/tinyusb/src/class/cdc/cdc_device.c.obj
 *fill*         0x100089e1        0x3 
 .rodata.__func__.1
                0x100089e4        0xa CMakeFiles/oled_i2c.dir/C_/Raspberry/Pico/pico-sdk/lib/tinyusb/src/class/cdc/cdc_device.c.obj
 *fill*         0x100089ee        0x2 
 .rodata.__func__.2
                0x100089f0       0x16 CMakeFiles/oled_i2c.dir/C_/Raspberry/Pico/pico-sdk/lib/tinyusb/src/class/cdc/cdc_device.c.obj
 .rodata.tusb_init.str1.4
                0x10008a06       0x17 CMakeFiles/oled_i2c.dir/C_/Raspberry/Pico/pico-sdk/lib/tinyusb/src/tusb.c.obj
 *fill*         0x10008a06        0x2 
 .rodata.__func__.0
                0x10008a08        0xa CMakeFiles/oled_i2c.dir/C_/Raspberry/Pico/pico-sdk/lib/tinyusb/src/tusb.c.obj
 *fill*         0x10008a12        0x2 
 .rodata.pico_get_unique_board_id_string.str1.4
                0x10008a14       0x4d CMakeFiles/oled_i2c.dir/C_/Raspberry/Pico/pico-sdk/src/rp2_common/pico_unique_id/unique_id.c.obj
 *fill*         0x10008a61        0x3 
 .rodata.__func__.0
                0x10008a64       0x20 CMakeFiles/oled_i2c.dir/C_/Raspberry/Pico/pico-sdk/src/rp2_common/pico_unique_id/unique_id.c.obj
 .rodata.str1.4
                0x10008a84      0x15a CMakeFiles/oled_i2c.dir/C_/Raspberry/Pico/pico-sdk/src/rp2_common/hardware_flash/flash.c.obj
 *fill*         0x10008bde        0x2 
 .rodata.__func__.0
                0x10008be0        0xd CMakeFiles/oled_i2c.dir/C_/Raspberry/Pico/pico-sdk/src/rp2_common/hardware_flash/flash.c.obj
 *fill*         0x10008bed        0x3 
 .rodata.i2c_set_baudrate.str1.4
                0x10008bf0       0x5d CMakeFiles/oled_i2c.dir/C_/Raspberry/Pico/pico-sdk/src/rp2_common/hardware_i2c/i2c.c.obj
 *fill*         0x10008c4d        0x3 
 .rodata.__func__.0
                0x10008c50       0x11 CMakeFiles/oled_i2c.dir/C_/Raspberry/Pico/pico-sdk/src/rp2_common/hardware_i2c/i2c.c.obj
                0x10008c64                . = ALIGN (0x4)
 *fill*         0x10008c61        0x3 
 *(SORT_BY_ALIGNMENT(SORT_BY_NAME(.flashdata*)))
                0x10008c64                . = ALIGN (0x4)

.rel.dyn        0x10008c64        0x0
 .rel.iplt      0x10008c64        0x0 c:/progra~2/gnuarm~1/102021~1.07/bin/../lib/gcc/arm-none-eabi/10.3.1/thumb/v6-m/nofp/crtbegin.o

.ARM.extab
 *(.ARM.extab* .gnu.linkonce.armextab.*)
                0x10008c64                __exidx_start = .

.ARM.exidx
 *(.ARM.exidx* .gnu.linkonce.armexidx.*)
                0x10008c64                __exidx_end = .
                0x10008c64                . = ALIGN (0x4)
                0x10008c64                __binary_info_start = .

.binary_info    0x10008c64       0x24
 *(.binary_info.keep.*)
 .binary_info.keep.__bi_ptr215
                0x10008c64        0x4 CMakeFiles/oled_i2c.dir/oled_i2c.c.obj
 .binary_info.keep.__bi_ptr22
                0x10008c68        0x4 CMakeFiles/oled_i2c.dir/C_/Raspberry/Pico/pico-sdk/src/rp2_common/pico_standard_link/binary_info.c.obj
 .binary_info.keep.__bi_ptr30
                0x10008c6c        0x4 CMakeFiles/oled_i2c.dir/C_/Raspberry/Pico/pico-sdk/src/rp2_common/pico_standard_link/binary_info.c.obj
 .binary_info.keep.__bi_ptr38
                0x10008c70        0x4 CMakeFiles/oled_i2c.dir/C_/Raspberry/Pico/pico-sdk/src/rp2_common/pico_standard_link/binary_info.c.obj
 .binary_info.keep.__bi_ptr44
                0x10008c74        0x4 CMakeFiles/oled_i2c.dir/C_/Raspberry/Pico/pico-sdk/src/rp2_common/pico_standard_link/binary_info.c.obj
 .binary_info.keep.__bi_ptr50
                0x10008c78        0x4 CMakeFiles/oled_i2c.dir/C_/Raspberry/Pico/pico-sdk/src/rp2_common/pico_standard_link/binary_info.c.obj
 .binary_info.keep.__bi_ptr75
                0x10008c7c        0x4 CMakeFiles/oled_i2c.dir/C_/Raspberry/Pico/pico-sdk/src/rp2_common/pico_standard_link/binary_info.c.obj
 .binary_info.keep.__bi_ptr81
                0x10008c80        0x4 CMakeFiles/oled_i2c.dir/C_/Raspberry/Pico/pico-sdk/src/rp2_common/pico_standard_link/binary_info.c.obj
 *(.binary_info.*)
 .binary_info.__bi_ptr93
                0x10008c84        0x4 CMakeFiles/oled_i2c.dir/C_/Raspberry/Pico/pico-sdk/src/rp2_common/pico_stdio_usb/stdio_usb.c.obj
                0x10008c88                __binary_info_end = .
                0x10008c88                . = ALIGN (0x4)
                0x10008c88                __etext = .

.ram_vector_table
                0x20000000       0xc0
 *(.ram_vector_table)
 .ram_vector_table
                0x20000000       0xc0 CMakeFiles/oled_i2c.dir/C_/Raspberry/Pico/pico-sdk/src/rp2_common/pico_runtime/runtime.c.obj
                0x20000000                ram_vector_table

.data           0x200000c0      0x508 load address 0x10008c88
                0x200000c0                __data_start__ = .
 *(vtable)
 *(.time_critical*)
 .time_critical.mutex_enter_blocking
                0x200000c0       0x94 CMakeFiles/oled_i2c.dir/C_/Raspberry/Pico/pico-sdk/src/common/pico_sync/mutex.c.obj
                0x200000c0                mutex_enter_blocking
 .time_critical.mutex_try_enter
                0x20000154       0x5a CMakeFiles/oled_i2c.dir/C_/Raspberry/Pico/pico-sdk/src/common/pico_sync/mutex.c.obj
                0x20000154                mutex_try_enter
 *fill*         0x200001ae        0x2 
 .time_critical.mutex_enter_block_until
                0x200001b0       0x8c CMakeFiles/oled_i2c.dir/C_/Raspberry/Pico/pico-sdk/src/common/pico_sync/mutex.c.obj
                0x200001b0                mutex_enter_block_until
 .time_critical.mutex_enter_timeout_ms
                0x2000023c       0x74 CMakeFiles/oled_i2c.dir/C_/Raspberry/Pico/pico-sdk/src/common/pico_sync/mutex.c.obj
                0x2000023c                mutex_enter_timeout_ms
 .time_critical.mutex_exit
                0x200002b0       0x94 CMakeFiles/oled_i2c.dir/C_/Raspberry/Pico/pico-sdk/src/common/pico_sync/mutex.c.obj
                0x200002b0                mutex_exit
 .time_critical.flash_init_boot2_copyout
                0x20000344       0x30 CMakeFiles/oled_i2c.dir/C_/Raspberry/Pico/pico-sdk/src/rp2_common/hardware_flash/flash.c.obj
 .time_critical.flash_enable_xip_via_boot2
                0x20000374       0x10 CMakeFiles/oled_i2c.dir/C_/Raspberry/Pico/pico-sdk/src/rp2_common/hardware_flash/flash.c.obj
 .time_critical.flash_cs_force
                0x20000384       0x28 CMakeFiles/oled_i2c.dir/C_/Raspberry/Pico/pico-sdk/src/rp2_common/hardware_flash/flash.c.obj
 .time_critical.flash_do_cmd
                0x200003ac       0xc0 CMakeFiles/oled_i2c.dir/C_/Raspberry/Pico/pico-sdk/src/rp2_common/hardware_flash/flash.c.obj
                0x200003ac                flash_do_cmd
 *(.text*)
 .text          0x2000046c        0x4 c:/progra~2/gnuarm~1/102021~1.07/bin/../lib/gcc/arm-none-eabi/10.3.1/thumb/v6-m/nofp\libgcc.a(_dvmd_tls.o)
                0x2000046c                __aeabi_idiv0
                0x2000046c                __aeabi_ldiv0
 .text.__stub   0x20000470       0x50 linker stubs
                0x200004c0                . = ALIGN (0x4)
 *(.rodata*)
                0x200004c0                . = ALIGN (0x4)
 *(.data*)
 .data.striped_spin_lock_num
                0x200004c0        0x1 CMakeFiles/oled_i2c.dir/C_/Raspberry/Pico/pico-sdk/src/rp2_common/hardware_sync/sync.c.obj
 *fill*         0x200004c1        0x3 
 .data.default_alarm_pool
                0x200004c4       0x18 CMakeFiles/oled_i2c.dir/C_/Raspberry/Pico/pico-sdk/src/common/pico_time/time.c.obj
 .data.default_alarm_pool_heap
                0x200004dc       0x10 CMakeFiles/oled_i2c.dir/C_/Raspberry/Pico/pico-sdk/src/common/pico_time/time.c.obj
 .data          0x200004ec       0x48 CMakeFiles/oled_i2c.dir/C_/Raspberry/Pico/pico-sdk/src/rp2_common/hardware_irq/irq_handler_chain.S.obj
                0x200004ec                irq_handler_chain_slots
                0x2000051c                irq_handler_chain_first_slot
                0x20000526                irq_handler_chain_remove_tail
 *fill*         0x20000534        0xc 
 .data.aeabi_bits_funcs
                0x20000540       0x10 CMakeFiles/oled_i2c.dir/C_/Raspberry/Pico/pico-sdk/src/rp2_common/pico_bit_ops/bit_ops_aeabi.S.obj
                0x20000540                aeabi_bits_funcs
                0x20000550                aeabi_bits_funcs_end
 .data.aeabi_mem_funcs
                0x20000550       0x10 CMakeFiles/oled_i2c.dir/C_/Raspberry/Pico/pico-sdk/src/rp2_common/pico_mem_ops/mem_ops_aeabi.S.obj
                0x20000550                aeabi_mem_funcs
                0x20000560                aeabi_mem_funcs_end
 .data.stdio_usb
                0x20000560       0x14 CMakeFiles/oled_i2c.dir/C_/Raspberry/Pico/pico-sdk/src/rp2_common/pico_stdio_usb/stdio_usb.c.obj
                0x20000560                stdio_usb
 .data.ep_dir_string
                0x20000574        0x8 CMakeFiles/oled_i2c.dir/C_/Raspberry/Pico/pico-sdk/lib/tinyusb/src/portable/raspberrypi/rp2040/rp2040_usb.c.obj
                0x20000574                ep_dir_string
 .data._usbd_qdef
                0x2000057c       0x24 CMakeFiles/oled_i2c.dir/C_/Raspberry/Pico/pico-sdk/lib/tinyusb/src/device/usbd.c.obj
                0x2000057c                _usbd_qdef
 .data.i2c0_inst
                0x200005a0        0x8 CMakeFiles/oled_i2c.dir/C_/Raspberry/Pico/pico-sdk/src/rp2_common/hardware_i2c/i2c.c.obj
                0x200005a0                i2c0_inst
                0x200005a8                . = ALIGN (0x4)
 *(.after_data.*)
                0x200005a8                . = ALIGN (0x4)
                0x200005a8                PROVIDE (__mutex_array_start = .)
 *(SORT_BY_NAME(.mutex_array.*))
 *(.mutex_array)
 .mutex_array   0x200005a8        0x8 CMakeFiles/oled_i2c.dir/C_/Raspberry/Pico/pico-sdk/src/rp2_common/pico_stdio/stdio.c.obj
                0x200005b0                PROVIDE (__mutex_array_end = .)
                0x200005b0                . = ALIGN (0x4)
                0x200005b0                PROVIDE (__preinit_array_start = .)
 *(SORT_BY_NAME(.preinit_array.*))
 .preinit_array.00001
                0x200005b0        0x4 CMakeFiles/oled_i2c.dir/C_/Raspberry/Pico/pico-sdk/src/rp2_common/pico_mem_ops/mem_ops_aeabi.S.obj
 .preinit_array.00010
                0x200005b4        0x4 CMakeFiles/oled_i2c.dir/C_/Raspberry/Pico/pico-sdk/src/rp2_common/pico_bit_ops/bit_ops_aeabi.S.obj
 .preinit_array.00020
                0x200005b8        0x4 CMakeFiles/oled_i2c.dir/C_/Raspberry/Pico/pico-sdk/src/rp2_common/pico_double/double_aeabi.S.obj
 .preinit_array.00020
                0x200005bc        0x4 CMakeFiles/oled_i2c.dir/C_/Raspberry/Pico/pico-sdk/src/rp2_common/pico_float/float_aeabi.S.obj
 *(.preinit_array)
                0x200005c0                PROVIDE (__preinit_array_end = .)
                0x200005c0                . = ALIGN (0x4)
                0x200005c0                PROVIDE (__init_array_start = .)
 *(SORT_BY_NAME(.init_array.*))
 *(.init_array)
 .init_array    0x200005c0        0x4 c:/progra~2/gnuarm~1/102021~1.07/bin/../lib/gcc/arm-none-eabi/10.3.1/thumb/v6-m/nofp/crtbegin.o
 .init_array    0x200005c4        0x4 CMakeFiles/oled_i2c.dir/C_/Raspberry/Pico/pico-sdk/src/rp2_common/pico_unique_id/unique_id.c.obj
                0x200005c8                PROVIDE (__init_array_end = .)
                0x200005c8                . = ALIGN (0x4)
                [!provide]                PROVIDE (__fini_array_start = .)
 *(SORT_BY_NAME(.fini_array.*))
 *(.fini_array)
                [!provide]                PROVIDE (__fini_array_end = .)
 *(.jcr)
                0x200005c8                . = ALIGN (0x4)
                0x200005c8                __data_end__ = .

.igot.plt       0x200005c8        0x0 load address 0x10009190