Archive member included to satisfy reference by file (symbol)

c:/progra~2/gnuarm~1/102021~1.07/bin/../lib/gcc/arm-none-eabi/10.3.1/thumb/v6-m/nofp\libgcc.a(_dvmd_tls.o)
                              CMakeFiles/oled_i2c.dir/C_/Raspberry/Pico/pico-sdk/src/rp2_common/pico_divider/divider.S.obj (__aeabi_idiv0)
c:/progra~2/gnuarm~1/102021~1.07/bin/../lib/gcc/arm-none-eabi/10.3.1/../../../../arm-none-eabi/lib/thumb/v6-m/nofp\libg.a(lib_a-calloc.o)
                              CMakeFiles/oled_i2c.dir/C_/Raspberry/Pico/pico-sdk/src/rp2_common/pico_malloc/pico_malloc.c.obj (calloc)
c:/progra~2/gnuarm~1/102021~1.07/bin/../lib/gcc/arm-none-eabi/10.3.1/../../../../arm-none-eabi/lib/thumb/v6-m/nofp\libg.a(lib_a-callocr.o)
                              c:/progra~2/gnuarm~1/102021~1.07/bin/../lib/gcc/arm-none-eabi/10.3.1/../../../../arm-none-eabi/lib/thumb/v6-m/nofp\libg.a(lib_a-calloc.o) (_calloc_r)
c:/progra~2/gnuarm~1/102021~1.07/bin/../lib/gcc/arm-none-eabi/10.3.1/../../../../arm-none-eabi/lib/thumb/v6-m/nofp\libg.a(lib_a-ctype_.o)
                              CMakeFiles/oled_i2c.dir/C_/Raspberry/Pico/pico-sdk/lib/tinyusb/src/tusb.c.obj (_ctype_)
c:/progra~2/gnuarm~1/102021~1.07/bin/../lib/gcc/arm-none-eabi/10.3.1/../../../../arm-none-eabi/lib/thumb/v6-m/nofp\libg.a(lib_a-errno.o)
                              c:/progra~2/gnuarm~1/102021~1.07/bin/../lib/gcc/arm-none-eabi/10.3.1/../../../../arm-none-eabi/lib/thumb/v6-m/nofp\libg.a(lib_a-callocr.o) (__errno)
c:/progra~2/gnuarm~1/102021~1.07/bin/../lib/gcc/arm-none-eabi/10.3.1/../../../../arm-none-eabi/lib/thumb/v6-m/nofp\libg.a(lib_a-impure.o)
                              c:/progra~2/gnuarm~1/102021~1.07/bin/../lib/gcc/arm-none-eabi/10.3.1/../../../../arm-none-eabi/lib/thumb/v6-m/nofp\libg.a(lib_a-calloc.o) (_impure_ptr)
c:/progra~2/gnuarm~1/102021~1.07/bin/../lib/gcc/arm-none-eabi/10.3.1/../../../../arm-none-eabi/lib/thumb/v6-m/nofp\libg.a(lib_a-init.o)
                              c:/progra~2/gnuarm~1/102021~1.07/bin/../lib/gcc/arm-none-eabi/10.3.1/../../../../arm-none-eabi/lib/thumb/v6-m/nofp/crt0.o (__libc_init_array)
c:/progra~2/gnuarm~1/102021~1.07/bin/../lib/gcc/arm-none-eabi/10.3.1/../../../../arm-none-eabi/lib/thumb/v6-m/nofp\libg.a(lib_a-malloc.o)
                              CMakeFiles/oled_i2c.dir/C_/Raspberry/Pico/pico-sdk/src/rp2_common/pico_malloc/pico_malloc.c.obj (malloc)
c:/progra~2/gnuarm~1/102021~1.07/bin/../lib/gcc/arm-none-eabi/10.3.1/../../../../arm-none-eabi/lib/thumb/v6-m/nofp\libg.a(lib_a-mallocr.o)
                              c:/progra~2/gnuarm~1/102021~1.07/bin/../lib/gcc/arm-none-eabi/10.3.1/../../../../arm-none-eabi/lib/thumb/v6-m/nofp\libg.a(lib_a-callocr.o) (_malloc_r)
c:/progra~2/gnuarm~1/102021~1.07/bin/../lib/gcc/arm-none-eabi/10.3.1/../../../../arm-none-eabi/lib/thumb/v6-m/nofp\libg.a(lib_a-mlock.o)
                              c:/progra~2/gnuarm~1/102021~1.07/bin/../lib/gcc/arm-none-eabi/10.3.1/../../../../arm-none-eabi/lib/thumb/v6-m/nofp\libg.a(lib_a-mallocr.o) (__malloc_lock)
c:/progra~2/gnuarm~1/102021~1.07/bin/../lib/gcc/arm-none-eabi/10.3.1/../../../../arm-none-eabi/lib/thumb/v6-m/nofp\libg.a(lib_a-sbrkr.o)
                              c:/progra~2/gnuarm~1/102021~1.07/bin/../lib/gcc/arm-none-eabi/10.3.1/../../../../arm-none-eabi/lib/thumb/v6-m/nofp\libg.a(lib_a-mallocr.o) (_sbrk_r)
c:/progra~2/gnuarm~1/102021~1.07/bin/../lib/gcc/arm-none-eabi/10.3.1/../../../../arm-none-eabi/lib/thumb/v6-m/nofp\libg.a(lib_a-strlen-stub.o)
                              CMakeFiles/oled_i2c.dir/C_/Raspberry/Pico/pico-sdk/src/rp2_common/pico_stdio/stdio.c.obj (strlen)
c:/progra~2/gnuarm~1/102021~1.07/bin/../lib/gcc/arm-none-eabi/10.3.1/../../../../arm-none-eabi/lib/thumb/v6-m/nofp\libg.a(lib_a-freer.o)
                              c:/progra~2/gnuarm~1/102021~1.07/bin/../lib/gcc/arm-none-eabi/10.3.1/../../../../arm-none-eabi/lib/thumb/v6-m/nofp\libg.a(lib_a-malloc.o) (_free_r)
c:/progra~2/gnuarm~1/102021~1.07/bin/../lib/gcc/arm-none-eabi/10.3.1/../../../../arm-none-eabi/lib/thumb/v6-m/nofp\libg.a(lib_a-lock.o)
                              c:/progra~2/gnuarm~1/102021~1.07/bin/../lib/gcc/arm-none-eabi/10.3.1/../../../../arm-none-eabi/lib/thumb/v6-m/nofp\libg.a(lib_a-mlock.o) (__retarget_lock_acquire_recursive)
c:/progra~2/gnuarm~1/102021~1.07/bin/../lib/gcc/arm-none-eabi/10.3.1/../../../../arm-none-eabi/lib/thumb/v6-m/nofp\libg.a(lib_a-reent.o)
                              c:/progra~2/gnuarm~1/102021~1.07/bin/../lib/gcc/arm-none-eabi/10.3.1/../../../../arm-none-eabi/lib/thumb/v6-m/nofp\libg.a(lib_a-sbrkr.o) (errno)

Discarded input sections

 .text          0x00000000        0x0 c:/progra~2/gnuarm~1/102021~1.07/bin/../lib/gcc/arm-none-eabi/10.3.1/thumb/v6-m/nofp/crti.o
 .data          0x00000000        0x0 c:/progra~2/gnuarm~1/102021~1.07/bin/../lib/gcc/arm-none-eabi/10.3.1/thumb/v6-m/nofp/crti.o
[...]
Memory Configuration

Name             Origin             Length             Attributes
FLASH            0x10000000         0x00200000         xr
RAM              0x20000000         0x00040000         xrw
SCRATCH_X        0x20040000         0x00001000         xrw
SCRATCH_Y        0x20041000         0x00001000         xrw
*default*        0x00000000         0xffffffff

Linker script and memory map

LOAD c:/progra~2/gnuarm~1/102021~1.07/bin/../lib/gcc/arm-none-eabi/10.3.1/thumb/v6-m/nofp/crti.o
LOAD c:/progra~2/gnuarm~1/102021~1.07/bin/../lib/gcc/arm-none-eabi/10.3.1/thumb/v6-m/nofp/crtbegin.o
LOAD c:/progra~2/gnuarm~1/102021~1.07/bin/../lib/gcc/arm-none-eabi/10.3.1/../../../../arm-none-eabi/lib/thumb/v6-m/nofp/crt0.o

.flash_begin    0x10000000        0x0
                0x10000000                __flash_binary_start = .

.boot2          0x10000000      0x100
                0x10000000                __boot2_start__ = .
 *(.boot2)
 .boot2         0x10000000      0x100 C:\Users\Ivad\AppData\Local\Temp\ccYFHlc7.o
                0x10000100                __boot2_end__ = .
                0x00000001                ASSERT (((__boot2_end__ - __boot2_start__) == 0x100), ERROR: Pico second stage bootloader must be 256 bytes in size)

.text           0x10000100     0x7450
                0x10000100                __logical_binary_start = .
 *(.vectors)
 .vectors       0x10000100       0xd4 CMakeFiles/oled_i2c.dir/C_/Raspberry/Pico/pico-sdk/src/rp2_common/pico_standard_link/crt0.S.obj
                0x10000100                __VECTOR_TABLE
                0x10000100                __vectors
                0x100001c0                isr_invalid
                0x100001c0                __default_isrs_start
                0x100001c2                isr_nmi
                0x100001c4                isr_hardfault
                0x100001c6                isr_svcall
                0x100001c8                isr_pendsv
                0x100001ca                isr_systick
                0x100001cc                isr_irq23
                0x100001cc                isr_irq18
                0x100001cc                isr_irq11
                0x100001cc                isr_irq28
                0x100001cc                isr_irq19
                0x100001cc                isr_irq0
                0x100001cc                isr_irq6
                0x100001cc                isr_irq5
                0x100001cc                isr_irq12
                0x100001cc                isr_irq22
                0x100001cc                isr_irq31
                0x100001cc                isr_irq17
                0x100001cc                isr_irq27
                0x100001cc                isr_irq30
                0x100001cc                isr_irq2
                0x100001cc                isr_irq10
                0x100001cc                isr_irq8
                0x100001cc                isr_irq24
                0x100001cc                isr_irq1
                0x100001cc                isr_irq7
                0x100001cc                isr_irq21
                0x100001cc                isr_irq20
                0x100001cc                isr_irq15
                0x100001cc                isr_irq25
                0x100001cc                isr_irq13
                0x100001cc                __unhandled_user_irq
                0x100001cc                isr_irq4
                0x100001cc                isr_irq16
                0x100001cc                isr_irq29
                0x100001cc                isr_irq26
                0x100001cc                __default_isrs_end
                0x100001cc                isr_irq3
                0x100001cc                isr_irq14
                0x100001cc                isr_irq9
                0x100001d2                unhandled_user_irq_num_in_r0
 *(.binary_info_header)
 .binary_info_header
                0x100001d4       0x14 CMakeFiles/oled_i2c.dir/C_/Raspberry/Pico/pico-sdk/src/rp2_common/pico_standard_link/crt0.S.obj
                0x100001e8                __binary_info_header_end = .
 *(.reset)
 .reset         0x100001e8       0xa8 CMakeFiles/oled_i2c.dir/C_/Raspberry/Pico/pico-sdk/src/rp2_common/pico_standard_link/crt0.S.obj
                0x100001e8                _entry_point
                0x10000266                __get_current_exception
 .reset         0x10000290       0x30 CMakeFiles/oled_i2c.dir/C_/Raspberry/Pico/pico-sdk/src/rp2_common/pico_standard_link/binary_info.c.obj
 *(.init)
 .init          0x100002c0        0x4 c:/progra~2/gnuarm~1/102021~1.07/bin/../lib/gcc/arm-none-eabi/10.3.1/thumb/v6-m/nofp/crti.o
                0x100002c0                _init
 *(EXCLUDE_FILE(*libm.a: *libc.a:*lib_a-mem*.o *libgcc.a:) .text*)
 .text          0x100002c4       0x48 c:/progra~2/gnuarm~1/102021~1.07/bin/../lib/gcc/arm-none-eabi/10.3.1/thumb/v6-m/nofp/crtbegin.o
 .text.ssd1306_drawPixel
                0x1000030c       0x58 CMakeFiles/oled_i2c.dir/oled_i2c.c.obj
                0x1000030c                ssd1306_drawPixel
 .text.oled_send_command_list
                0x10000364       0x1c CMakeFiles/oled_i2c.dir/oled_i2c.c.obj
                0x10000364                oled_send_command_list
 .text.oled_init
                0x10000380       0x10 CMakeFiles/oled_i2c.dir/oled_i2c.c.obj
                0x10000380                oled_init
 .text.reserved_addr
                0x10000390       0x1a CMakeFiles/oled_i2c.dir/oled_i2c.c.obj
                0x10000390                reserved_addr
 *fill*         0x100003aa        0x2 
 .text.main     0x100003ac      0x11c CMakeFiles/oled_i2c.dir/oled_i2c.c.obj
                0x100003ac                main
 .text.gpio_set_function
                0x100004c8       0x30 CMakeFiles/oled_i2c.dir/C_/Raspberry/Pico/pico-sdk/src/rp2_common/hardware_gpio/gpio.c.obj
                0x100004c8                gpio_set_function
 .text.gpio_set_pulls
                0x100004f8       0x34 CMakeFiles/oled_i2c.dir/C_/Raspberry/Pico/pico-sdk/src/rp2_common/hardware_gpio/gpio.c.obj
                0x100004f8                gpio_set_pulls
 .text.hw_claim_lock
                0x1000052c       0x18 CMakeFiles/oled_i2c.dir/C_/Raspberry/Pico/pico-sdk/src/rp2_common/hardware_claim/claim.c.obj
                0x1000052c                hw_claim_lock
 .text.hw_claim_unlock
                0x10000544       0x14 CMakeFiles/oled_i2c.dir/C_/Raspberry/Pico/pico-sdk/src/rp2_common/hardware_claim/claim.c.obj
                0x10000544                hw_claim_unlock
 .text.hw_claim_or_assert
                0x10000558       0x32 CMakeFiles/oled_i2c.dir/C_/Raspberry/Pico/pico-sdk/src/rp2_common/hardware_claim/claim.c.obj
                0x10000558                hw_claim_or_assert
 .text.hw_claim_unused_from_range
                0x1000058a       0x50 CMakeFiles/oled_i2c.dir/C_/Raspberry/Pico/pico-sdk/src/rp2_common/hardware_claim/claim.c.obj
                0x1000058a                hw_claim_unused_from_range
 *fill*         0x100005da        0x2 
 .text.running_on_fpga
                0x100005dc       0x14 CMakeFiles/oled_i2c.dir/C_/Raspberry/Pico/pico-sdk/src/rp2_common/pico_platform/platform.c.obj
                0x100005dc                running_on_fpga
 .text.spin_locks_reset
                0x100005f0       0x20 CMakeFiles/oled_i2c.dir/C_/Raspberry/Pico/pico-sdk/src/rp2_common/hardware_sync/sync.c.obj
                0x100005f0                spin_locks_reset
 .text.next_striped_spin_lock_num
                0x10000610       0x1c CMakeFiles/oled_i2c.dir/C_/Raspberry/Pico/pico-sdk/src/rp2_common/hardware_sync/sync.c.obj
                0x10000610                next_striped_spin_lock_num
 .text.spin_lock_claim_unused
                0x1000062c       0x20 CMakeFiles/oled_i2c.dir/C_/Raspberry/Pico/pico-sdk/src/rp2_common/hardware_sync/sync.c.obj
                0x1000062c                spin_lock_claim_unused
 .text.alarm_pool_post_alloc_init
                0x1000064c       0x40 CMakeFiles/oled_i2c.dir/C_/Raspberry/Pico/pico-sdk/src/common/pico_time/time.c.obj
 .text.sleep_until_callback
                0x1000068c       0x30 CMakeFiles/oled_i2c.dir/C_/Raspberry/Pico/pico-sdk/src/common/pico_time/time.c.obj
 .text.timer_pool_entry_comparator
                0x100006bc       0x7c CMakeFiles/oled_i2c.dir/C_/Raspberry/Pico/pico-sdk/src/common/pico_time/time.c.obj
                0x100006bc                timer_pool_entry_comparator
 .text.ph_add_child_node
                0x10000738       0xa4 CMakeFiles/oled_i2c.dir/C_/Raspberry/Pico/pico-sdk/src/common/pico_time/time.c.obj
 .text.ph_merge_nodes
                0x100007dc       0x3e CMakeFiles/oled_i2c.dir/C_/Raspberry/Pico/pico-sdk/src/common/pico_time/time.c.obj
 *fill*         0x1000081a        0x2 
 .text.add_alarm_under_lock
                0x1000081c      0x174 CMakeFiles/oled_i2c.dir/C_/Raspberry/Pico/pico-sdk/src/common/pico_time/time.c.obj
 .text.alarm_pool_alarm_callback
                0x10000990      0x328 CMakeFiles/oled_i2c.dir/C_/Raspberry/Pico/pico-sdk/src/common/pico_time/time.c.obj
 .text.alarm_pool_init_default
                0x10000cb8       0x38 CMakeFiles/oled_i2c.dir/C_/Raspberry/Pico/pico-sdk/src/common/pico_time/time.c.obj
                0x10000cb8                alarm_pool_init_default
 .text.alarm_pool_get_default
                0x10000cf0       0x2c CMakeFiles/oled_i2c.dir/C_/Raspberry/Pico/pico-sdk/src/common/pico_time/time.c.obj
                0x10000cf0                alarm_pool_get_default
 .text.alarm_pool_add_alarm_at
                0x10000d1c      0x170 CMakeFiles/oled_i2c.dir/C_/Raspberry/Pico/pico-sdk/src/common/pico_time/time.c.obj
                0x10000d1c                alarm_pool_add_alarm_at
 .text.alarm_pool_cancel_alarm
                0x10000e8c       0xec CMakeFiles/oled_i2c.dir/C_/Raspberry/Pico/pico-sdk/src/common/pico_time/time.c.obj
                0x10000e8c                alarm_pool_cancel_alarm
 .text.sleep_until
                0x10000f78       0xfc CMakeFiles/oled_i2c.dir/C_/Raspberry/Pico/pico-sdk/src/common/pico_time/time.c.obj
                0x10000f78                sleep_until
 .text.sleep_us
                0x10001074       0x58 CMakeFiles/oled_i2c.dir/C_/Raspberry/Pico/pico-sdk/src/common/pico_time/time.c.obj
                0x10001074                sleep_us
 .text.sleep_ms
                0x100010cc       0x14 CMakeFiles/oled_i2c.dir/C_/Raspberry/Pico/pico-sdk/src/common/pico_time/time.c.obj
                0x100010cc                sleep_ms
 .text.best_effort_wfe_or_timeout
                0x100010e0       0x80 CMakeFiles/oled_i2c.dir/C_/Raspberry/Pico/pico-sdk/src/common/pico_time/time.c.obj
                0x100010e0                best_effort_wfe_or_timeout
 .text.hardware_alarm_irq_handler
                0x10001160       0x8c CMakeFiles/oled_i2c.dir/C_/Raspberry/Pico/pico-sdk/src/rp2_common/hardware_timer/timer.c.obj
 .text.hardware_alarm_claim
                0x100011ec       0x18 CMakeFiles/oled_i2c.dir/C_/Raspberry/Pico/pico-sdk/src/rp2_common/hardware_timer/timer.c.obj
                0x100011ec                hardware_alarm_claim
 .text.time_us_64
                0x10001204       0x18 CMakeFiles/oled_i2c.dir/C_/Raspberry/Pico/pico-sdk/src/rp2_common/hardware_timer/timer.c.obj
                0x10001204                time_us_64
 .text.busy_wait_until
                0x1000121c       0x28 CMakeFiles/oled_i2c.dir/C_/Raspberry/Pico/pico-sdk/src/rp2_common/hardware_timer/timer.c.obj
                0x1000121c                busy_wait_until
 .text.hardware_alarm_set_callback
                0x10001244       0x90 CMakeFiles/oled_i2c.dir/C_/Raspberry/Pico/pico-sdk/src/rp2_common/hardware_timer/timer.c.obj
                0x10001244                hardware_alarm_set_callback
 .text.hardware_alarm_set_target
                0x100012d4       0xe8 CMakeFiles/oled_i2c.dir/C_/Raspberry/Pico/pico-sdk/src/rp2_common/hardware_timer/timer.c.obj
                0x100012d4                hardware_alarm_set_target
 .text.hardware_alarm_cancel
                0x100013bc       0x40 CMakeFiles/oled_i2c.dir/C_/Raspberry/Pico/pico-sdk/src/rp2_common/hardware_timer/timer.c.obj
                0x100013bc                hardware_alarm_cancel
 .text.lock_init
                0x100013fc       0x10 CMakeFiles/oled_i2c.dir/C_/Raspberry/Pico/pico-sdk/src/common/pico_sync/lock_core.c.obj
                0x100013fc                lock_init
 .text.mutex_init_internal
                0x1000140c       0x1e CMakeFiles/oled_i2c.dir/C_/Raspberry/Pico/pico-sdk/src/common/pico_sync/mutex.c.obj
 .text.mutex_init
                0x1000142a        0xa CMakeFiles/oled_i2c.dir/C_/Raspberry/Pico/pico-sdk/src/common/pico_sync/mutex.c.obj
                0x1000142a                mutex_init
 .text.recursive_mutex_init
                0x10001434        0xa CMakeFiles/oled_i2c.dir/C_/Raspberry/Pico/pico-sdk/src/common/pico_sync/mutex.c.obj
                0x10001434                recursive_mutex_init
 *fill*         0x1000143e        0x2 
 .text.critical_section_init_with_lock_num
                0x10001440       0x14 CMakeFiles/oled_i2c.dir/C_/Raspberry/Pico/pico-sdk/src/common/pico_sync/critical_section.c.obj
                0x10001440                critical_section_init_with_lock_num
 .text.critical_section_init
                0x10001454       0x14 CMakeFiles/oled_i2c.dir/C_/Raspberry/Pico/pico-sdk/src/common/pico_sync/critical_section.c.obj
                0x10001454                critical_section_init
 .text.ph_add_child_node
                0x10001468       0xa4 CMakeFiles/oled_i2c.dir/C_/Raspberry/Pico/pico-sdk/src/common/pico_util/pheap.c.obj
 .text.ph_merge_nodes
                0x1000150c       0x3e CMakeFiles/oled_i2c.dir/C_/Raspberry/Pico/pico-sdk/src/common/pico_util/pheap.c.obj
 *fill*         0x1000154a        0x2 
 .text.ph_clear
                0x1000154c       0x70 CMakeFiles/oled_i2c.dir/C_/Raspberry/Pico/pico-sdk/src/common/pico_util/pheap.c.obj
                0x1000154c                ph_clear
 .text.ph_post_alloc_init
                0x100015bc        0xe CMakeFiles/oled_i2c.dir/C_/Raspberry/Pico/pico-sdk/src/common/pico_util/pheap.c.obj
                0x100015bc                ph_post_alloc_init
 *fill*         0x100015ca        0x2 
 .text.ph_merge_two_pass
                0x100015cc       0xa8 CMakeFiles/oled_i2c.dir/C_/Raspberry/Pico/pico-sdk/src/common/pico_util/pheap.c.obj
                0x100015cc                ph_merge_two_pass
 .text.ph_remove_any_head
                0x10001674      0x108 CMakeFiles/oled_i2c.dir/C_/Raspberry/Pico/pico-sdk/src/common/pico_util/pheap.c.obj
 .text.ph_remove_head
                0x1000177c       0x14 CMakeFiles/oled_i2c.dir/C_/Raspberry/Pico/pico-sdk/src/common/pico_util/pheap.c.obj
                0x1000177c                ph_remove_head
 .text.ph_remove_and_free_node
                0x10001790       0xf8 CMakeFiles/oled_i2c.dir/C_/Raspberry/Pico/pico-sdk/src/common/pico_util/pheap.c.obj
                0x10001790                ph_remove_and_free_node
 .text.runtime_init
                0x10001888       0xd8 CMakeFiles/oled_i2c.dir/C_/Raspberry/Pico/pico-sdk/src/rp2_common/pico_runtime/runtime.c.obj
                0x10001888                runtime_init
 .text._exit    0x10001960        0x4 CMakeFiles/oled_i2c.dir/C_/Raspberry/Pico/pico-sdk/src/rp2_common/pico_runtime/runtime.c.obj
                0x10001960                _exit
 .text.exit     0x10001964        0x6 CMakeFiles/oled_i2c.dir/C_/Raspberry/Pico/pico-sdk/src/rp2_common/pico_runtime/runtime.c.obj
                0x10001964                exit
 *fill*         0x1000196a        0x2 
 .text.__assert_func
                0x1000196c       0x3c CMakeFiles/oled_i2c.dir/C_/Raspberry/Pico/pico-sdk/src/rp2_common/pico_runtime/runtime.c.obj
                0x1000196c                __assert_func
 .text.panic    0x100019a8       0x30 CMakeFiles/oled_i2c.dir/C_/Raspberry/Pico/pico-sdk/src/rp2_common/pico_runtime/runtime.c.obj
                0x100019a8                panic
 .text.clock_configure
                0x100019d8      0x104 CMakeFiles/oled_i2c.dir/C_/Raspberry/Pico/pico-sdk/src/rp2_common/hardware_clocks/clocks.c.obj
                0x100019d8                clock_configure
 .text.clocks_init
                0x10001adc      0x100 CMakeFiles/oled_i2c.dir/C_/Raspberry/Pico/pico-sdk/src/rp2_common/hardware_clocks/clocks.c.obj
                0x10001adc                clocks_init
 .text.clock_get_hz
                0x10001bdc        0xc CMakeFiles/oled_i2c.dir/C_/Raspberry/Pico/pico-sdk/src/rp2_common/hardware_clocks/clocks.c.obj
                0x10001bdc                clock_get_hz
 .text.set_raw_irq_handler_and_unlock
                0x10001be8       0x28 CMakeFiles/oled_i2c.dir/C_/Raspberry/Pico/pico-sdk/src/rp2_common/hardware_irq/irq.c.obj
 .text.make_branch
                0x10001c10       0x34 CMakeFiles/oled_i2c.dir/C_/Raspberry/Pico/pico-sdk/src/rp2_common/hardware_irq/irq.c.obj
 .text.insert_branch_and_link
                0x10001c44       0x40 CMakeFiles/oled_i2c.dir/C_/Raspberry/Pico/pico-sdk/src/rp2_common/hardware_irq/irq.c.obj
 .text.irq_is_enabled
                0x10001c84       0x18 CMakeFiles/oled_i2c.dir/C_/Raspberry/Pico/pico-sdk/src/rp2_common/hardware_irq/irq.c.obj
                0x10001c84                irq_is_enabled
 .text.irq_set_mask_enabled
                0x10001c9c       0x20 CMakeFiles/oled_i2c.dir/C_/Raspberry/Pico/pico-sdk/src/rp2_common/hardware_irq/irq.c.obj
                0x10001c9c                irq_set_mask_enabled
 .text.irq_set_enabled
                0x10001cbc        0xe CMakeFiles/oled_i2c.dir/C_/Raspberry/Pico/pico-sdk/src/rp2_common/hardware_irq/irq.c.obj
                0x10001cbc                irq_set_enabled
 *fill*         0x10001cca        0x2 
 .text.irq_set_pending
                0x10001ccc       0x10 CMakeFiles/oled_i2c.dir/C_/Raspberry/Pico/pico-sdk/src/rp2_common/hardware_irq/irq.c.obj
                0x10001ccc                irq_set_pending
 .text.irq_get_vtable_handler
                0x10001cdc       0x10 CMakeFiles/oled_i2c.dir/C_/Raspberry/Pico/pico-sdk/src/rp2_common/hardware_irq/irq.c.obj
                0x10001cdc                irq_get_vtable_handler
 .text.irq_set_exclusive_handler
                0x10001cec       0x54 CMakeFiles/oled_i2c.dir/C_/Raspberry/Pico/pico-sdk/src/rp2_common/hardware_irq/irq.c.obj
                0x10001cec                irq_set_exclusive_handler
 .text.irq_remove_handler
                0x10001d40      0x1ac CMakeFiles/oled_i2c.dir/C_/Raspberry/Pico/pico-sdk/src/rp2_common/hardware_irq/irq.c.obj
                0x10001d40                irq_remove_handler
 .text.irq_set_priority
                0x10001eec       0x28 CMakeFiles/oled_i2c.dir/C_/Raspberry/Pico/pico-sdk/src/rp2_common/hardware_irq/irq.c.obj
                0x10001eec                irq_set_priority
 .text.irq_add_tail_to_free_list
                0x10001f14       0xf0 CMakeFiles/oled_i2c.dir/C_/Raspberry/Pico/pico-sdk/src/rp2_common/hardware_irq/irq.c.obj
                0x10001f14                irq_add_tail_to_free_list
 .text.irq_init_priorities
                0x10002004       0x16 CMakeFiles/oled_i2c.dir/C_/Raspberry/Pico/pico-sdk/src/rp2_common/hardware_irq/irq.c.obj
                0x10002004                irq_init_priorities
 *fill*         0x1000201a        0x2 
 .text.pll_init
                0x1000201c      0x118 CMakeFiles/oled_i2c.dir/C_/Raspberry/Pico/pico-sdk/src/rp2_common/hardware_pll/pll.c.obj
                0x1000201c                pll_init
 .text.watchdog_start_tick
                0x10002134       0x10 CMakeFiles/oled_i2c.dir/C_/Raspberry/Pico/pico-sdk/src/rp2_common/hardware_watchdog/watchdog.c.obj
                0x10002134                watchdog_start_tick
 .text.watchdog_update
                0x10002144       0x14 CMakeFiles/oled_i2c.dir/C_/Raspberry/Pico/pico-sdk/src/rp2_common/hardware_watchdog/watchdog.c.obj
                0x10002144                watchdog_update
 .text._watchdog_enable
                0x10002158       0x70 CMakeFiles/oled_i2c.dir/C_/Raspberry/Pico/pico-sdk/src/rp2_common/hardware_watchdog/watchdog.c.obj
                0x10002158                _watchdog_enable
 .text.watchdog_reboot
                0x100021c8       0x48 CMakeFiles/oled_i2c.dir/C_/Raspberry/Pico/pico-sdk/src/rp2_common/hardware_watchdog/watchdog.c.obj
                0x100021c8                watchdog_reboot
 .text.xosc_init
                0x10002210       0x28 CMakeFiles/oled_i2c.dir/C_/Raspberry/Pico/pico-sdk/src/rp2_common/hardware_xosc/xosc.c.obj
                0x10002210                xosc_init
 .text._out_null
                0x10002238        0x2 CMakeFiles/oled_i2c.dir/C_/Raspberry/Pico/pico-sdk/src/rp2_common/pico_printf/printf.c.obj
 .text._out_fct
                0x1000223a        0xe CMakeFiles/oled_i2c.dir/C_/Raspberry/Pico/pico-sdk/src/rp2_common/pico_printf/printf.c.obj
 .text._atoi    0x10002248       0x24 CMakeFiles/oled_i2c.dir/C_/Raspberry/Pico/pico-sdk/src/rp2_common/pico_printf/printf.c.obj
 .text._out_rev
                0x1000226c       0xae CMakeFiles/oled_i2c.dir/C_/Raspberry/Pico/pico-sdk/src/rp2_common/pico_printf/printf.c.obj
 .text._ntoa_format
                0x1000231a      0x112 CMakeFiles/oled_i2c.dir/C_/Raspberry/Pico/pico-sdk/src/rp2_common/pico_printf/printf.c.obj
 .text._ntoa_long
                0x1000242c       0xbc CMakeFiles/oled_i2c.dir/C_/Raspberry/Pico/pico-sdk/src/rp2_common/pico_printf/printf.c.obj
 .text._ntoa_long_long
                0x100024e8       0xe2 CMakeFiles/oled_i2c.dir/C_/Raspberry/Pico/pico-sdk/src/rp2_common/pico_printf/printf.c.obj
 *fill*         0x100025ca        0x2 
 .text._etoa    0x100025cc      0x414 CMakeFiles/oled_i2c.dir/C_/Raspberry/Pico/pico-sdk/src/rp2_common/pico_printf/printf.c.obj
 .text._ftoa    0x100029e0      0x354 CMakeFiles/oled_i2c.dir/C_/Raspberry/Pico/pico-sdk/src/rp2_common/pico_printf/printf.c.obj
 .text._vsnprintf
                0x10002d34      0x624 CMakeFiles/oled_i2c.dir/C_/Raspberry/Pico/pico-sdk/src/rp2_common/pico_printf/printf.c.obj
 .text.vfctprintf
                0x10003358       0x20 CMakeFiles/oled_i2c.dir/C_/Raspberry/Pico/pico-sdk/src/rp2_common/pico_printf/printf.c.obj
                0x10003358                vfctprintf
 .text          0x10003378       0x10 CMakeFiles/oled_i2c.dir/C_/Raspberry/Pico/pico-sdk/src/rp2_common/pico_bit_ops/bit_ops_aeabi.S.obj
 .text.rom_func_lookup
                0x10003388       0x10 CMakeFiles/oled_i2c.dir/C_/Raspberry/Pico/pico-sdk/src/rp2_common/pico_bootrom/bootrom.c.obj
                0x10003388                rom_func_lookup
 .text.rom_data_lookup
                0x10003398       0x10 CMakeFiles/oled_i2c.dir/C_/Raspberry/Pico/pico-sdk/src/rp2_common/pico_bootrom/bootrom.c.obj
                0x10003398                rom_data_lookup
 .text.rom_funcs_lookup
                0x100033a8       0x36 CMakeFiles/oled_i2c.dir/C_/Raspberry/Pico/pico-sdk/src/rp2_common/pico_bootrom/bootrom.c.obj
                0x100033a8                rom_funcs_lookup
 *fill*         0x100033de        0x2 
 .text.__wrap___aeabi_idiv
                0x100033e0       0x50 CMakeFiles/oled_i2c.dir/C_/Raspberry/Pico/pico-sdk/src/rp2_common/pico_divider/divider.S.obj
                0x100033e0                __wrap___aeabi_idivmod
                0x100033e0                divmod_s32s32
                0x100033e0                div_s32s32
                0x100033e0                __wrap___aeabi_idiv
                0x100033e8                divmod_s32s32_unsafe
                0x10003414                divmod_s32s32_savestate
 .text.__wrap___aeabi_uidiv
                0x10003430       0x4c CMakeFiles/oled_i2c.dir/C_/Raspberry/Pico/pico-sdk/src/rp2_common/pico_divider/divider.S.obj
                0x10003430                __wrap___aeabi_uidiv
                0x10003430                __wrap___aeabi_uidivmod
                0x10003430                div_u32u32
                0x10003430                divmod_u32u32
                0x10003438                divmod_u32u32_unsafe
                0x10003460                divmod_u32u32_savestate
 .text.__wrap___aeabi_ldiv
                0x1000347c      0x430 CMakeFiles/oled_i2c.dir/C_/Raspberry/Pico/pico-sdk/src/rp2_common/pico_divider/divider.S.obj
                0x1000347c                div_s64s64
                0x1000347c                divmod_s64s64
                0x1000347c                __wrap___aeabi_ldivmod
                0x100034b4                divmod_u64u64
                0x100034b4                div_u64u64
                0x100034b4                __wrap___aeabi_uldivmod
                0x100034c4                divmod_u64u64_savestate
                0x100034ec                divmod_s64s64_unsafe
                0x10003574                divmod_u64u64_unsafe
 .text.__wrap___aeabi_darithmetic
                0x100038ac       0x80 CMakeFiles/oled_i2c.dir/C_/Raspberry/Pico/pico-sdk/src/rp2_common/pico_double/double_aeabi.S.obj
                0x100038ac                __wrap___aeabi_drsub
                0x100038b2                __wrap___aeabi_dsub
                0x100038c4                __wrap___aeabi_dadd
                0x100038d6                __wrap___aeabi_ddiv
                0x10003912                __wrap___aeabi_dmul
 .text.__wrap___aeabi_cdcmple
                0x1000392c       0x6c CMakeFiles/oled_i2c.dir/C_/Raspberry/Pico/pico-sdk/src/rp2_common/pico_double/double_aeabi.S.obj
                0x1000392c                __wrap___aeabi_cdrcmple
                0x1000393c                __wrap___aeabi_cdcmpeq
                0x1000393c                __wrap___aeabi_cdcmple
 .text.__wrap___aeabi_dcmplt
                0x10003998        0xc CMakeFiles/oled_i2c.dir/C_/Raspberry/Pico/pico-sdk/src/rp2_common/pico_double/double_aeabi.S.obj
                0x10003998                __wrap___aeabi_dcmplt
 .text.__wrap___aeabi_dcmple
                0x100039a4       0x10 CMakeFiles/oled_i2c.dir/C_/Raspberry/Pico/pico-sdk/src/rp2_common/pico_double/double_aeabi.S.obj
                0x100039a4                __wrap___aeabi_dcmple
 .text.__wrap___aeabi_dcmpge
                0x100039b4       0x10 CMakeFiles/oled_i2c.dir/C_/Raspberry/Pico/pico-sdk/src/rp2_common/pico_double/double_aeabi.S.obj
                0x100039b4                __wrap___aeabi_dcmpge
 .text.__wrap___aeabi_dcmpgt
                0x100039c4        0xa CMakeFiles/oled_i2c.dir/C_/Raspberry/Pico/pico-sdk/src/rp2_common/pico_double/double_aeabi.S.obj
                0x100039c4                __wrap___aeabi_dcmpgt
 .text.__wrap___aeabi_dcmpun
                0x100039ce       0x1c CMakeFiles/oled_i2c.dir/C_/Raspberry/Pico/pico-sdk/src/rp2_common/pico_double/double_aeabi.S.obj
                0x100039ce                __wrap___aeabi_dcmpun
 *fill*         0x100039ea        0x2 
 .text.__wrap___aeabi_i2d
                0x100039ec       0x38 CMakeFiles/oled_i2c.dir/C_/Raspberry/Pico/pico-sdk/src/rp2_common/pico_double/double_aeabi.S.obj
                0x100039ec                __wrap___aeabi_ui2d
                0x100039f4                __wrap___aeabi_i2d
 .text.__wrap___aeabi_d2iz
                0x10003a24       0x48 CMakeFiles/oled_i2c.dir/C_/Raspberry/Pico/pico-sdk/src/rp2_common/pico_double/double_aeabi.S.obj
                0x10003a24                double2int_z
                0x10003a24                __wrap___aeabi_d2iz
 .text.__wrap___aeabi_d2uiz
                0x10003a6c       0x18 CMakeFiles/oled_i2c.dir/C_/Raspberry/Pico/pico-sdk/src/rp2_common/pico_double/double_aeabi.S.obj
                0x10003a6c                __wrap___aeabi_d2uiz
                0x10003a6c                double2uint
 .text.__aeabi_double_init
                0x10003a84       0xb8 CMakeFiles/oled_i2c.dir/C_/Raspberry/Pico/pico-sdk/src/rp2_common/pico_double/double_init_rom.c.obj
                0x10003a84                __aeabi_double_init
 .text.double_table_shim_on_use_helper
                0x10003b3c       0x34 CMakeFiles/oled_i2c.dir/C_/Raspberry/Pico/pico-sdk/src/rp2_common/pico_double/double_v1_rom_shim.S.obj
                0x10003b3c                double_table_shim_on_use_helper
 .text.__wrap___aeabi_dsub
                0x10003b70       0x10 CMakeFiles/oled_i2c.dir/C_/Raspberry/Pico/pico-sdk/src/rp2_common/pico_double/double_v1_rom_shim.S.obj
                0x10003b70                drsub_shim
                0x10003b76                dsub_shim
 .text.dadd_shim
                0x10003b80      0x15c CMakeFiles/oled_i2c.dir/C_/Raspberry/Pico/pico-sdk/src/rp2_common/pico_double/double_v1_rom_shim.S.obj
                0x10003b80                dadd_shim
 .text.dmul_shim
                0x10003cdc      0x15c CMakeFiles/oled_i2c.dir/C_/Raspberry/Pico/pico-sdk/src/rp2_common/pico_double/double_v1_rom_shim.S.obj
                0x10003cdc                dmul_shim
 .text.ddiv_shim
                0x10003e38      0x1b0 CMakeFiles/oled_i2c.dir/C_/Raspberry/Pico/pico-sdk/src/rp2_common/pico_double/double_v1_rom_shim.S.obj
                0x10003e38                ddiv_shim
 .text.dcordic_rot_step
                0x10003fe8       0x7c CMakeFiles/oled_i2c.dir/C_/Raspberry/Pico/pico-sdk/src/rp2_common/pico_double/double_v1_rom_shim.S.obj
                0x10003fe8                dcordic_rot_step
 .text.double2uint_shim
                0x10004064        0xe CMakeFiles/oled_i2c.dir/C_/Raspberry/Pico/pico-sdk/src/rp2_common/pico_double/double_v1_rom_shim.S.obj
                0x10004064                double2uint_shim
                0x10004066                double2ufix_shim
 *fill*         0x10004072        0x2 
 .text.double2uint64_shim
                0x10004074       0x6c CMakeFiles/oled_i2c.dir/C_/Raspberry/Pico/pico-sdk/src/rp2_common/pico_double/double_v1_rom_shim.S.obj
                0x10004074                double2uint64_shim
                0x10004076                double2ufix64_shim
                0x10004090                d2fix_a
 .text.dunpacks
                0x100040e0       0x3c CMakeFiles/oled_i2c.dir/C_/Raspberry/Pico/pico-sdk/src/rp2_common/pico_double/double_v1_rom_shim.S.obj
                0x100040e0                dunpacks
 .text.__aeabi_lmul
                0x1000411c       0x32 CMakeFiles/oled_i2c.dir/C_/Raspberry/Pico/pico-sdk/src/rp2_common/pico_int64_ops/pico_int64_ops_aeabi.S.obj
                0x1000411c                __wrap___aeabi_lmul
 *fill*         0x1000414e        0x2 
 .text.__aeabi_float_init
                0x10004150       0xfc CMakeFiles/oled_i2c.dir/C_/Raspberry/Pico/pico-sdk/src/rp2_common/pico_float/float_init_rom.c.obj
                0x10004150                __aeabi_float_init
 .text.float_table_shim_on_use_helper
                0x1000424c       0x34 CMakeFiles/oled_i2c.dir/C_/Raspberry/Pico/pico-sdk/src/rp2_common/pico_float/float_v1_rom_shim.S.obj
                0x1000424c                float_table_shim_on_use_helper
 .text          0x10004280       0x10 CMakeFiles/oled_i2c.dir/C_/Raspberry/Pico/pico-sdk/src/rp2_common/pico_mem_ops/mem_ops_aeabi.S.obj
                0x10004280                __aeabi_mem_init
 .text.memset   0x10004290        0xc CMakeFiles/oled_i2c.dir/C_/Raspberry/Pico/pico-sdk/src/rp2_common/pico_mem_ops/mem_ops_aeabi.S.obj
                0x10004290                __wrap_memset
 .text.memcpy   0x1000429c        0xc CMakeFiles/oled_i2c.dir/C_/Raspberry/Pico/pico-sdk/src/rp2_common/pico_mem_ops/mem_ops_aeabi.S.obj
                0x1000429c                __wrap_memcpy
                0x1000429c                __wrap___aeabi_memcpy
 .text.stdio_out_chars_crlf
                0x100042a8       0x80 CMakeFiles/oled_i2c.dir/C_/Raspberry/Pico/pico-sdk/src/rp2_common/pico_stdio/stdio.c.obj
 .text.stdio_stack_buffer_flush
                0x10004328       0x44 CMakeFiles/oled_i2c.dir/C_/Raspberry/Pico/pico-sdk/src/rp2_common/pico_stdio/stdio.c.obj
 .text.stdio_buffered_printer
                0x1000436c       0x20 CMakeFiles/oled_i2c.dir/C_/Raspberry/Pico/pico-sdk/src/rp2_common/pico_stdio/stdio.c.obj
 .text.stdout_serialize_begin
                0x1000438c       0x30 CMakeFiles/oled_i2c.dir/C_/Raspberry/Pico/pico-sdk/src/rp2_common/pico_stdio/stdio.c.obj
                0x1000438c                stdout_serialize_begin
 .text.stdout_serialize_end
                0x100043bc       0x10 CMakeFiles/oled_i2c.dir/C_/Raspberry/Pico/pico-sdk/src/rp2_common/pico_stdio/stdio.c.obj
                0x100043bc                stdout_serialize_end
 .text.stdio_put_string
                0x100043cc       0x84 CMakeFiles/oled_i2c.dir/C_/Raspberry/Pico/pico-sdk/src/rp2_common/pico_stdio/stdio.c.obj
 .text.stdio_set_driver_enabled
                0x10004450       0x38 CMakeFiles/oled_i2c.dir/C_/Raspberry/Pico/pico-sdk/src/rp2_common/pico_stdio/stdio.c.obj
                0x10004450                stdio_set_driver_enabled
 .text.stdio_flush
                0x10004488       0x20 CMakeFiles/oled_i2c.dir/C_/Raspberry/Pico/pico-sdk/src/rp2_common/pico_stdio/stdio.c.obj
                0x10004488                stdio_flush
 .text.__wrap_puts
                0x100044a8       0x1c CMakeFiles/oled_i2c.dir/C_/Raspberry/Pico/pico-sdk/src/rp2_common/pico_stdio/stdio.c.obj
                0x100044a8                __wrap_puts
 .text.__wrap_vprintf
                0x100044c4       0x44 CMakeFiles/oled_i2c.dir/C_/Raspberry/Pico/pico-sdk/src/rp2_common/pico_stdio/stdio.c.obj
                0x100044c4                __wrap_vprintf
 .text.__wrap_printf
                0x10004508       0x18 CMakeFiles/oled_i2c.dir/C_/Raspberry/Pico/pico-sdk/src/rp2_common/pico_stdio/stdio.c.obj
                0x10004508                __wrap_printf
 .text.stdio_init_all
                0x10004520        0x8 CMakeFiles/oled_i2c.dir/C_/Raspberry/Pico/pico-sdk/src/rp2_common/pico_stdio/stdio.c.obj
                0x10004520                stdio_init_all
 .text.resetd_init
                0x10004528        0x2 CMakeFiles/oled_i2c.dir/C_/Raspberry/Pico/pico-sdk/src/rp2_common/pico_stdio_usb/reset_interface.c.obj
 *fill*         0x1000452a        0x2 
 .text.resetd_reset
                0x1000452c        0xc CMakeFiles/oled_i2c.dir/C_/Raspberry/Pico/pico-sdk/src/rp2_common/pico_stdio_usb/reset_interface.c.obj
 .text.resetd_open
                0x10004538       0x34 CMakeFiles/oled_i2c.dir/C_/Raspberry/Pico/pico-sdk/src/rp2_common/pico_stdio_usb/reset_interface.c.obj
 .text.resetd_xfer_cb
                0x1000456c        0x4 CMakeFiles/oled_i2c.dir/C_/Raspberry/Pico/pico-sdk/src/rp2_common/pico_stdio_usb/reset_interface.c.obj
 .text.reset_usb_boot
                0x10004570       0x18 CMakeFiles/oled_i2c.dir/C_/Raspberry/Pico/pico-sdk/src/rp2_common/pico_stdio_usb/reset_interface.c.obj
 .text.resetd_control_xfer_cb
                0x10004588       0x5c CMakeFiles/oled_i2c.dir/C_/Raspberry/Pico/pico-sdk/src/rp2_common/pico_stdio_usb/reset_interface.c.obj
 .text.usbd_app_driver_get_cb
                0x100045e4        0xc CMakeFiles/oled_i2c.dir/C_/Raspberry/Pico/pico-sdk/src/rp2_common/pico_stdio_usb/reset_interface.c.obj
                0x100045e4                usbd_app_driver_get_cb
 .text.tud_cdc_line_coding_cb
                0x100045f0       0x28 CMakeFiles/oled_i2c.dir/C_/Raspberry/Pico/pico-sdk/src/rp2_common/pico_stdio_usb/reset_interface.c.obj
                0x100045f0                tud_cdc_line_coding_cb
 .text.stdio_usb_in_chars
                0x10004618       0x70 CMakeFiles/oled_i2c.dir/C_/Raspberry/Pico/pico-sdk/src/rp2_common/pico_stdio_usb/stdio_usb.c.obj
                0x10004618                stdio_usb_in_chars
 .text.low_priority_worker_irq
                0x10004688       0x20 CMakeFiles/oled_i2c.dir/C_/Raspberry/Pico/pico-sdk/src/rp2_common/pico_stdio_usb/stdio_usb.c.obj
 .text.stdio_usb_out_chars
                0x100046a8       0xd4 CMakeFiles/oled_i2c.dir/C_/Raspberry/Pico/pico-sdk/src/rp2_common/pico_stdio_usb/stdio_usb.c.obj
 .text.timer_task
                0x1000477c       0x10 CMakeFiles/oled_i2c.dir/C_/Raspberry/Pico/pico-sdk/src/rp2_common/pico_stdio_usb/stdio_usb.c.obj
 .text.stdio_usb_init
                0x1000478c       0xb8 CMakeFiles/oled_i2c.dir/C_/Raspberry/Pico/pico-sdk/src/rp2_common/pico_stdio_usb/stdio_usb.c.obj
                0x1000478c                stdio_usb_init
 .text.tud_descriptor_device_cb
                0x10004844        0x8 CMakeFiles/oled_i2c.dir/C_/Raspberry/Pico/pico-sdk/src/rp2_common/pico_stdio_usb/stdio_usb_descriptors.c.obj
                0x10004844                tud_descriptor_device_cb
 .text.tud_descriptor_configuration_cb
                0x1000484c        0x8 CMakeFiles/oled_i2c.dir/C_/Raspberry/Pico/pico-sdk/src/rp2_common/pico_stdio_usb/stdio_usb_descriptors.c.obj
                0x1000484c                tud_descriptor_configuration_cb
 .text.tud_descriptor_string_cb
                0x10004854       0x68 CMakeFiles/oled_i2c.dir/C_/Raspberry/Pico/pico-sdk/src/rp2_common/pico_stdio_usb/stdio_usb_descriptors.c.obj
                0x10004854                tud_descriptor_string_cb
 .text.hw_endpoint_get_by_addr
                0x100048bc       0x18 CMakeFiles/oled_i2c.dir/C_/Raspberry/Pico/pico-sdk/lib/tinyusb/src/portable/raspberrypi/rp2040/dcd_rp2040.c.obj
 .text.reset_ep0
                0x100048d4       0x2c CMakeFiles/oled_i2c.dir/C_/Raspberry/Pico/pico-sdk/lib/tinyusb/src/portable/raspberrypi/rp2040/dcd_rp2040.c.obj
 .text._hw_endpoint_alloc
                0x10004900       0x80 CMakeFiles/oled_i2c.dir/C_/Raspberry/Pico/pico-sdk/lib/tinyusb/src/portable/raspberrypi/rp2040/dcd_rp2040.c.obj
 .text._hw_endpoint_init
                0x10004980       0xbc CMakeFiles/oled_i2c.dir/C_/Raspberry/Pico/pico-sdk/lib/tinyusb/src/portable/raspberrypi/rp2040/dcd_rp2040.c.obj
 .text.hw_endpoint_init
                0x10004a3c       0x18 CMakeFiles/oled_i2c.dir/C_/Raspberry/Pico/pico-sdk/lib/tinyusb/src/portable/raspberrypi/rp2040/dcd_rp2040.c.obj
 .text.hw_handle_buff_status
                0x10004a54       0xb4 CMakeFiles/oled_i2c.dir/C_/Raspberry/Pico/pico-sdk/lib/tinyusb/src/portable/raspberrypi/rp2040/dcd_rp2040.c.obj
 .text.dcd_rp2040_irq
                0x10004b08       0xa8 CMakeFiles/oled_i2c.dir/C_/Raspberry/Pico/pico-sdk/lib/tinyusb/src/portable/raspberrypi/rp2040/dcd_rp2040.c.obj
 .text.hw_endpoint_xfer
                0x10004bb0       0x18 CMakeFiles/oled_i2c.dir/C_/Raspberry/Pico/pico-sdk/lib/tinyusb/src/portable/raspberrypi/rp2040/dcd_rp2040.c.obj
 .text.ep0_0len_status
                0x10004bc8       0x14 CMakeFiles/oled_i2c.dir/C_/Raspberry/Pico/pico-sdk/lib/tinyusb/src/portable/raspberrypi/rp2040/dcd_rp2040.c.obj
 .text._hw_endpoint_stall
                0x10004bdc       0x54 CMakeFiles/oled_i2c.dir/C_/Raspberry/Pico/pico-sdk/lib/tinyusb/src/portable/raspberrypi/rp2040/dcd_rp2040.c.obj
 .text.hw_endpoint_stall
                0x10004c30        0xc CMakeFiles/oled_i2c.dir/C_/Raspberry/Pico/pico-sdk/lib/tinyusb/src/portable/raspberrypi/rp2040/dcd_rp2040.c.obj
 .text._hw_endpoint_clear_stall
                0x10004c3c       0x34 CMakeFiles/oled_i2c.dir/C_/Raspberry/Pico/pico-sdk/lib/tinyusb/src/portable/raspberrypi/rp2040/dcd_rp2040.c.obj
 .text.hw_endpoint_clear_stall
                0x10004c70        0xc CMakeFiles/oled_i2c.dir/C_/Raspberry/Pico/pico-sdk/lib/tinyusb/src/portable/raspberrypi/rp2040/dcd_rp2040.c.obj
 .text.dcd_int_enable
                0x10004c7c       0x2c CMakeFiles/oled_i2c.dir/C_/Raspberry/Pico/pico-sdk/lib/tinyusb/src/portable/raspberrypi/rp2040/dcd_rp2040.c.obj
                0x10004c7c                dcd_int_enable
 .text.dcd_set_address
                0x10004ca8       0x28 CMakeFiles/oled_i2c.dir/C_/Raspberry/Pico/pico-sdk/lib/tinyusb/src/portable/raspberrypi/rp2040/dcd_rp2040.c.obj
                0x10004ca8                dcd_set_address
 .text.dcd_connect
                0x10004cd0       0x30 CMakeFiles/oled_i2c.dir/C_/Raspberry/Pico/pico-sdk/lib/tinyusb/src/portable/raspberrypi/rp2040/dcd_rp2040.c.obj
                0x10004cd0                dcd_connect
 .text.dcd_init
                0x10004d00       0x84 CMakeFiles/oled_i2c.dir/C_/Raspberry/Pico/pico-sdk/lib/tinyusb/src/portable/raspberrypi/rp2040/dcd_rp2040.c.obj
                0x10004d00                dcd_init
 .text.dcd_edpt0_status_complete
                0x10004d84       0x40 CMakeFiles/oled_i2c.dir/C_/Raspberry/Pico/pico-sdk/lib/tinyusb/src/portable/raspberrypi/rp2040/dcd_rp2040.c.obj
                0x10004d84                dcd_edpt0_status_complete
 .text.dcd_edpt_open
                0x10004dc4       0x40 CMakeFiles/oled_i2c.dir/C_/Raspberry/Pico/pico-sdk/lib/tinyusb/src/portable/raspberrypi/rp2040/dcd_rp2040.c.obj
                0x10004dc4                dcd_edpt_open
 .text.dcd_edpt_xfer
                0x10004e04       0x34 CMakeFiles/oled_i2c.dir/C_/Raspberry/Pico/pico-sdk/lib/tinyusb/src/portable/raspberrypi/rp2040/dcd_rp2040.c.obj
                0x10004e04                dcd_edpt_xfer
 .text.dcd_edpt_stall
                0x10004e38       0x28 CMakeFiles/oled_i2c.dir/C_/Raspberry/Pico/pico-sdk/lib/tinyusb/src/portable/raspberrypi/rp2040/dcd_rp2040.c.obj
                0x10004e38                dcd_edpt_stall
 .text.dcd_edpt_clear_stall
                0x10004e60       0x2c CMakeFiles/oled_i2c.dir/C_/Raspberry/Pico/pico-sdk/lib/tinyusb/src/portable/raspberrypi/rp2040/dcd_rp2040.c.obj
                0x10004e60                dcd_edpt_clear_stall
 .text.rp2040_usb_init
                0x10004e8c       0x50 CMakeFiles/oled_i2c.dir/C_/Raspberry/Pico/pico-sdk/lib/tinyusb/src/portable/raspberrypi/rp2040/rp2040_usb.c.obj
                0x10004e8c                rp2040_usb_init
 .text.hw_endpoint_reset_transfer
                0x10004edc       0x10 CMakeFiles/oled_i2c.dir/C_/Raspberry/Pico/pico-sdk/lib/tinyusb/src/portable/raspberrypi/rp2040/rp2040_usb.c.obj
                0x10004edc                hw_endpoint_reset_transfer
 .text._hw_endpoint_buffer_control_update32
                0x10004eec       0x58 CMakeFiles/oled_i2c.dir/C_/Raspberry/Pico/pico-sdk/lib/tinyusb/src/portable/raspberrypi/rp2040/rp2040_usb.c.obj
                0x10004eec                _hw_endpoint_buffer_control_update32
 .text._hw_endpoint_start_next_buffer
                0x10004f44       0x50 CMakeFiles/oled_i2c.dir/C_/Raspberry/Pico/pico-sdk/lib/tinyusb/src/portable/raspberrypi/rp2040/rp2040_usb.c.obj
                0x10004f44                _hw_endpoint_start_next_buffer
 .text._hw_endpoint_xfer_start
                0x10004f94       0x3e CMakeFiles/oled_i2c.dir/C_/Raspberry/Pico/pico-sdk/lib/tinyusb/src/portable/raspberrypi/rp2040/rp2040_usb.c.obj
                0x10004f94                _hw_endpoint_xfer_start
 *fill*         0x10004fd2        0x2 
 .text._hw_endpoint_xfer_sync
                0x10004fd4       0x74 CMakeFiles/oled_i2c.dir/C_/Raspberry/Pico/pico-sdk/lib/tinyusb/src/portable/raspberrypi/rp2040/rp2040_usb.c.obj
                0x10004fd4                _hw_endpoint_xfer_sync
 .text._hw_endpoint_xfer_continue
                0x10005048       0x60 CMakeFiles/oled_i2c.dir/C_/Raspberry/Pico/pico-sdk/lib/tinyusb/src/portable/raspberrypi/rp2040/rp2040_usb.c.obj
                0x10005048                _hw_endpoint_xfer_continue
 .text._hw_endpoint_xfer
                0x100050a8       0x34 CMakeFiles/oled_i2c.dir/C_/Raspberry/Pico/pico-sdk/lib/tinyusb/src/portable/raspberrypi/rp2040/rp2040_usb.c.obj
                0x100050a8                _hw_endpoint_xfer
 .text.mark_interface_endpoint
                0x100050dc       0x2a CMakeFiles/oled_i2c.dir/C_/Raspberry/Pico/pico-sdk/lib/tinyusb/src/device/usbd.c.obj
 *fill*         0x10005106        0x2 
 .text.usbd_reset
                0x10005108       0x88 CMakeFiles/oled_i2c.dir/C_/Raspberry/Pico/pico-sdk/lib/tinyusb/src/device/usbd.c.obj
 .text.invoke_class_control
                0x10005190       0x1a CMakeFiles/oled_i2c.dir/C_/Raspberry/Pico/pico-sdk/lib/tinyusb/src/device/usbd.c.obj
 *fill*         0x100051aa        0x2 
 .text.process_set_config
                0x100051ac      0x1d4 CMakeFiles/oled_i2c.dir/C_/Raspberry/Pico/pico-sdk/lib/tinyusb/src/device/usbd.c.obj
 .text.process_get_descriptor
                0x10005380       0xf8 CMakeFiles/oled_i2c.dir/C_/Raspberry/Pico/pico-sdk/lib/tinyusb/src/device/usbd.c.obj
 .text.tud_mounted
                0x10005478       0x10 CMakeFiles/oled_i2c.dir/C_/Raspberry/Pico/pico-sdk/lib/tinyusb/src/device/usbd.c.obj
                0x10005478                tud_mounted
 .text.tud_suspended
                0x10005488       0x10 CMakeFiles/oled_i2c.dir/C_/Raspberry/Pico/pico-sdk/lib/tinyusb/src/device/usbd.c.obj
                0x10005488                tud_suspended
 .text.tud_inited
                0x10005498        0xc CMakeFiles/oled_i2c.dir/C_/Raspberry/Pico/pico-sdk/lib/tinyusb/src/device/usbd.c.obj
                0x10005498                tud_inited
 .text.tud_init
                0x100054a4       0xcc CMakeFiles/oled_i2c.dir/C_/Raspberry/Pico/pico-sdk/lib/tinyusb/src/device/usbd.c.obj
                0x100054a4                tud_init
 .text.dcd_event_handler
                0x10005570      0x174 CMakeFiles/oled_i2c.dir/C_/Raspberry/Pico/pico-sdk/lib/tinyusb/src/device/usbd.c.obj
                0x10005570                dcd_event_handler
 .text.dcd_event_bus_signal
                0x100056e4       0x26 CMakeFiles/oled_i2c.dir/C_/Raspberry/Pico/pico-sdk/lib/tinyusb/src/device/usbd.c.obj
                0x100056e4                dcd_event_bus_signal
 .text.dcd_event_bus_reset
                0x1000570a       0x2a CMakeFiles/oled_i2c.dir/C_/Raspberry/Pico/pico-sdk/lib/tinyusb/src/device/usbd.c.obj
                0x1000570a                dcd_event_bus_reset
 .text.dcd_event_setup_received
                0x10005734       0x34 CMakeFiles/oled_i2c.dir/C_/Raspberry/Pico/pico-sdk/lib/tinyusb/src/device/usbd.c.obj
                0x10005734                dcd_event_setup_received
 .text.dcd_event_xfer_complete
                0x10005768       0x44 CMakeFiles/oled_i2c.dir/C_/Raspberry/Pico/pico-sdk/lib/tinyusb/src/device/usbd.c.obj
                0x10005768                dcd_event_xfer_complete
 .text.usbd_edpt_open
                0x100057ac       0xe0 CMakeFiles/oled_i2c.dir/C_/Raspberry/Pico/pico-sdk/lib/tinyusb/src/device/usbd.c.obj
                0x100057ac                usbd_edpt_open
 .text.usbd_open_edpt_pair
                0x1000588c       0x8c CMakeFiles/oled_i2c.dir/C_/Raspberry/Pico/pico-sdk/lib/tinyusb/src/device/usbd.c.obj
                0x1000588c                usbd_open_edpt_pair
 .text.usbd_edpt_claim
                0x10005918       0x8c CMakeFiles/oled_i2c.dir/C_/Raspberry/Pico/pico-sdk/lib/tinyusb/src/device/usbd.c.obj
                0x10005918                usbd_edpt_claim
 .text.usbd_edpt_release
                0x100059a4       0x68 CMakeFiles/oled_i2c.dir/C_/Raspberry/Pico/pico-sdk/lib/tinyusb/src/device/usbd.c.obj
                0x100059a4                usbd_edpt_release
 .text.usbd_edpt_xfer
                0x10005a0c       0x80 CMakeFiles/oled_i2c.dir/C_/Raspberry/Pico/pico-sdk/lib/tinyusb/src/device/usbd.c.obj
                0x10005a0c                usbd_edpt_xfer
 .text.usbd_edpt_stall
                0x10005a8c       0x2c CMakeFiles/oled_i2c.dir/C_/Raspberry/Pico/pico-sdk/lib/tinyusb/src/device/usbd.c.obj
                0x10005a8c                usbd_edpt_stall
 .text.usbd_edpt_clear_stall
                0x10005ab8       0x2c CMakeFiles/oled_i2c.dir/C_/Raspberry/Pico/pico-sdk/lib/tinyusb/src/device/usbd.c.obj
                0x10005ab8                usbd_edpt_clear_stall
 .text.usbd_edpt_stalled
                0x10005ae4       0x1c CMakeFiles/oled_i2c.dir/C_/Raspberry/Pico/pico-sdk/lib/tinyusb/src/device/usbd.c.obj
                0x10005ae4                usbd_edpt_stalled
 .text.process_control_request
                0x10005b00      0x380 CMakeFiles/oled_i2c.dir/C_/Raspberry/Pico/pico-sdk/lib/tinyusb/src/device/usbd.c.obj
 .text.tud_task
                0x10005e80      0x204 CMakeFiles/oled_i2c.dir/C_/Raspberry/Pico/pico-sdk/lib/tinyusb/src/device/usbd.c.obj
                0x10005e80                tud_task
 .text._data_stage_xact
                0x10006084       0x58 CMakeFiles/oled_i2c.dir/C_/Raspberry/Pico/pico-sdk/lib/tinyusb/src/device/usbd_control.c.obj
 .text.tud_control_status
                0x100060dc       0x38 CMakeFiles/oled_i2c.dir/C_/Raspberry/Pico/pico-sdk/lib/tinyusb/src/device/usbd_control.c.obj
                0x100060dc                tud_control_status
 .text.tud_control_xfer
                0x10006114       0xa8 CMakeFiles/oled_i2c.dir/C_/Raspberry/Pico/pico-sdk/lib/tinyusb/src/device/usbd_control.c.obj
                0x10006114                tud_control_xfer
 .text.usbd_control_reset
                0x100061bc       0x14 CMakeFiles/oled_i2c.dir/C_/Raspberry/Pico/pico-sdk/lib/tinyusb/src/device/usbd_control.c.obj
                0x100061bc                usbd_control_reset
 .text.usbd_control_set_complete_callback
                0x100061d0        0xc CMakeFiles/oled_i2c.dir/C_/Raspberry/Pico/pico-sdk/lib/tinyusb/src/device/usbd_control.c.obj
                0x100061d0                usbd_control_set_complete_callback
 .text.usbd_control_set_request
                0x100061dc       0x1c CMakeFiles/oled_i2c.dir/C_/Raspberry/Pico/pico-sdk/lib/tinyusb/src/device/usbd_control.c.obj
                0x100061dc                usbd_control_set_request
 .text.usbd_control_xfer_cb
                0x100061f8       0xfc CMakeFiles/oled_i2c.dir/C_/Raspberry/Pico/pico-sdk/lib/tinyusb/src/device/usbd_control.c.obj
                0x100061f8                usbd_control_xfer_cb
 .text._prep_out_transaction
                0x100062f4       0x46 CMakeFiles/oled_i2c.dir/C_/Raspberry/Pico/pico-sdk/lib/tinyusb/src/class/cdc/cdc_device.c.obj
 *fill*         0x1000633a        0x2 
 .text.tud_cdc_n_connected
                0x1000633c       0x44 CMakeFiles/oled_i2c.dir/C_/Raspberry/Pico/pico-sdk/lib/tinyusb/src/class/cdc/cdc_device.c.obj
                0x1000633c                tud_cdc_n_connected
 .text.tud_cdc_n_available
                0x10006380       0x18 CMakeFiles/oled_i2c.dir/C_/Raspberry/Pico/pico-sdk/lib/tinyusb/src/class/cdc/cdc_device.c.obj
                0x10006380                tud_cdc_n_available
 .text.tud_cdc_n_read
                0x10006398       0x28 CMakeFiles/oled_i2c.dir/C_/Raspberry/Pico/pico-sdk/lib/tinyusb/src/class/cdc/cdc_device.c.obj
                0x10006398                tud_cdc_n_read
 .text.tud_cdc_n_write_flush
                0x100063c0       0xcc CMakeFiles/oled_i2c.dir/C_/Raspberry/Pico/pico-sdk/lib/tinyusb/src/class/cdc/cdc_device.c.obj
                0x100063c0                tud_cdc_n_write_flush
 .text.tud_cdc_n_write
                0x1000648c       0x38 CMakeFiles/oled_i2c.dir/C_/Raspberry/Pico/pico-sdk/lib/tinyusb/src/class/cdc/cdc_device.c.obj
                0x1000648c                tud_cdc_n_write
 .text.tud_cdc_n_write_available
                0x100064c4       0x1c CMakeFiles/oled_i2c.dir/C_/Raspberry/Pico/pico-sdk/lib/tinyusb/src/class/cdc/cdc_device.c.obj
                0x100064c4                tud_cdc_n_write_available
 .text.cdcd_init
                0x100064e0       0xbc CMakeFiles/oled_i2c.dir/C_/Raspberry/Pico/pico-sdk/lib/tinyusb/src/class/cdc/cdc_device.c.obj
                0x100064e0                cdcd_init
 .text.cdcd_reset
                0x1000659c       0x44 CMakeFiles/oled_i2c.dir/C_/Raspberry/Pico/pico-sdk/lib/tinyusb/src/class/cdc/cdc_device.c.obj
                0x1000659c                cdcd_reset
 .text.cdcd_open
                0x100065e0      0x10c CMakeFiles/oled_i2c.dir/C_/Raspberry/Pico/pico-sdk/lib/tinyusb/src/class/cdc/cdc_device.c.obj
                0x100065e0                cdcd_open
 .text.cdcd_control_xfer_cb
                0x100066ec      0x134 CMakeFiles/oled_i2c.dir/C_/Raspberry/Pico/pico-sdk/lib/tinyusb/src/class/cdc/cdc_device.c.obj
                0x100066ec                cdcd_control_xfer_cb
 .text.cdcd_xfer_cb
                0x10006820      0x144 CMakeFiles/oled_i2c.dir/C_/Raspberry/Pico/pico-sdk/lib/tinyusb/src/class/cdc/cdc_device.c.obj
                0x10006820                cdcd_xfer_cb
 .text.tusb_init
                0x10006964       0x24 CMakeFiles/oled_i2c.dir/C_/Raspberry/Pico/pico-sdk/lib/tinyusb/src/tusb.c.obj
                0x10006964                tusb_init
 .text.tusb_inited
                0x10006988        0xe CMakeFiles/oled_i2c.dir/C_/Raspberry/Pico/pico-sdk/lib/tinyusb/src/tusb.c.obj
                0x10006988                tusb_inited
 .text.advance_pointer
                0x10006996       0x1e CMakeFiles/oled_i2c.dir/C_/Raspberry/Pico/pico-sdk/lib/tinyusb/src/common/tusb_fifo.c.obj
 .text.backward_pointer
                0x100069b4       0x1a CMakeFiles/oled_i2c.dir/C_/Raspberry/Pico/pico-sdk/lib/tinyusb/src/common/tusb_fifo.c.obj
 .text.get_relative_pointer
                0x100069ce       0x10 CMakeFiles/oled_i2c.dir/C_/Raspberry/Pico/pico-sdk/lib/tinyusb/src/common/tusb_fifo.c.obj
 .text._tu_fifo_peek
                0x100069de       0x50 CMakeFiles/oled_i2c.dir/C_/Raspberry/Pico/pico-sdk/lib/tinyusb/src/common/tusb_fifo.c.obj
 .text._ff_pull_const_addr
                0x10006a2e       0x4c CMakeFiles/oled_i2c.dir/C_/Raspberry/Pico/pico-sdk/lib/tinyusb/src/common/tusb_fifo.c.obj
 .text._ff_pull_n
                0x10006a7a      0x10c CMakeFiles/oled_i2c.dir/C_/Raspberry/Pico/pico-sdk/lib/tinyusb/src/common/tusb_fifo.c.obj
 .text._tu_fifo_peek_n
                0x10006b86       0x5e CMakeFiles/oled_i2c.dir/C_/Raspberry/Pico/pico-sdk/lib/tinyusb/src/common/tusb_fifo.c.obj
 .text._tu_fifo_read_n
                0x10006be4       0x4e CMakeFiles/oled_i2c.dir/C_/Raspberry/Pico/pico-sdk/lib/tinyusb/src/common/tusb_fifo.c.obj
 .text._ff_push_const_addr
                0x10006c32       0x40 CMakeFiles/oled_i2c.dir/C_/Raspberry/Pico/pico-sdk/lib/tinyusb/src/common/tusb_fifo.c.obj
 .text._ff_push_n
                0x10006c72      0x108 CMakeFiles/oled_i2c.dir/C_/Raspberry/Pico/pico-sdk/lib/tinyusb/src/common/tusb_fifo.c.obj
 .text._tu_fifo_write_n
                0x10006d7a       0x9e CMakeFiles/oled_i2c.dir/C_/Raspberry/Pico/pico-sdk/lib/tinyusb/src/common/tusb_fifo.c.obj
 .text.tu_fifo_config
                0x10006e18       0x72 CMakeFiles/oled_i2c.dir/C_/Raspberry/Pico/pico-sdk/lib/tinyusb/src/common/tusb_fifo.c.obj
                0x10006e18                tu_fifo_config
 .text.tu_fifo_count
                0x10006e8a       0x26 CMakeFiles/oled_i2c.dir/C_/Raspberry/Pico/pico-sdk/lib/tinyusb/src/common/tusb_fifo.c.obj
                0x10006e8a                tu_fifo_count
 .text.tu_fifo_empty
                0x10006eb0       0x10 CMakeFiles/oled_i2c.dir/C_/Raspberry/Pico/pico-sdk/lib/tinyusb/src/common/tusb_fifo.c.obj
                0x10006eb0                tu_fifo_empty
 .text.tu_fifo_remaining
                0x10006ec0       0x20 CMakeFiles/oled_i2c.dir/C_/Raspberry/Pico/pico-sdk/lib/tinyusb/src/common/tusb_fifo.c.obj
                0x10006ec0                tu_fifo_remaining
 .text.tu_fifo_read
                0x10006ee0       0x42 CMakeFiles/oled_i2c.dir/C_/Raspberry/Pico/pico-sdk/lib/tinyusb/src/common/tusb_fifo.c.obj
                0x10006ee0                tu_fifo_read
 .text.tu_fifo_read_n
                0x10006f22        0xa CMakeFiles/oled_i2c.dir/C_/Raspberry/Pico/pico-sdk/lib/tinyusb/src/common/tusb_fifo.c.obj
                0x10006f22                tu_fifo_read_n
 .text.tu_fifo_write
                0x10006f2c       0x6c CMakeFiles/oled_i2c.dir/C_/Raspberry/Pico/pico-sdk/lib/tinyusb/src/common/tusb_fifo.c.obj
                0x10006f2c                tu_fifo_write
 .text.tu_fifo_write_n
                0x10006f98        0xa CMakeFiles/oled_i2c.dir/C_/Raspberry/Pico/pico-sdk/lib/tinyusb/src/common/tusb_fifo.c.obj
                0x10006f98                tu_fifo_write_n
 .text.tu_fifo_clear
                0x10006fa2       0x4c CMakeFiles/oled_i2c.dir/C_/Raspberry/Pico/pico-sdk/lib/tinyusb/src/common/tusb_fifo.c.obj
                0x10006fa2                tu_fifo_clear
 .text.tu_fifo_set_overwritable
                0x10006fee       0x3c CMakeFiles/oled_i2c.dir/C_/Raspberry/Pico/pico-sdk/lib/tinyusb/src/common/tusb_fifo.c.obj
                0x10006fee                tu_fifo_set_overwritable
 *fill*         0x1000702a        0x2 
 .text._retrieve_unique_id_on_boot
                0x1000702c       0x10 CMakeFiles/oled_i2c.dir/C_/Raspberry/Pico/pico-sdk/src/rp2_common/pico_unique_id/unique_id.c.obj
 .text.pico_get_unique_board_id_string
                0x1000703c       0x60 CMakeFiles/oled_i2c.dir/C_/Raspberry/Pico/pico-sdk/src/rp2_common/pico_unique_id/unique_id.c.obj
                0x1000703c                pico_get_unique_board_id_string
 .text.flash_get_unique_id
                0x1000709c       0x46 CMakeFiles/oled_i2c.dir/C_/Raspberry/Pico/pico-sdk/src/rp2_common/hardware_flash/flash.c.obj
                0x1000709c                flash_get_unique_id
 .text.i2c_write_blocking_internal
                0x100070e2      0x140 CMakeFiles/oled_i2c.dir/C_/Raspberry/Pico/pico-sdk/src/rp2_common/hardware_i2c/i2c.c.obj
 .text.i2c_read_blocking_internal
                0x10007222       0xe6 CMakeFiles/oled_i2c.dir/C_/Raspberry/Pico/pico-sdk/src/rp2_common/hardware_i2c/i2c.c.obj
 .text.i2c_set_baudrate
                0x10007308       0xf0 CMakeFiles/oled_i2c.dir/C_/Raspberry/Pico/pico-sdk/src/rp2_common/hardware_i2c/i2c.c.obj
                0x10007308                i2c_set_baudrate
 .text.i2c_init
                0x100073f8       0x58 CMakeFiles/oled_i2c.dir/C_/Raspberry/Pico/pico-sdk/src/rp2_common/hardware_i2c/i2c.c.obj
                0x100073f8                i2c_init
 .text.i2c_write_blocking
                0x10007450       0x18 CMakeFiles/oled_i2c.dir/C_/Raspberry/Pico/pico-sdk/src/rp2_common/hardware_i2c/i2c.c.obj
                0x10007450                i2c_write_blocking
 .text.i2c_read_blocking
                0x10007468       0x18 CMakeFiles/oled_i2c.dir/C_/Raspberry/Pico/pico-sdk/src/rp2_common/hardware_i2c/i2c.c.obj
                0x10007468                i2c_read_blocking
 .text.strlen   0x10007480       0x5c c:/progra~2/gnuarm~1/102021~1.07/bin/../lib/gcc/arm-none-eabi/10.3.1/../../../../arm-none-eabi/lib/thumb/v6-m/nofp\libg.a(lib_a-strlen-stub.o)
                0x10007480                strlen
 *(.fini)
 .fini          0x100074dc        0x4 c:/progra~2/gnuarm~1/102021~1.07/bin/../lib/gcc/arm-none-eabi/10.3.1/thumb/v6-m/nofp/crti.o
                0x100074dc                _fini
 .fini.__stub   0x100074e0       0x70 linker stubs
 *crtbegin.o(.ctors)
 *crtbegin?.o(.ctors)
 *(EXCLUDE_FILE(*crtend.o *crtend?.o) .ctors)
 *(SORT_BY_NAME(.ctors.*))
 *(.ctors)
 *crtbegin.o(.dtors)
 *crtbegin?.o(.dtors)
 *(EXCLUDE_FILE(*crtend.o *crtend?.o) .dtors)
 *(SORT_BY_NAME(.dtors.*))
 *(.dtors)
 *(.eh_frame*)
 .eh_frame      0x10007550        0x0 c:/progra~2/gnuarm~1/102021~1.07/bin/../lib/gcc/arm-none-eabi/10.3.1/thumb/v6-m/nofp/crtbegin.o
                0x10007550                . = ALIGN (0x4)

.glue_7         0x10007550        0x0
 .glue_7        0x10007550        0x0 linker stubs

.glue_7t        0x10007550        0x0
 .glue_7t       0x10007550        0x0 linker stubs

.vfp11_veneer   0x10007550        0x0
 .vfp11_veneer  0x10007550        0x0 linker stubs

.v4_bx          0x10007550        0x0
 .v4_bx         0x10007550        0x0 linker stubs

.iplt           0x10007550        0x0
 .iplt          0x10007550        0x0 c:/progra~2/gnuarm~1/102021~1.07/bin/../lib/gcc/arm-none-eabi/10.3.1/thumb/v6-m/nofp/crtbegin.o

.rodata         0x10007550     0x171c
 *(EXCLUDE_FILE(*libm.a: *libc.a:*lib_a-mem*.o *libgcc.a:) .rodata*)
 .rodata.main.str1.4
                0x10007550       0x5e CMakeFiles/oled_i2c.dir/oled_i2c.c.obj
                                 0x62 (size before relaxing)
 *fill*         0x100075ae        0x2 
 .rodata.__bi_233.0
                0x100075b0        0x8 CMakeFiles/oled_i2c.dir/oled_i2c.c.obj
 .rodata.oled_init_list2
                0x100075b8       0x1b CMakeFiles/oled_i2c.dir/oled_i2c.c.obj
 *fill*         0x100075d3        0x1 
 .rodata.spin_lock_claim_unused.str1.4
                0x100075d4       0x1b CMakeFiles/oled_i2c.dir/C_/Raspberry/Pico/pico-sdk/src/rp2_common/hardware_sync/sync.c.obj
 *fill*         0x100075ef        0x1 
 .rodata.repeating_timer_callback.str1.4
                0x100075f0       0x4b CMakeFiles/oled_i2c.dir/C_/Raspberry/Pico/pico-sdk/src/common/pico_time/time.c.obj
 *fill*         0x1000763b        0x1 
 .rodata.alarm_pool_dump_key.str1.4
                0x1000763c       0x33 CMakeFiles/oled_i2c.dir/C_/Raspberry/Pico/pico-sdk/src/common/pico_time/time.c.obj
 *fill*         0x1000766f        0x1 
 .rodata.ph_add_child_node.str1.4
                0x10007670       0x96 CMakeFiles/oled_i2c.dir/C_/Raspberry/Pico/pico-sdk/src/common/pico_time/time.c.obj
 *fill*         0x10007706        0x2 
 .rodata.add_alarm_under_lock.str1.4
                0x10007708       0x28 CMakeFiles/oled_i2c.dir/C_/Raspberry/Pico/pico-sdk/src/common/pico_time/time.c.obj
                                 0x2b (size before relaxing)
 .rodata.alarm_pool_alarm_callback.str1.4
                0x10007730       0xe6 CMakeFiles/oled_i2c.dir/C_/Raspberry/Pico/pico-sdk/src/common/pico_time/time.c.obj
 *fill*         0x10007816        0x2 
 .rodata.alarm_pool_get_default.str1.4
                0x10007818       0x21 CMakeFiles/oled_i2c.dir/C_/Raspberry/Pico/pico-sdk/src/common/pico_time/time.c.obj
 *fill*         0x10007839        0x3 
 .rodata.alarm_pool_cancel_alarm.str1.4
                0x1000783c       0x27 CMakeFiles/oled_i2c.dir/C_/Raspberry/Pico/pico-sdk/src/common/pico_time/time.c.obj
 *fill*         0x10007863        0x1 
 .rodata.sleep_until.str1.4
                0x10007864       0x4d CMakeFiles/oled_i2c.dir/C_/Raspberry/Pico/pico-sdk/src/common/pico_time/time.c.obj
 *fill*         0x100078b1        0x3 
 .rodata.__func__.1
                0x100078b4       0x18 CMakeFiles/oled_i2c.dir/C_/Raspberry/Pico/pico-sdk/src/common/pico_time/time.c.obj
 .rodata.__func__.10
                0x100078cc       0x15 CMakeFiles/oled_i2c.dir/C_/Raspberry/Pico/pico-sdk/src/common/pico_time/time.c.obj
 *fill*         0x100078e1        0x3 
 .rodata.__func__.11
                0x100078e4       0x1a CMakeFiles/oled_i2c.dir/C_/Raspberry/Pico/pico-sdk/src/common/pico_time/time.c.obj
 *fill*         0x100078fe        0x2 
 .rodata.__func__.12
                0x10007900        0xa CMakeFiles/oled_i2c.dir/C_/Raspberry/Pico/pico-sdk/src/common/pico_time/time.c.obj
 *fill*         0x1000790a        0x2 
 .rodata.__func__.3
                0x1000790c       0x17 CMakeFiles/oled_i2c.dir/C_/Raspberry/Pico/pico-sdk/src/common/pico_time/time.c.obj
 *fill*         0x10007923        0x1 
 .rodata.__func__.4
                0x10007924       0x12 CMakeFiles/oled_i2c.dir/C_/Raspberry/Pico/pico-sdk/src/common/pico_time/time.c.obj
 *fill*         0x10007936        0x2 
 .rodata.__func__.5
                0x10007938        0xd CMakeFiles/oled_i2c.dir/C_/Raspberry/Pico/pico-sdk/src/common/pico_time/time.c.obj
 *fill*         0x10007945        0x3 
 .rodata.__func__.6
                0x10007948       0x12 CMakeFiles/oled_i2c.dir/C_/Raspberry/Pico/pico-sdk/src/common/pico_time/time.c.obj
 *fill*         0x1000795a        0x2 
 .rodata.__func__.7
                0x1000795c        0xf CMakeFiles/oled_i2c.dir/C_/Raspberry/Pico/pico-sdk/src/common/pico_time/time.c.obj
 *fill*         0x1000796b        0x1 
 .rodata.__func__.8
                0x1000796c        0xc CMakeFiles/oled_i2c.dir/C_/Raspberry/Pico/pico-sdk/src/common/pico_time/time.c.obj
 .rodata.__func__.9
                0x10007978       0x15 CMakeFiles/oled_i2c.dir/C_/Raspberry/Pico/pico-sdk/src/common/pico_time/time.c.obj
 *fill*         0x1000798d        0x3 
 .rodata.hardware_alarm_claim.str1.4
                0x10007990       0x22 CMakeFiles/oled_i2c.dir/C_/Raspberry/Pico/pico-sdk/src/rp2_common/hardware_timer/timer.c.obj
 *fill*         0x100079b2        0x2 
 .rodata.hardware_alarm_set_target.str1.4
                0x100079b4       0x65 CMakeFiles/oled_i2c.dir/C_/Raspberry/Pico/pico-sdk/src/rp2_common/hardware_timer/timer.c.obj
 *fill*         0x10007a19        0x3 
 .rodata.__func__.0
                0x10007a1c       0x1a CMakeFiles/oled_i2c.dir/C_/Raspberry/Pico/pico-sdk/src/rp2_common/hardware_timer/timer.c.obj
 *fill*         0x10007a36        0x2 
 .rodata.str1.4
                0x10007a38       0xb1 CMakeFiles/oled_i2c.dir/C_/Raspberry/Pico/pico-sdk/src/common/pico_sync/mutex.c.obj
                                0x115 (size before relaxing)
 *fill*         0x10007ae9        0x3 
 .rodata.__func__.0
                0x10007aec        0xb CMakeFiles/oled_i2c.dir/C_/Raspberry/Pico/pico-sdk/src/common/pico_sync/mutex.c.obj
 *fill*         0x10007af7        0x1 
 .rodata.__func__.1
                0x10007af8       0x18 CMakeFiles/oled_i2c.dir/C_/Raspberry/Pico/pico-sdk/src/common/pico_sync/mutex.c.obj
 .rodata.__func__.2
                0x10007b10       0x15 CMakeFiles/oled_i2c.dir/C_/Raspberry/Pico/pico-sdk/src/common/pico_sync/mutex.c.obj
 *fill*         0x10007b25        0x3 
 .rodata.__func__.3
                0x10007b28       0x15 CMakeFiles/oled_i2c.dir/C_/Raspberry/Pico/pico-sdk/src/common/pico_sync/mutex.c.obj
 .rodata.ph_add_child_node.str1.4
                0x10007b3d       0x96 CMakeFiles/oled_i2c.dir/C_/Raspberry/Pico/pico-sdk/src/common/pico_util/pheap.c.obj
 *fill*         0x10007b3d        0x3 
 .rodata.ph_remove_any_head.str1.4
                0x10007b40       0x8c CMakeFiles/oled_i2c.dir/C_/Raspberry/Pico/pico-sdk/src/common/pico_util/pheap.c.obj
 .rodata.ph_remove_and_free_node.str1.4
                0x10007bcc       0x26 CMakeFiles/oled_i2c.dir/C_/Raspberry/Pico/pico-sdk/src/common/pico_util/pheap.c.obj
 *fill*         0x10007bf2        0x2 
 .rodata.__func__.0
                0x10007bf4       0x18 CMakeFiles/oled_i2c.dir/C_/Raspberry/Pico/pico-sdk/src/common/pico_util/pheap.c.obj
 .rodata.__func__.1
                0x10007c0c       0x13 CMakeFiles/oled_i2c.dir/C_/Raspberry/Pico/pico-sdk/src/common/pico_util/pheap.c.obj
 *fill*         0x10007c1f        0x1 
 .rodata.__func__.2
                0x10007c20       0x12 CMakeFiles/oled_i2c.dir/C_/Raspberry/Pico/pico-sdk/src/common/pico_util/pheap.c.obj
 *fill*         0x10007c32        0x2 
 .rodata.__func__.3
                0x10007c34        0xc CMakeFiles/oled_i2c.dir/C_/Raspberry/Pico/pico-sdk/src/common/pico_util/pheap.c.obj
 .rodata.__assert_func.str1.4
                0x10007c40       0x3f CMakeFiles/oled_i2c.dir/C_/Raspberry/Pico/pico-sdk/src/rp2_common/pico_runtime/runtime.c.obj
                                 0x43 (size before relaxing)
 *fill*         0x10007c7f        0x1 
 .rodata.panic.str1.4
                0x10007c80       0x10 CMakeFiles/oled_i2c.dir/C_/Raspberry/Pico/pico-sdk/src/rp2_common/pico_runtime/runtime.c.obj
                                 0x12 (size before relaxing)
 .rodata.clock_configure.str1.4
                0x10007c90       0x57 CMakeFiles/oled_i2c.dir/C_/Raspberry/Pico/pico-sdk/src/rp2_common/hardware_clocks/clocks.c.obj
 *fill*         0x10007ce7        0x1 
 .rodata.__func__.1
                0x10007ce8       0x10 CMakeFiles/oled_i2c.dir/C_/Raspberry/Pico/pico-sdk/src/rp2_common/hardware_clocks/clocks.c.obj
 .rodata.make_branch.str1.4
                0x10007cf8       0x4d CMakeFiles/oled_i2c.dir/C_/Raspberry/Pico/pico-sdk/src/rp2_common/hardware_irq/irq.c.obj
 *fill*         0x10007d45        0x3 
 .rodata.irq_set_exclusive_handler.str1.4
                0x10007d48       0x36 CMakeFiles/oled_i2c.dir/C_/Raspberry/Pico/pico-sdk/src/rp2_common/hardware_irq/irq.c.obj
 *fill*         0x10007d7e        0x2 
 .rodata.irq_add_shared_handler.str1.4
                0x10007d80       0xd9 CMakeFiles/oled_i2c.dir/C_/Raspberry/Pico/pico-sdk/src/rp2_common/hardware_irq/irq.c.obj
 *fill*         0x10007e59        0x3 
 .rodata.irq_remove_handler.str1.4
                0x10007e5c       0x2a CMakeFiles/oled_i2c.dir/C_/Raspberry/Pico/pico-sdk/src/rp2_common/hardware_irq/irq.c.obj
 *fill*         0x10007e86        0x2 
 .rodata.irq_add_tail_to_free_list.str1.4
                0x10007e88       0x32 CMakeFiles/oled_i2c.dir/C_/Raspberry/Pico/pico-sdk/src/rp2_common/hardware_irq/irq.c.obj
                                 0x3a (size before relaxing)
 *fill*         0x10007eba        0x2 
 .rodata.__func__.0
                0x10007ebc       0x1a CMakeFiles/oled_i2c.dir/C_/Raspberry/Pico/pico-sdk/src/rp2_common/hardware_irq/irq.c.obj
 *fill*         0x10007ed6        0x2 
 .rodata.__func__.1
                0x10007ed8       0x17 CMakeFiles/oled_i2c.dir/C_/Raspberry/Pico/pico-sdk/src/rp2_common/hardware_irq/irq.c.obj
 *fill*         0x10007eef        0x1 
 .rodata.__func__.2
                0x10007ef0       0x13 CMakeFiles/oled_i2c.dir/C_/Raspberry/Pico/pico-sdk/src/rp2_common/hardware_irq/irq.c.obj
 *fill*         0x10007f03        0x1 
 .rodata.__func__.3
                0x10007f04        0xc CMakeFiles/oled_i2c.dir/C_/Raspberry/Pico/pico-sdk/src/rp2_common/hardware_irq/irq.c.obj
 .rodata.__func__.4
                0x10007f10        0xf CMakeFiles/oled_i2c.dir/C_/Raspberry/Pico/pico-sdk/src/rp2_common/hardware_irq/irq.c.obj
 *fill*         0x10007f1f        0x1 
 .rodata.__func__.6
                0x10007f20       0x1a CMakeFiles/oled_i2c.dir/C_/Raspberry/Pico/pico-sdk/src/rp2_common/hardware_irq/irq.c.obj
 *fill*         0x10007f3a        0x2 
 .rodata.pll_init.str1.4
                0x10007f3c       0xdb CMakeFiles/oled_i2c.dir/C_/Raspberry/Pico/pico-sdk/src/rp2_common/hardware_pll/pll.c.obj
 *fill*         0x10008017        0x1 
 .rodata.__func__.0
                0x10008018        0x9 CMakeFiles/oled_i2c.dir/C_/Raspberry/Pico/pico-sdk/src/rp2_common/hardware_pll/pll.c.obj
 *fill*         0x10008021        0x3 
 .rodata._ftoa.str1.4
                0x10008024       0x15 CMakeFiles/oled_i2c.dir/C_/Raspberry/Pico/pico-sdk/src/rp2_common/pico_printf/printf.c.obj
 *fill*         0x10008039        0x3 
 .rodata._vsnprintf
                0x1000803c      0x1e0 CMakeFiles/oled_i2c.dir/C_/Raspberry/Pico/pico-sdk/src/rp2_common/pico_printf/printf.c.obj
 *fill*         0x1000821c        0x4 
 .rodata.pow10.0
                0x10008220       0x50 CMakeFiles/oled_i2c.dir/C_/Raspberry/Pico/pico-sdk/src/rp2_common/pico_printf/printf.c.obj
 .rodata.__aeabi_double_init.str1.4
                0x10008270       0xa8 CMakeFiles/oled_i2c.dir/C_/Raspberry/Pico/pico-sdk/src/rp2_common/pico_double/double_init_rom.c.obj
 .rodata.__func__.0
                0x10008318       0x14 CMakeFiles/oled_i2c.dir/C_/Raspberry/Pico/pico-sdk/src/rp2_common/pico_double/double_init_rom.c.obj
 .rodata.__aeabi_float_init.str1.4
                0x1000832c       0x7a CMakeFiles/oled_i2c.dir/C_/Raspberry/Pico/pico-sdk/src/rp2_common/pico_float/float_init_rom.c.obj
                                 0x7e (size before relaxing)
 *fill*         0x100083a6        0x2 
 .rodata.__func__.0
                0x100083a8       0x13 CMakeFiles/oled_i2c.dir/C_/Raspberry/Pico/pico-sdk/src/rp2_common/pico_float/float_init_rom.c.obj
 *fill*         0x100083bb        0x1 
 .rodata.str1.4
                0x100083bc       0x40 CMakeFiles/oled_i2c.dir/C_/Raspberry/Pico/pico-sdk/src/rp2_common/pico_standard_link/binary_info.c.obj
 .rodata.__bi_44
                0x100083fc        0xc CMakeFiles/oled_i2c.dir/C_/Raspberry/Pico/pico-sdk/src/rp2_common/pico_standard_link/binary_info.c.obj
 .rodata.__bi_75
                0x10008408        0xc CMakeFiles/oled_i2c.dir/C_/Raspberry/Pico/pico-sdk/src/rp2_common/pico_standard_link/binary_info.c.obj
 .rodata.__bi_81
                0x10008414        0xc CMakeFiles/oled_i2c.dir/C_/Raspberry/Pico/pico-sdk/src/rp2_common/pico_standard_link/binary_info.c.obj
 .rodata.crlf_str.3
                0x10008420        0x2 CMakeFiles/oled_i2c.dir/C_/Raspberry/Pico/pico-sdk/src/rp2_common/pico_stdio/stdio.c.obj
 *fill*         0x10008422        0x2 
 .rodata._resetd_driver
                0x10008424       0x18 CMakeFiles/oled_i2c.dir/C_/Raspberry/Pico/pico-sdk/src/rp2_common/pico_stdio_usb/reset_interface.c.obj
 .rodata.stdio_usb_init.str1.4
                0x1000843c       0x61 CMakeFiles/oled_i2c.dir/C_/Raspberry/Pico/pico-sdk/src/rp2_common/pico_stdio_usb/stdio_usb.c.obj
 .rodata.str1.4
                0x1000843c       0x13 CMakeFiles/oled_i2c.dir/C_/Raspberry/Pico/pico-sdk/src/rp2_common/pico_stdio_usb/stdio_usb.c.obj
 *fill*         0x1000844f        0x1 
 .rodata.__bi_93.1
                0x10008450        0xc CMakeFiles/oled_i2c.dir/C_/Raspberry/Pico/pico-sdk/src/rp2_common/pico_stdio_usb/stdio_usb.c.obj
 .rodata.__func__.0
                0x1000845c       0x15 CMakeFiles/oled_i2c.dir/C_/Raspberry/Pico/pico-sdk/src/rp2_common/pico_stdio_usb/stdio_usb.c.obj
 *fill*         0x10008471        0x3 
 .rodata.str1.4
                0x10008474       0x2a CMakeFiles/oled_i2c.dir/C_/Raspberry/Pico/pico-sdk/src/rp2_common/pico_stdio_usb/stdio_usb_descriptors.c.obj
 *fill*         0x1000849e        0x2 
 .rodata.usbd_desc_cfg
                0x100084a0       0x54 CMakeFiles/oled_i2c.dir/C_/Raspberry/Pico/pico-sdk/src/rp2_common/pico_stdio_usb/stdio_usb_descriptors.c.obj
 .rodata.usbd_desc_device
                0x100084f4       0x12 CMakeFiles/oled_i2c.dir/C_/Raspberry/Pico/pico-sdk/src/rp2_common/pico_stdio_usb/stdio_usb_descriptors.c.obj
 *fill*         0x10008506        0x2 
 .rodata.usbd_desc_str
                0x10008508       0x18 CMakeFiles/oled_i2c.dir/C_/Raspberry/Pico/pico-sdk/src/rp2_common/pico_stdio_usb/stdio_usb_descriptors.c.obj
 .rodata._hw_endpoint_alloc.str1.4
                0x10008520       0xb5 CMakeFiles/oled_i2c.dir/C_/Raspberry/Pico/pico-sdk/lib/tinyusb/src/portable/raspberrypi/rp2040/dcd_rp2040.c.obj
 *fill*         0x100085d5        0x3 
 .rodata._hw_endpoint_init.str1.4
                0x100085d8       0x28 CMakeFiles/oled_i2c.dir/C_/Raspberry/Pico/pico-sdk/lib/tinyusb/src/portable/raspberrypi/rp2040/dcd_rp2040.c.obj
 .rodata.hw_handle_buff_status.str1.4
                0x10008600        0xb CMakeFiles/oled_i2c.dir/C_/Raspberry/Pico/pico-sdk/lib/tinyusb/src/portable/raspberrypi/rp2040/dcd_rp2040.c.obj
 *fill*         0x1000860b        0x1 
 .rodata.dcd_rp2040_irq.str1.4
                0x1000860c       0x14 CMakeFiles/oled_i2c.dir/C_/Raspberry/Pico/pico-sdk/lib/tinyusb/src/portable/raspberrypi/rp2040/dcd_rp2040.c.obj
 .rodata._hw_endpoint_stall.str1.4
                0x10008620        0xd CMakeFiles/oled_i2c.dir/C_/Raspberry/Pico/pico-sdk/lib/tinyusb/src/portable/raspberrypi/rp2040/dcd_rp2040.c.obj
 *fill*         0x1000862d        0x3 
 .rodata.dcd_int_enable.str1.4
                0x10008630        0xc CMakeFiles/oled_i2c.dir/C_/Raspberry/Pico/pico-sdk/lib/tinyusb/src/portable/raspberrypi/rp2040/dcd_rp2040.c.obj
 .rodata.__func__.0
                0x1000863c       0x15 CMakeFiles/oled_i2c.dir/C_/Raspberry/Pico/pico-sdk/lib/tinyusb/src/portable/raspberrypi/rp2040/dcd_rp2040.c.obj
 *fill*         0x10008651        0x3 
 .rodata.__func__.1
                0x10008654       0x13 CMakeFiles/oled_i2c.dir/C_/Raspberry/Pico/pico-sdk/lib/tinyusb/src/portable/raspberrypi/rp2040/dcd_rp2040.c.obj
 *fill*         0x10008667        0x1 
 .rodata.__func__.11
                0x10008668        0xf CMakeFiles/oled_i2c.dir/C_/Raspberry/Pico/pico-sdk/lib/tinyusb/src/portable/raspberrypi/rp2040/dcd_rp2040.c.obj
 *fill*         0x10008677        0x1 
 .rodata.__func__.12
                0x10008678       0x13 CMakeFiles/oled_i2c.dir/C_/Raspberry/Pico/pico-sdk/lib/tinyusb/src/portable/raspberrypi/rp2040/dcd_rp2040.c.obj
 *fill*         0x1000868b        0x1 
 .rodata.__func__.13
                0x1000868c       0x16 CMakeFiles/oled_i2c.dir/C_/Raspberry/Pico/pico-sdk/lib/tinyusb/src/portable/raspberrypi/rp2040/dcd_rp2040.c.obj
 *fill*         0x100086a2        0x2 
 .rodata.__func__.14
                0x100086a4        0x9 CMakeFiles/oled_i2c.dir/C_/Raspberry/Pico/pico-sdk/lib/tinyusb/src/portable/raspberrypi/rp2040/dcd_rp2040.c.obj
 *fill*         0x100086ad        0x3 
 .rodata.__func__.2
                0x100086b0        0xf CMakeFiles/oled_i2c.dir/C_/Raspberry/Pico/pico-sdk/lib/tinyusb/src/portable/raspberrypi/rp2040/dcd_rp2040.c.obj
 *fill*         0x100086bf        0x1 
 .rodata.__func__.3
                0x100086c0        0xe CMakeFiles/oled_i2c.dir/C_/Raspberry/Pico/pico-sdk/lib/tinyusb/src/portable/raspberrypi/rp2040/dcd_rp2040.c.obj
 *fill*         0x100086ce        0x2 
 .rodata.__func__.4
                0x100086d0        0xe CMakeFiles/oled_i2c.dir/C_/Raspberry/Pico/pico-sdk/lib/tinyusb/src/portable/raspberrypi/rp2040/dcd_rp2040.c.obj
 *fill*         0x100086de        0x2 
 .rodata.__func__.5
                0x100086e0       0x1a CMakeFiles/oled_i2c.dir/C_/Raspberry/Pico/pico-sdk/lib/tinyusb/src/portable/raspberrypi/rp2040/dcd_rp2040.c.obj
 *fill*         0x100086fa        0x2 
 .rodata.__func__.6
                0x100086fc        0xc CMakeFiles/oled_i2c.dir/C_/Raspberry/Pico/pico-sdk/lib/tinyusb/src/portable/raspberrypi/rp2040/dcd_rp2040.c.obj
 .rodata.__func__.9
                0x10008708       0x10 CMakeFiles/oled_i2c.dir/C_/Raspberry/Pico/pico-sdk/lib/tinyusb/src/portable/raspberrypi/rp2040/dcd_rp2040.c.obj
 .rodata._hw_endpoint_buffer_control_update32.str1.4
                0x10008718       0x1f CMakeFiles/oled_i2c.dir/C_/Raspberry/Pico/pico-sdk/lib/tinyusb/src/portable/raspberrypi/rp2040/rp2040_usb.c.obj
 *fill*         0x10008737        0x1 
 .rodata._hw_endpoint_xfer_sync.str1.4
                0x10008738       0x91 CMakeFiles/oled_i2c.dir/C_/Raspberry/Pico/pico-sdk/lib/tinyusb/src/portable/raspberrypi/rp2040/rp2040_usb.c.obj
 *fill*         0x100087c9        0x3 
 .rodata._hw_endpoint_xfer_continue.str1.4
                0x100087cc       0x50 CMakeFiles/oled_i2c.dir/C_/Raspberry/Pico/pico-sdk/lib/tinyusb/src/portable/raspberrypi/rp2040/rp2040_usb.c.obj
 .rodata._hw_endpoint_xfer.str1.4
                0x1000881c        0xf CMakeFiles/oled_i2c.dir/C_/Raspberry/Pico/pico-sdk/lib/tinyusb/src/portable/raspberrypi/rp2040/rp2040_usb.c.obj
 *fill*         0x1000882b        0x1 
 .rodata.str1.4
                0x1000882c        0x7 CMakeFiles/oled_i2c.dir/C_/Raspberry/Pico/pico-sdk/lib/tinyusb/src/portable/raspberrypi/rp2040/rp2040_usb.c.obj
 *fill*         0x10008833        0x1 
 .rodata.__func__.0
                0x10008834       0x12 CMakeFiles/oled_i2c.dir/C_/Raspberry/Pico/pico-sdk/lib/tinyusb/src/portable/raspberrypi/rp2040/rp2040_usb.c.obj
 *fill*         0x10008846        0x2 
 .rodata.__func__.1
                0x10008848       0x17 CMakeFiles/oled_i2c.dir/C_/Raspberry/Pico/pico-sdk/lib/tinyusb/src/portable/raspberrypi/rp2040/rp2040_usb.c.obj
 *fill*         0x1000885f        0x1 
 .rodata.process_set_config.str1.4
                0x10008860       0x17 CMakeFiles/oled_i2c.dir/C_/Raspberry/Pico/pico-sdk/lib/tinyusb/src/device/usbd.c.obj
 *fill*         0x10008877        0x1 
 .rodata.process_get_descriptor
                0x10008878       0x40 CMakeFiles/oled_i2c.dir/C_/Raspberry/Pico/pico-sdk/lib/tinyusb/src/device/usbd.c.obj
 .rodata.process_control_request
                0x100088b8       0x28 CMakeFiles/oled_i2c.dir/C_/Raspberry/Pico/pico-sdk/lib/tinyusb/src/device/usbd.c.obj
 .rodata.tud_task
                0x100088e0       0x24 CMakeFiles/oled_i2c.dir/C_/Raspberry/Pico/pico-sdk/lib/tinyusb/src/device/usbd.c.obj
 .rodata.__func__.2
                0x10008904        0xf CMakeFiles/oled_i2c.dir/C_/Raspberry/Pico/pico-sdk/lib/tinyusb/src/device/usbd.c.obj
 *fill*         0x10008913        0x1 
 .rodata.__func__.3
                0x10008914        0xf CMakeFiles/oled_i2c.dir/C_/Raspberry/Pico/pico-sdk/lib/tinyusb/src/device/usbd.c.obj
 *fill*         0x10008923        0x1 
 .rodata.__func__.4
                0x10008924       0x14 CMakeFiles/oled_i2c.dir/C_/Raspberry/Pico/pico-sdk/lib/tinyusb/src/device/usbd.c.obj
 .rodata.__func__.5
                0x10008938       0x10 CMakeFiles/oled_i2c.dir/C_/Raspberry/Pico/pico-sdk/lib/tinyusb/src/device/usbd.c.obj
 .rodata.__func__.6
                0x10008948       0x17 CMakeFiles/oled_i2c.dir/C_/Raspberry/Pico/pico-sdk/lib/tinyusb/src/device/usbd.c.obj
 *fill*         0x1000895f        0x1 
 .rodata.__func__.7
                0x10008960       0x13 CMakeFiles/oled_i2c.dir/C_/Raspberry/Pico/pico-sdk/lib/tinyusb/src/device/usbd.c.obj
 *fill*         0x10008973        0x1 
 .rodata.__func__.8
                0x10008974       0x18 CMakeFiles/oled_i2c.dir/C_/Raspberry/Pico/pico-sdk/lib/tinyusb/src/device/usbd.c.obj
 .rodata.__func__.9
                0x1000898c        0x9 CMakeFiles/oled_i2c.dir/C_/Raspberry/Pico/pico-sdk/lib/tinyusb/src/device/usbd.c.obj
 *fill*         0x10008995        0x3 
 .rodata._usbd_driver
                0x10008998       0x18 CMakeFiles/oled_i2c.dir/C_/Raspberry/Pico/pico-sdk/lib/tinyusb/src/device/usbd.c.obj
 .rodata.tud_control_xfer.str1.4
                0x100089b0       0x17 CMakeFiles/oled_i2c.dir/C_/Raspberry/Pico/pico-sdk/lib/tinyusb/src/device/usbd_control.c.obj
 .rodata.__func__.0
                0x100089b0       0x15 CMakeFiles/oled_i2c.dir/C_/Raspberry/Pico/pico-sdk/lib/tinyusb/src/device/usbd_control.c.obj
 *fill*         0x100089c5        0x3 
 .rodata.__func__.1
                0x100089c8       0x11 CMakeFiles/oled_i2c.dir/C_/Raspberry/Pico/pico-sdk/lib/tinyusb/src/device/usbd_control.c.obj
 .rodata.tud_cdc_n_write_flush.str1.4
                0x100089d9       0x17 CMakeFiles/oled_i2c.dir/C_/Raspberry/Pico/pico-sdk/lib/tinyusb/src/class/cdc/cdc_device.c.obj
 *fill*         0x100089d9        0x3 
 .rodata.__func__.0
                0x100089dc        0xd CMakeFiles/oled_i2c.dir/C_/Raspberry/Pico/pico-sdk/lib/tinyusb/src/class/cdc/cdc_device.c.obj
 *fill*         0x100089e9        0x3 
 .rodata.__func__.1
                0x100089ec        0xa CMakeFiles/oled_i2c.dir/C_/Raspberry/Pico/pico-sdk/lib/tinyusb/src/class/cdc/cdc_device.c.obj
 *fill*         0x100089f6        0x2 
 .rodata.__func__.2
                0x100089f8       0x16 CMakeFiles/oled_i2c.dir/C_/Raspberry/Pico/pico-sdk/lib/tinyusb/src/class/cdc/cdc_device.c.obj
 .rodata.tusb_init.str1.4
                0x10008a0e       0x17 CMakeFiles/oled_i2c.dir/C_/Raspberry/Pico/pico-sdk/lib/tinyusb/src/tusb.c.obj
 *fill*         0x10008a0e        0x2 
 .rodata.__func__.0
                0x10008a10        0xa CMakeFiles/oled_i2c.dir/C_/Raspberry/Pico/pico-sdk/lib/tinyusb/src/tusb.c.obj
 *fill*         0x10008a1a        0x2 
 .rodata.pico_get_unique_board_id_string.str1.4
                0x10008a1c       0x4d CMakeFiles/oled_i2c.dir/C_/Raspberry/Pico/pico-sdk/src/rp2_common/pico_unique_id/unique_id.c.obj
 *fill*         0x10008a69        0x3 
 .rodata.__func__.0
                0x10008a6c       0x20 CMakeFiles/oled_i2c.dir/C_/Raspberry/Pico/pico-sdk/src/rp2_common/pico_unique_id/unique_id.c.obj
 .rodata.str1.4
                0x10008a8c      0x15a CMakeFiles/oled_i2c.dir/C_/Raspberry/Pico/pico-sdk/src/rp2_common/hardware_flash/flash.c.obj
 *fill*         0x10008be6        0x2 
 .rodata.__func__.0
                0x10008be8        0xd CMakeFiles/oled_i2c.dir/C_/Raspberry/Pico/pico-sdk/src/rp2_common/hardware_flash/flash.c.obj
 *fill*         0x10008bf5        0x3 
 .rodata.i2c_set_baudrate.str1.4
                0x10008bf8       0x5d CMakeFiles/oled_i2c.dir/C_/Raspberry/Pico/pico-sdk/src/rp2_common/hardware_i2c/i2c.c.obj
 *fill*         0x10008c55        0x3 
 .rodata.__func__.0
                0x10008c58       0x11 CMakeFiles/oled_i2c.dir/C_/Raspberry/Pico/pico-sdk/src/rp2_common/hardware_i2c/i2c.c.obj
                0x10008c6c                . = ALIGN (0x4)
 *fill*         0x10008c69        0x3 
 *(SORT_BY_ALIGNMENT(SORT_BY_NAME(.flashdata*)))
                0x10008c6c                . = ALIGN (0x4)

.rel.dyn        0x10008c6c        0x0
 .rel.iplt      0x10008c6c        0x0 c:/progra~2/gnuarm~1/102021~1.07/bin/../lib/gcc/arm-none-eabi/10.3.1/thumb/v6-m/nofp/crtbegin.o

.ARM.extab
 *(.ARM.extab* .gnu.linkonce.armextab.*)
                0x10008c6c                __exidx_start = .

.ARM.exidx
 *(.ARM.exidx* .gnu.linkonce.armexidx.*)
                0x10008c6c                __exidx_end = .
                0x10008c6c                . = ALIGN (0x4)
                0x10008c6c                __binary_info_start = .

.binary_info    0x10008c6c       0x24
 *(.binary_info.keep.*)
 .binary_info.keep.__bi_ptr233
                0x10008c6c        0x4 CMakeFiles/oled_i2c.dir/oled_i2c.c.obj
 .binary_info.keep.__bi_ptr22
                0x10008c70        0x4 CMakeFiles/oled_i2c.dir/C_/Raspberry/Pico/pico-sdk/src/rp2_common/pico_standard_link/binary_info.c.obj
 .binary_info.keep.__bi_ptr30
                0x10008c74        0x4 CMakeFiles/oled_i2c.dir/C_/Raspberry/Pico/pico-sdk/src/rp2_common/pico_standard_link/binary_info.c.obj
 .binary_info.keep.__bi_ptr38
                0x10008c78        0x4 CMakeFiles/oled_i2c.dir/C_/Raspberry/Pico/pico-sdk/src/rp2_common/pico_standard_link/binary_info.c.obj
 .binary_info.keep.__bi_ptr44
                0x10008c7c        0x4 CMakeFiles/oled_i2c.dir/C_/Raspberry/Pico/pico-sdk/src/rp2_common/pico_standard_link/binary_info.c.obj
 .binary_info.keep.__bi_ptr50
                0x10008c80        0x4 CMakeFiles/oled_i2c.dir/C_/Raspberry/Pico/pico-sdk/src/rp2_common/pico_standard_link/binary_info.c.obj
 .binary_info.keep.__bi_ptr75
                0x10008c84        0x4 CMakeFiles/oled_i2c.dir/C_/Raspberry/Pico/pico-sdk/src/rp2_common/pico_standard_link/binary_info.c.obj
 .binary_info.keep.__bi_ptr81
                0x10008c88        0x4 CMakeFiles/oled_i2c.dir/C_/Raspberry/Pico/pico-sdk/src/rp2_common/pico_standard_link/binary_info.c.obj
 *(.binary_info.*)
 .binary_info.__bi_ptr93
                0x10008c8c        0x4 CMakeFiles/oled_i2c.dir/C_/Raspberry/Pico/pico-sdk/src/rp2_common/pico_stdio_usb/stdio_usb.c.obj
                0x10008c90                __binary_info_end = .
                0x10008c90                . = ALIGN (0x4)
                0x10008c90                __etext = .

.ram_vector_table
                0x20000000       0xc0
 *(.ram_vector_table)
 .ram_vector_table
                0x20000000       0xc0 CMakeFiles/oled_i2c.dir/C_/Raspberry/Pico/pico-sdk/src/rp2_common/pico_runtime/runtime.c.obj
                0x20000000                ram_vector_table

.data           0x200000c0      0x508 load address 0x10008c90
                0x200000c0                __data_start__ = .
 *(vtable)
 *(.time_critical*)
 .time_critical.mutex_enter_blocking
                0x200000c0       0x94 CMakeFiles/oled_i2c.dir/C_/Raspberry/Pico/pico-sdk/src/common/pico_sync/mutex.c.obj
                0x200000c0                mutex_enter_blocking
 .time_critical.mutex_try_enter
                0x20000154       0x5a CMakeFiles/oled_i2c.dir/C_/Raspberry/Pico/pico-sdk/src/common/pico_sync/mutex.c.obj
                0x20000154                mutex_try_enter
 *fill*         0x200001ae        0x2 
 .time_critical.mutex_enter_block_until
                0x200001b0       0x8c CMakeFiles/oled_i2c.dir/C_/Raspberry/Pico/pico-sdk/src/common/pico_sync/mutex.c.obj
                0x200001b0                mutex_enter_block_until
 .time_critical.mutex_enter_timeout_ms
                0x2000023c       0x74 CMakeFiles/oled_i2c.dir/C_/Raspberry/Pico/pico-sdk/src/common/pico_sync/mutex.c.obj
                0x2000023c                mutex_enter_timeout_ms
 .time_critical.mutex_exit
                0x200002b0       0x94 CMakeFiles/oled_i2c.dir/C_/Raspberry/Pico/pico-sdk/src/common/pico_sync/mutex.c.obj
                0x200002b0                mutex_exit
 .time_critical.flash_init_boot2_copyout
                0x20000344       0x30 CMakeFiles/oled_i2c.dir/C_/Raspberry/Pico/pico-sdk/src/rp2_common/hardware_flash/flash.c.obj
 .time_critical.flash_enable_xip_via_boot2
                0x20000374       0x10 CMakeFiles/oled_i2c.dir/C_/Raspberry/Pico/pico-sdk/src/rp2_common/hardware_flash/flash.c.obj
 .time_critical.flash_cs_force
                0x20000384       0x28 CMakeFiles/oled_i2c.dir/C_/Raspberry/Pico/pico-sdk/src/rp2_common/hardware_flash/flash.c.obj
 .time_critical.flash_do_cmd
                0x200003ac       0xc0 CMakeFiles/oled_i2c.dir/C_/Raspberry/Pico/pico-sdk/src/rp2_common/hardware_flash/flash.c.obj
                0x200003ac                flash_do_cmd
 *(.text*)
 .text          0x2000046c        0x4 c:/progra~2/gnuarm~1/102021~1.07/bin/../lib/gcc/arm-none-eabi/10.3.1/thumb/v6-m/nofp\libgcc.a(_dvmd_tls.o)
                0x2000046c                __aeabi_idiv0
                0x2000046c                __aeabi_ldiv0
 .text.__stub   0x20000470       0x50 linker stubs
                0x200004c0                . = ALIGN (0x4)
 *(.rodata*)
                0x200004c0                . = ALIGN (0x4)
 *(.data*)
 .data.striped_spin_lock_num
                0x200004c0        0x1 CMakeFiles/oled_i2c.dir/C_/Raspberry/Pico/pico-sdk/src/rp2_common/hardware_sync/sync.c.obj
 *fill*         0x200004c1        0x3 
 .data.default_alarm_pool
                0x200004c4       0x18 CMakeFiles/oled_i2c.dir/C_/Raspberry/Pico/pico-sdk/src/common/pico_time/time.c.obj
 .data.default_alarm_pool_heap
                0x200004dc       0x10 CMakeFiles/oled_i2c.dir/C_/Raspberry/Pico/pico-sdk/src/common/pico_time/time.c.obj
 .data          0x200004ec       0x48 CMakeFiles/oled_i2c.dir/C_/Raspberry/Pico/pico-sdk/src/rp2_common/hardware_irq/irq_handler_chain.S.obj
                0x200004ec                irq_handler_chain_slots
                0x2000051c                irq_handler_chain_first_slot
                0x20000526                irq_handler_chain_remove_tail
 *fill*         0x20000534        0xc 
 .data.aeabi_bits_funcs
                0x20000540       0x10 CMakeFiles/oled_i2c.dir/C_/Raspberry/Pico/pico-sdk/src/rp2_common/pico_bit_ops/bit_ops_aeabi.S.obj
                0x20000540                aeabi_bits_funcs
                0x20000550                aeabi_bits_funcs_end
 .data.aeabi_mem_funcs
                0x20000550       0x10 CMakeFiles/oled_i2c.dir/C_/Raspberry/Pico/pico-sdk/src/rp2_common/pico_mem_ops/mem_ops_aeabi.S.obj
                0x20000550                aeabi_mem_funcs
                0x20000560                aeabi_mem_funcs_end
 .data.stdio_usb
                0x20000560       0x14 CMakeFiles/oled_i2c.dir/C_/Raspberry/Pico/pico-sdk/src/rp2_common/pico_stdio_usb/stdio_usb.c.obj
                0x20000560                stdio_usb
 .data.ep_dir_string
                0x20000574        0x8 CMakeFiles/oled_i2c.dir/C_/Raspberry/Pico/pico-sdk/lib/tinyusb/src/portable/raspberrypi/rp2040/rp2040_usb.c.obj
                0x20000574                ep_dir_string
 .data._usbd_qdef
                0x2000057c       0x24 CMakeFiles/oled_i2c.dir/C_/Raspberry/Pico/pico-sdk/lib/tinyusb/src/device/usbd.c.obj
                0x2000057c                _usbd_qdef
 .data.i2c0_inst
                0x200005a0        0x8 CMakeFiles/oled_i2c.dir/C_/Raspberry/Pico/pico-sdk/src/rp2_common/hardware_i2c/i2c.c.obj
                0x200005a0                i2c0_inst
                0x200005a8                . = ALIGN (0x4)
 *(.after_data.*)
                0x200005a8                . = ALIGN (0x4)
                0x200005a8                PROVIDE (__mutex_array_start = .)
 *(SORT_BY_NAME(.mutex_array.*))
 *(.mutex_array)
 .mutex_array   0x200005a8        0x8 CMakeFiles/oled_i2c.dir/C_/Raspberry/Pico/pico-sdk/src/rp2_common/pico_stdio/stdio.c.obj
                0x200005b0                PROVIDE (__mutex_array_end = .)
                0x200005b0                . = ALIGN (0x4)
                0x200005b0                PROVIDE (__preinit_array_start = .)
 *(SORT_BY_NAME(.preinit_array.*))
 .preinit_array.00001
                0x200005b0        0x4 CMakeFiles/oled_i2c.dir/C_/Raspberry/Pico/pico-sdk/src/rp2_common/pico_mem_ops/mem_ops_aeabi.S.obj
 .preinit_array.00010
                0x200005b4        0x4 CMakeFiles/oled_i2c.dir/C_/Raspberry/Pico/pico-sdk/src/rp2_common/pico_bit_ops/bit_ops_aeabi.S.obj
 .preinit_array.00020
                0x200005b8        0x4 CMakeFiles/oled_i2c.dir/C_/Raspberry/Pico/pico-sdk/src/rp2_common/pico_double/double_aeabi.S.obj
 .preinit_array.00020
                0x200005bc        0x4 CMakeFiles/oled_i2c.dir/C_/Raspberry/Pico/pico-sdk/src/rp2_common/pico_float/float_aeabi.S.obj
 *(.preinit_array)
                0x200005c0                PROVIDE (__preinit_array_end = .)
                0x200005c0                . = ALIGN (0x4)
                0x200005c0                PROVIDE (__init_array_start = .)
 *(SORT_BY_NAME(.init_array.*))
 *(.init_array)
 .init_array    0x200005c0        0x4 c:/progra~2/gnuarm~1/102021~1.07/bin/../lib/gcc/arm-none-eabi/10.3.1/thumb/v6-m/nofp/crtbegin.o
 .init_array    0x200005c4        0x4 CMakeFiles/oled_i2c.dir/C_/Raspberry/Pico/pico-sdk/src/rp2_common/pico_unique_id/unique_id.c.obj
                0x200005c8                PROVIDE (__init_array_end = .)
                0x200005c8                . = ALIGN (0x4)
                [!provide]                PROVIDE (__fini_array_start = .)
 *(SORT_BY_NAME(.fini_array.*))
 *(.fini_array)
                [!provide]                PROVIDE (__fini_array_end = .)
 *(.jcr)
                0x200005c8                . = ALIGN (0x4)
                0x200005c8                __data_end__ = .

.igot.plt       0x200005c8        0x0 load address 0x10009198
 .igot.plt      0x200005c8        0x0 c:/progra~2/gnuarm~1/102021~1.07/bin/../lib/gcc/arm-none-eabi/10.3.1/thumb/v6-m/nofp/crtbegin.o

.uninitialized_data